                              1 ;--------------------------------------------------------
                              2 ; File Created by SDCC : FreeWare ANSI-C Compiler
                              3 ; Version 2.3.1 Wed Sep 04 21:56:22 2019
                              4 
                              5 ;--------------------------------------------------------
                              6 	.module _mullong
                              7 	
                              8 ;--------------------------------------------------------
                              9 ; Public variables in this module
                             10 ;--------------------------------------------------------
                             11 	.globl __mulslong
                             12 	.globl __mululong
                             13 ;--------------------------------------------------------
                             14 ; special function registers
                             15 ;--------------------------------------------------------
                             16 ;--------------------------------------------------------
                             17 ; special function bits 
                             18 ;--------------------------------------------------------
                             19 ;--------------------------------------------------------
                             20 ; internal ram data
                             21 ;--------------------------------------------------------
                             22 	.area _DATA
                             23 ;--------------------------------------------------------
                             24 ; overlayable items in internal ram 
                             25 ;--------------------------------------------------------
                             26 	.area _OVERLAY
                             27 ;--------------------------------------------------------
                             28 ; indirectly addressable internal ram data
                             29 ;--------------------------------------------------------
                             30 	.area _ISEG
                             31 ;--------------------------------------------------------
                             32 ; bit data
                             33 ;--------------------------------------------------------
                             34 	.area _BSEG
                             35 ;--------------------------------------------------------
                             36 ; external ram data
                             37 ;--------------------------------------------------------
                             38 	.area _XSEG
                             39 ;--------------------------------------------------------
                             40 ; global & static initialisations
                             41 ;--------------------------------------------------------
                             42 	.area _GSINIT
                             43 	.area _GSFINAL
                             44 	.area _GSINIT
                             45 ;--------------------------------------------------------
                             46 ; Home
                             47 ;--------------------------------------------------------
                             48 	.area _HOME
                             49 	.area _CODE
                             50 ;--------------------------------------------------------
                             51 ; code
                             52 ;--------------------------------------------------------
                             53 	.area _CODE
                             54 ;	_mullong.c 505
                             55 ;	genLabel
                             56 ;	genFunction
                             57 ;	---------------------------------
                             58 ; Function _mululong
                             59 ; ---------------------------------
   0000                      60 ____mululong_start:
   0000                      61 __mululong:
   0000 E8 D9                62 	lda	sp,-39(sp)
                             63 ;	_mullong.c 509
                             64 ;	genAddrOf
   0002 F8 23                65 	lda	hl,35(sp)
   0004 4D                   66 	ld	c,l
   0005 44                   67 	ld	b,h
                             68 ;	genPlus
                             69 ;	AOP_STK for __mululong_sloc0_1_0
                             70 ;	genPlusIncr
                             71 ;	Can't optimise plus by inc, falling back to the normal way
   0006 21 02 00             72 	ld	hl,#0x0002
   0009 09                   73 	add	hl,bc
   000A 7D                   74 	ld	a,l
   000B 54                   75 	ld	d,h
   000C F8 21                76 	lda	hl,33(sp)
   000E 22                   77 	ld	(hl+),a
   000F 72                   78 	ld	(hl),d
                             79 ;	genAddrOf
                             80 ;	AOP_STK for __mululong_sloc1_1_0
   0010 F8 29                81 	lda	hl,41(sp)
   0012 7D                   82 	ld	a,l
   0013 54                   83 	ld	d,h
   0014 F8 1F                84 	lda	hl,31(sp)
                             85 ;	genPointerGet
                             86 ;	AOP_STK for __mululong_sloc1_1_0
                             87 ;	AOP_STK for __mululong_sloc2_1_0
   0016 22                   88 	ld	(hl+),a
   0017 72                   89 	ld	(hl),d
   0018 5F                   90 	ld	e,a
   0019 1A                   91 	ld	a,(de)
   001A 2B                   92 	dec	hl
   001B 2B                   93 	dec	hl
   001C 77                   94 	ld	(hl),a
                             95 ;	genAddrOf
                             96 ;	AOP_STK for __mululong_sloc3_1_0
   001D F8 2D                97 	lda	hl,45(sp)
   001F 7D                   98 	ld	a,l
   0020 54                   99 	ld	d,h
   0021 F8 1C               100 	lda	hl,28(sp)
   0023 22                  101 	ld	(hl+),a
   0024 72                  102 	ld	(hl),d
                            103 ;	genPlus
                            104 ;	AOP_STK for __mululong_sloc3_1_0
                            105 ;	AOP_STK for __mululong_sloc4_1_0
                            106 ;	genPlusIncr
                            107 ;	Can't optimise plus by inc, falling back to the normal way
   0025 2B                  108 	dec	hl
   0026 5E                  109 	ld	e,(hl)
   0027 23                  110 	inc	hl
   0028 56                  111 	ld	d,(hl)
   0029 21 02 00            112 	ld	hl,#0x0002
   002C 19                  113 	add	hl,de
   002D 7D                  114 	ld	a,l
   002E 54                  115 	ld	d,h
   002F F8 1A               116 	lda	hl,26(sp)
                            117 ;	genPointerGet
                            118 ;	AOP_STK for __mululong_sloc4_1_0
                            119 ;	AOP_STK for __mululong_sloc5_1_0
   0031 22                  120 	ld	(hl+),a
   0032 72                  121 	ld	(hl),d
   0033 5F                  122 	ld	e,a
   0034 1A                  123 	ld	a,(de)
   0035 2B                  124 	dec	hl
   0036 2B                  125 	dec	hl
   0037 77                  126 	ld	(hl),a
                            127 ;	genIpush
                            128 ; _saveRegsForCall: sendSetSize: 0 deInUse: 0 bcInUse: 1 deSending: 0
   0038 C5                  129 	push	bc
                            130 ;	AOP_STK for __mululong_sloc5_1_0
   0039 7E                  131 	ld	a,(hl)
   003A F5                  132 	push	af
   003B 33                  133 	inc	sp
                            134 ;	genIpush
                            135 ;	AOP_STK for __mululong_sloc2_1_0
   003C F8 21               136 	lda	hl,33(sp)
   003E 7E                  137 	ld	a,(hl)
   003F F5                  138 	push	af
   0040 33                  139 	inc	sp
                            140 ;	genCall
   0041 CDr00s00            141 	call	__muluchar_rrx_s
                            142 ;	AOP_STK for __mululong_sloc6_1_0
   0044 F8 1C               143 	lda	hl,28(sp)
   0046 72                  144 	ld	(hl),d
   0047 2B                  145 	dec	hl
   0048 73                  146 	ld	(hl),e
   0049 E8 02               147 	lda	sp,2(sp)
   004B C1                  148 	pop	bc
                            149 ;	genAssign (pointer)
                            150 ;	AOP_STK for __mululong_sloc0_1_0
                            151 ;	AOP_STK for __mululong_sloc6_1_0
   004C F8 21               152 	lda	hl,33(sp)
   004E 5E                  153 	ld	e,(hl)
   004F 23                  154 	inc	hl
   0050 56                  155 	ld	d,(hl)
   0051 F8 17               156 	lda	hl,23(sp)
   0053 7E                  157 	ld	a,(hl)
   0054 12                  158 	ld	(de),a
   0055 13                  159 	inc	de
   0056 23                  160 	inc	hl
   0057 7E                  161 	ld	a,(hl)
   0058 12                  162 	ld	(de),a
                            163 ;	_mullong.c 510
                            164 ;	genPointerGet
                            165 ;	AOP_STK for __mululong_sloc3_1_0
                            166 ;	AOP_STK for __mululong_sloc6_1_0
   0059 F8 1C               167 	lda	hl,28(sp)
   005B 5E                  168 	ld	e,(hl)
   005C 23                  169 	inc	hl
   005D 56                  170 	ld	d,(hl)
   005E 1A                  171 	ld	a,(de)
   005F F8 17               172 	lda	hl,23(sp)
   0061 77                  173 	ld	(hl),a
                            174 ;	genIpush
                            175 ; _saveRegsForCall: sendSetSize: 0 deInUse: 0 bcInUse: 1 deSending: 0
   0062 C5                  176 	push	bc
                            177 ;	AOP_STK for __mululong_sloc6_1_0
   0063 7E                  178 	ld	a,(hl)
   0064 F5                  179 	push	af
   0065 33                  180 	inc	sp
                            181 ;	genIpush
                            182 ;	AOP_STK for __mululong_sloc2_1_0
   0066 F8 21               183 	lda	hl,33(sp)
   0068 7E                  184 	ld	a,(hl)
   0069 F5                  185 	push	af
   006A 33                  186 	inc	sp
                            187 ;	genCall
   006B CDr00s00            188 	call	__muluchar_rrx_s
                            189 ;	AOP_STK for __mululong_sloc7_1_0
   006E F8 1A               190 	lda	hl,26(sp)
   0070 72                  191 	ld	(hl),d
   0071 2B                  192 	dec	hl
   0072 73                  193 	ld	(hl),e
   0073 E8 02               194 	lda	sp,2(sp)
   0075 C1                  195 	pop	bc
                            196 ;	genAssign (pointer)
                            197 ;	AOP_STK for __mululong_sloc7_1_0
   0076 59                  198 	ld	e,c
   0077 50                  199 	ld	d,b
   0078 F8 15               200 	lda	hl,21(sp)
   007A 7E                  201 	ld	a,(hl)
   007B 12                  202 	ld	(de),a
   007C 13                  203 	inc	de
   007D 23                  204 	inc	hl
   007E 7E                  205 	ld	a,(hl)
   007F 12                  206 	ld	(de),a
                            207 ;	_mullong.c 511
                            208 ;	genInline
                            209 		;johan 
                            210 ;	_mullong.c 512
                            211 ;	genPlus
                            212 ;	AOP_STK for __mululong_sloc7_1_0
                            213 ;	genPlusIncr
                            214 ;	Can't optimise plus by inc, falling back to the normal way
   0080 21 03 00            215 	ld	hl,#0x0003
   0083 09                  216 	add	hl,bc
   0084 7D                  217 	ld	a,l
   0085 54                  218 	ld	d,h
   0086 F8 15               219 	lda	hl,21(sp)
                            220 ;	genPointerGet
                            221 ;	AOP_STK for __mululong_sloc7_1_0
                            222 ;	AOP_STK for __mululong_sloc5_1_0
   0088 22                  223 	ld	(hl+),a
   0089 72                  224 	ld	(hl),d
   008A 5F                  225 	ld	e,a
   008B 1A                  226 	ld	a,(de)
   008C F8 19               227 	lda	hl,25(sp)
   008E 77                  228 	ld	(hl),a
                            229 ;	genPlus
                            230 ;	AOP_STK for __mululong_sloc1_1_0
                            231 ;	AOP_STK for __mululong_sloc8_1_0
                            232 ;	genPlusIncr
                            233 ;	Can't optimise plus by inc, falling back to the normal way
   008F F8 1F               234 	lda	hl,31(sp)
   0091 5E                  235 	ld	e,(hl)
   0092 23                  236 	inc	hl
   0093 56                  237 	ld	d,(hl)
   0094 21 03 00            238 	ld	hl,#0x0003
   0097 19                  239 	add	hl,de
   0098 7D                  240 	ld	a,l
   0099 54                  241 	ld	d,h
   009A F8 13               242 	lda	hl,19(sp)
                            243 ;	genPointerGet
                            244 ;	AOP_STK for __mululong_sloc8_1_0
                            245 ;	AOP_STK for __mululong_sloc9_1_0
   009C 22                  246 	ld	(hl+),a
   009D 72                  247 	ld	(hl),d
   009E 5F                  248 	ld	e,a
   009F 1A                  249 	ld	a,(de)
   00A0 2B                  250 	dec	hl
   00A1 2B                  251 	dec	hl
   00A2 77                  252 	ld	(hl),a
                            253 ;	_mullong.c 513
                            254 ;	genIpush
                            255 ; _saveRegsForCall: sendSetSize: 0 deInUse: 0 bcInUse: 1 deSending: 0
   00A3 C5                  256 	push	bc
                            257 ;	AOP_STK for __mululong_sloc6_1_0
   00A4 F8 19               258 	lda	hl,25(sp)
   00A6 7E                  259 	ld	a,(hl)
   00A7 F5                  260 	push	af
   00A8 33                  261 	inc	sp
                            262 ;	genIpush
                            263 ;	AOP_STK for __mululong_sloc9_1_0
   00A9 F8 15               264 	lda	hl,21(sp)
   00AB 7E                  265 	ld	a,(hl)
   00AC F5                  266 	push	af
   00AD 33                  267 	inc	sp
                            268 ;	genCall
   00AE CDr00s00            269 	call	__muluchar_rrx_s
                            270 ;	AOP_STK for __mululong_sloc10_1_0
   00B1 F8 15               271 	lda	hl,21(sp)
   00B3 72                  272 	ld	(hl),d
   00B4 2B                  273 	dec	hl
   00B5 73                  274 	ld	(hl),e
   00B6 E8 02               275 	lda	sp,2(sp)
   00B8 C1                  276 	pop	bc
                            277 ;	genCast
                            278 ;	AOP_STK for __mululong_sloc5_1_0
                            279 ;	AOP_STK for __mululong_sloc11_1_0
   00B9 F8 19               280 	lda	hl,25(sp)
   00BB 7E                  281 	ld	a,(hl)
   00BC F8 0E               282 	lda	hl,14(sp)
   00BE 22                  283 	ld	(hl+),a
   00BF 36 00               284 	ld	(hl),#0x00
                            285 ;	genPlus
                            286 ;	AOP_STK for __mululong_sloc11_1_0
                            287 ;	AOP_STK for __mululong_sloc10_1_0
                            288 ;	AOP_STK for __mululong_sloc12_1_0
                            289 ;	Can't optimise plus by inc, falling back to the normal way
   00C1 2B                  290 	dec	hl
   00C2 5E                  291 	ld	e,(hl)
   00C3 23                  292 	inc	hl
   00C4 56                  293 	ld	d,(hl)
   00C5 23                  294 	inc	hl
   00C6 2A                  295 	ld	a,(hl+)
   00C7 66                  296 	ld	h,(hl)
   00C8 6F                  297 	ld	l,a
   00C9 19                  298 	add	hl,de
   00CA 7D                  299 	ld	a,l
   00CB 54                  300 	ld	d,h
   00CC F8 0C               301 	lda	hl,12(sp)
   00CE 22                  302 	ld	(hl+),a
   00CF 72                  303 	ld	(hl),d
                            304 ;	genCast
                            305 ;	AOP_STK for __mululong_sloc12_1_0
   00D0 2B                  306 	dec	hl
   00D1 7E                  307 	ld	a,(hl)
                            308 ;	genAssign (pointer)
                            309 ;	AOP_STK for __mululong_sloc7_1_0
   00D2 F8 15               310 	lda	hl,21(sp)
   00D4 5E                  311 	ld	e,(hl)
   00D5 23                  312 	inc	hl
   00D6 56                  313 	ld	d,(hl)
   00D7 12                  314 	ld	(de),a
                            315 ;	_mullong.c 514
                            316 ;	genPointerGet
                            317 ;	AOP_STK for __mululong_sloc7_1_0
                            318 ;	AOP_STK for __mululong_sloc12_1_0
   00D8 2B                  319 	dec	hl
   00D9 5E                  320 	ld	e,(hl)
   00DA 23                  321 	inc	hl
   00DB 56                  322 	ld	d,(hl)
   00DC 1A                  323 	ld	a,(de)
   00DD F8 0C               324 	lda	hl,12(sp)
   00DF 77                  325 	ld	(hl),a
                            326 ;	genPlus
                            327 ;	AOP_STK for __mululong_sloc1_1_0
                            328 ;	AOP_STK for __mululong_sloc11_1_0
                            329 ;	genPlusIncr
                            330 ;	Can't optimise plus by inc, falling back to the normal way
   00E0 F8 1F               331 	lda	hl,31(sp)
   00E2 5E                  332 	ld	e,(hl)
   00E3 23                  333 	inc	hl
   00E4 56                  334 	ld	d,(hl)
   00E5 21 02 00            335 	ld	hl,#0x0002
   00E8 19                  336 	add	hl,de
   00E9 7D                  337 	ld	a,l
   00EA 54                  338 	ld	d,h
   00EB F8 0E               339 	lda	hl,14(sp)
                            340 ;	genPointerGet
                            341 ;	AOP_STK for __mululong_sloc11_1_0
                            342 ;	AOP_STK for __mululong_sloc10_1_0
   00ED 22                  343 	ld	(hl+),a
   00EE 72                  344 	ld	(hl),d
   00EF 5F                  345 	ld	e,a
   00F0 1A                  346 	ld	a,(de)
   00F1 23                  347 	inc	hl
   00F2 77                  348 	ld	(hl),a
                            349 ;	_mullong.c 515
                            350 ;	genPlus
                            351 ;	AOP_STK for __mululong_sloc3_1_0
                            352 ;	AOP_STK for __mululong_sloc13_1_0
                            353 ;	genPlusIncr
                            354 ;	Can't optimise plus by inc, falling back to the normal way
   00F3 F8 1C               355 	lda	hl,28(sp)
   00F5 5E                  356 	ld	e,(hl)
   00F6 23                  357 	inc	hl
   00F7 56                  358 	ld	d,(hl)
   00F8 21 01 00            359 	ld	hl,#0x0001
   00FB 19                  360 	add	hl,de
   00FC 7D                  361 	ld	a,l
   00FD 54                  362 	ld	d,h
   00FE F8 0A               363 	lda	hl,10(sp)
                            364 ;	genPointerGet
                            365 ;	AOP_STK for __mululong_sloc13_1_0
                            366 ;	AOP_STK for __mululong_sloc9_1_0
   0100 22                  367 	ld	(hl+),a
   0101 72                  368 	ld	(hl),d
   0102 5F                  369 	ld	e,a
   0103 1A                  370 	ld	a,(de)
   0104 F8 12               371 	lda	hl,18(sp)
   0106 77                  372 	ld	(hl),a
                            373 ;	genIpush
                            374 ; _saveRegsForCall: sendSetSize: 0 deInUse: 0 bcInUse: 1 deSending: 0
   0107 C5                  375 	push	bc
                            376 ;	AOP_STK for __mululong_sloc9_1_0
   0108 7E                  377 	ld	a,(hl)
   0109 F5                  378 	push	af
   010A 33                  379 	inc	sp
                            380 ;	genIpush
                            381 ;	AOP_STK for __mululong_sloc10_1_0
   010B 2B                  382 	dec	hl
   010C 2B                  383 	dec	hl
   010D 7E                  384 	ld	a,(hl)
   010E F5                  385 	push	af
   010F 33                  386 	inc	sp
                            387 ;	genCall
   0110 CDr00s00            388 	call	__muluchar_rrx_s
                            389 ;	AOP_STK for __mululong_sloc10_1_0
   0113 F8 15               390 	lda	hl,21(sp)
   0115 72                  391 	ld	(hl),d
   0116 2B                  392 	dec	hl
   0117 73                  393 	ld	(hl),e
   0118 E8 02               394 	lda	sp,2(sp)
   011A C1                  395 	pop	bc
                            396 ;	genCast
                            397 ;	AOP_STK for __mululong_sloc12_1_0
                            398 ;	AOP_STK for __mululong_sloc14_1_0
   011B F8 0C               399 	lda	hl,12(sp)
   011D 7E                  400 	ld	a,(hl)
   011E F8 08               401 	lda	hl,8(sp)
   0120 22                  402 	ld	(hl+),a
   0121 36 00               403 	ld	(hl),#0x00
                            404 ;	genPlus
                            405 ;	AOP_STK for __mululong_sloc14_1_0
                            406 ;	AOP_STK for __mululong_sloc10_1_0
                            407 ;	AOP_STK for __mululong_sloc12_1_0
                            408 ;	Can't optimise plus by inc, falling back to the normal way
   0123 2B                  409 	dec	hl
   0124 5E                  410 	ld	e,(hl)
   0125 23                  411 	inc	hl
   0126 56                  412 	ld	d,(hl)
   0127 F8 10               413 	lda	hl,16(sp)
   0129 2A                  414 	ld	a,(hl+)
   012A 66                  415 	ld	h,(hl)
   012B 6F                  416 	ld	l,a
   012C 19                  417 	add	hl,de
   012D 7D                  418 	ld	a,l
   012E 54                  419 	ld	d,h
   012F F8 0C               420 	lda	hl,12(sp)
   0131 22                  421 	ld	(hl+),a
   0132 72                  422 	ld	(hl),d
                            423 ;	genCast
                            424 ;	AOP_STK for __mululong_sloc12_1_0
   0133 2B                  425 	dec	hl
   0134 7E                  426 	ld	a,(hl)
                            427 ;	genAssign (pointer)
                            428 ;	AOP_STK for __mululong_sloc7_1_0
   0135 F8 15               429 	lda	hl,21(sp)
   0137 5E                  430 	ld	e,(hl)
   0138 23                  431 	inc	hl
   0139 56                  432 	ld	d,(hl)
   013A 12                  433 	ld	(de),a
                            434 ;	_mullong.c 516
                            435 ;	genPointerGet
                            436 ;	AOP_STK for __mululong_sloc0_1_0
                            437 ;	AOP_STK for __mululong_sloc14_1_0
   013B F8 21               438 	lda	hl,33(sp)
   013D 5E                  439 	ld	e,(hl)
   013E 23                  440 	inc	hl
   013F 56                  441 	ld	d,(hl)
   0140 1A                  442 	ld	a,(de)
   0141 F8 08               443 	lda	hl,8(sp)
   0143 77                  444 	ld	(hl),a
   0144 13                  445 	inc	de
   0145 1A                  446 	ld	a,(de)
   0146 23                  447 	inc	hl
   0147 77                  448 	ld	(hl),a
                            449 ;	genPointerGet
                            450 ;	AOP_STK for __mululong_sloc11_1_0
                            451 ;	AOP_STK for __mululong_sloc12_1_0
   0148 F8 0E               452 	lda	hl,14(sp)
   014A 5E                  453 	ld	e,(hl)
   014B 23                  454 	inc	hl
   014C 56                  455 	ld	d,(hl)
   014D 1A                  456 	ld	a,(de)
   014E F8 0C               457 	lda	hl,12(sp)
   0150 77                  458 	ld	(hl),a
                            459 ;	genIpush
                            460 ; _saveRegsForCall: sendSetSize: 0 deInUse: 0 bcInUse: 1 deSending: 0
   0151 C5                  461 	push	bc
                            462 ;	AOP_STK for __mululong_sloc6_1_0
   0152 F8 19               463 	lda	hl,25(sp)
   0154 7E                  464 	ld	a,(hl)
   0155 F5                  465 	push	af
   0156 33                  466 	inc	sp
                            467 ;	genIpush
                            468 ;	AOP_STK for __mululong_sloc12_1_0
   0157 F8 0F               469 	lda	hl,15(sp)
   0159 7E                  470 	ld	a,(hl)
   015A F5                  471 	push	af
   015B 33                  472 	inc	sp
                            473 ;	genCall
   015C CDr00s00            474 	call	__muluchar_rrx_s
                            475 ;	AOP_STK for __mululong_sloc12_1_0
   015F F8 11               476 	lda	hl,17(sp)
   0161 72                  477 	ld	(hl),d
   0162 2B                  478 	dec	hl
   0163 73                  479 	ld	(hl),e
   0164 E8 02               480 	lda	sp,2(sp)
   0166 C1                  481 	pop	bc
                            482 ;	genPlus
                            483 ;	AOP_STK for __mululong_sloc14_1_0
                            484 ;	AOP_STK for __mululong_sloc12_1_0
                            485 ;	AOP_STK for __mululong_sloc11_1_0
                            486 ;	Can't optimise plus by inc, falling back to the normal way
   0167 F8 08               487 	lda	hl,8(sp)
   0169 5E                  488 	ld	e,(hl)
   016A 23                  489 	inc	hl
   016B 56                  490 	ld	d,(hl)
   016C F8 0C               491 	lda	hl,12(sp)
   016E 2A                  492 	ld	a,(hl+)
   016F 66                  493 	ld	h,(hl)
   0170 6F                  494 	ld	l,a
   0171 19                  495 	add	hl,de
   0172 7D                  496 	ld	a,l
   0173 54                  497 	ld	d,h
   0174 F8 0E               498 	lda	hl,14(sp)
   0176 22                  499 	ld	(hl+),a
   0177 72                  500 	ld	(hl),d
                            501 ;	genAssign (pointer)
                            502 ;	AOP_STK for __mululong_sloc0_1_0
                            503 ;	AOP_STK for __mululong_sloc11_1_0
   0178 F8 21               504 	lda	hl,33(sp)
   017A 5E                  505 	ld	e,(hl)
   017B 23                  506 	inc	hl
   017C 56                  507 	ld	d,(hl)
   017D F8 0E               508 	lda	hl,14(sp)
   017F 7E                  509 	ld	a,(hl)
   0180 12                  510 	ld	(de),a
   0181 13                  511 	inc	de
   0182 23                  512 	inc	hl
   0183 7E                  513 	ld	a,(hl)
   0184 12                  514 	ld	(de),a
                            515 ;	_mullong.c 518
                            516 ;	genPointerGet
                            517 ;	AOP_STK for __mululong_sloc0_1_0
                            518 ;	AOP_STK for __mululong_sloc14_1_0
   0185 F8 21               519 	lda	hl,33(sp)
   0187 5E                  520 	ld	e,(hl)
   0188 23                  521 	inc	hl
   0189 56                  522 	ld	d,(hl)
   018A 1A                  523 	ld	a,(de)
   018B F8 08               524 	lda	hl,8(sp)
   018D 77                  525 	ld	(hl),a
   018E 13                  526 	inc	de
   018F 1A                  527 	ld	a,(de)
   0190 23                  528 	inc	hl
   0191 77                  529 	ld	(hl),a
                            530 ;	genPlus
                            531 ;	AOP_STK for __mululong_sloc1_1_0
                            532 ;	AOP_STK for __mululong_sloc12_1_0
                            533 ;	genPlusIncr
                            534 ;	Can't optimise plus by inc, falling back to the normal way
   0192 F8 1F               535 	lda	hl,31(sp)
   0194 5E                  536 	ld	e,(hl)
   0195 23                  537 	inc	hl
   0196 56                  538 	ld	d,(hl)
   0197 21 01 00            539 	ld	hl,#0x0001
   019A 19                  540 	add	hl,de
   019B 7D                  541 	ld	a,l
   019C 54                  542 	ld	d,h
   019D F8 0C               543 	lda	hl,12(sp)
                            544 ;	genPointerGet
                            545 ;	AOP_STK for __mululong_sloc12_1_0
                            546 ;	AOP_STK for __mululong_sloc11_1_0
   019F 22                  547 	ld	(hl+),a
   01A0 72                  548 	ld	(hl),d
   01A1 5F                  549 	ld	e,a
   01A2 1A                  550 	ld	a,(de)
   01A3 23                  551 	inc	hl
   01A4 77                  552 	ld	(hl),a
                            553 ;	genPointerGet
                            554 ;	AOP_STK for __mululong_sloc13_1_0
                            555 ;	AOP_STK for __mululong_sloc10_1_0
   01A5 F8 0A               556 	lda	hl,10(sp)
   01A7 5E                  557 	ld	e,(hl)
   01A8 23                  558 	inc	hl
   01A9 56                  559 	ld	d,(hl)
   01AA 1A                  560 	ld	a,(de)
   01AB F8 10               561 	lda	hl,16(sp)
   01AD 77                  562 	ld	(hl),a
                            563 ;	genIpush
                            564 ; _saveRegsForCall: sendSetSize: 0 deInUse: 0 bcInUse: 1 deSending: 0
   01AE C5                  565 	push	bc
                            566 ;	AOP_STK for __mululong_sloc10_1_0
   01AF 7E                  567 	ld	a,(hl)
   01B0 F5                  568 	push	af
   01B1 33                  569 	inc	sp
                            570 ;	genIpush
                            571 ;	AOP_STK for __mululong_sloc11_1_0
   01B2 2B                  572 	dec	hl
   01B3 2B                  573 	dec	hl
   01B4 7E                  574 	ld	a,(hl)
   01B5 F5                  575 	push	af
   01B6 33                  576 	inc	sp
                            577 ;	genCall
   01B7 CDr00s00            578 	call	__muluchar_rrx_s
                            579 ;	AOP_STK for __mululong_sloc13_1_0
   01BA F8 0F               580 	lda	hl,15(sp)
   01BC 72                  581 	ld	(hl),d
   01BD 2B                  582 	dec	hl
   01BE 73                  583 	ld	(hl),e
   01BF E8 02               584 	lda	sp,2(sp)
   01C1 C1                  585 	pop	bc
                            586 ;	genPlus
                            587 ;	AOP_STK for __mululong_sloc14_1_0
                            588 ;	AOP_STK for __mululong_sloc13_1_0
                            589 ;	AOP_STK for __mululong_sloc11_1_0
                            590 ;	Can't optimise plus by inc, falling back to the normal way
   01C2 F8 08               591 	lda	hl,8(sp)
   01C4 5E                  592 	ld	e,(hl)
   01C5 23                  593 	inc	hl
   01C6 56                  594 	ld	d,(hl)
   01C7 23                  595 	inc	hl
   01C8 2A                  596 	ld	a,(hl+)
   01C9 66                  597 	ld	h,(hl)
   01CA 6F                  598 	ld	l,a
   01CB 19                  599 	add	hl,de
   01CC 7D                  600 	ld	a,l
   01CD 54                  601 	ld	d,h
   01CE F8 0E               602 	lda	hl,14(sp)
   01D0 22                  603 	ld	(hl+),a
   01D1 72                  604 	ld	(hl),d
                            605 ;	genAssign (pointer)
                            606 ;	AOP_STK for __mululong_sloc0_1_0
                            607 ;	AOP_STK for __mululong_sloc11_1_0
   01D2 F8 21               608 	lda	hl,33(sp)
   01D4 5E                  609 	ld	e,(hl)
   01D5 23                  610 	inc	hl
   01D6 56                  611 	ld	d,(hl)
   01D7 F8 0E               612 	lda	hl,14(sp)
   01D9 7E                  613 	ld	a,(hl)
   01DA 12                  614 	ld	(de),a
   01DB 13                  615 	inc	de
   01DC 23                  616 	inc	hl
   01DD 7E                  617 	ld	a,(hl)
   01DE 12                  618 	ld	(de),a
                            619 ;	_mullong.c 520
                            620 ;	genPointerGet
                            621 ;	AOP_STK for __mululong_sloc12_1_0
                            622 ;	AOP_STK for __mululong_sloc14_1_0
   01DF F8 0C               623 	lda	hl,12(sp)
   01E1 5E                  624 	ld	e,(hl)
   01E2 23                  625 	inc	hl
   01E3 56                  626 	ld	d,(hl)
   01E4 1A                  627 	ld	a,(de)
   01E5 F8 08               628 	lda	hl,8(sp)
   01E7 77                  629 	ld	(hl),a
                            630 ;	_mullong.c 521
                            631 ;	genPointerGet
                            632 ;	AOP_STK for __mululong_sloc4_1_0
                            633 ;	AOP_STK for __mululong_sloc13_1_0
   01E8 F8 1A               634 	lda	hl,26(sp)
   01EA 5E                  635 	ld	e,(hl)
   01EB 23                  636 	inc	hl
   01EC 56                  637 	ld	d,(hl)
   01ED 1A                  638 	ld	a,(de)
   01EE F8 0A               639 	lda	hl,10(sp)
   01F0 77                  640 	ld	(hl),a
                            641 ;	genIpush
                            642 ; _saveRegsForCall: sendSetSize: 0 deInUse: 0 bcInUse: 1 deSending: 0
   01F1 C5                  643 	push	bc
                            644 ;	AOP_STK for __mululong_sloc13_1_0
   01F2 7E                  645 	ld	a,(hl)
   01F3 F5                  646 	push	af
   01F4 33                  647 	inc	sp
                            648 ;	genIpush
                            649 ;	AOP_STK for __mululong_sloc14_1_0
   01F5 2B                  650 	dec	hl
   01F6 2B                  651 	dec	hl
   01F7 7E                  652 	ld	a,(hl)
   01F8 F5                  653 	push	af
   01F9 33                  654 	inc	sp
                            655 ;	genCall
   01FA CDr00s00            656 	call	__muluchar_rrx_s
                            657 ;	AOP_STK for __mululong_sloc14_1_0
   01FD F8 0D               658 	lda	hl,13(sp)
   01FF 72                  659 	ld	(hl),d
   0200 2B                  660 	dec	hl
   0201 73                  661 	ld	(hl),e
   0202 E8 02               662 	lda	sp,2(sp)
   0204 C1                  663 	pop	bc
                            664 ;	genCast
                            665 ;	AOP_STK for __mululong_sloc14_1_0
   0205 F8 08               666 	lda	hl,8(sp)
   0207 7E                  667 	ld	a,(hl)
                            668 ;	genAssign (pointer)
                            669 ;	AOP_STK for __mululong_sloc8_1_0
   0208 F8 13               670 	lda	hl,19(sp)
   020A 5E                  671 	ld	e,(hl)
   020B 23                  672 	inc	hl
   020C 56                  673 	ld	d,(hl)
   020D 12                  674 	ld	(de),a
                            675 ;	_mullong.c 522
                            676 ;	genPlus
                            677 ;	AOP_STK for __mululong_sloc1_1_0
                            678 ;	AOP_STK for __mululong_sloc14_1_0
                            679 ;	genPlusIncr
                            680 ;	Can't optimise plus by inc, falling back to the normal way
   020E F8 1F               681 	lda	hl,31(sp)
   0210 5E                  682 	ld	e,(hl)
   0211 23                  683 	inc	hl
   0212 56                  684 	ld	d,(hl)
   0213 21 01 00            685 	ld	hl,#0x0001
   0216 19                  686 	add	hl,de
   0217 7D                  687 	ld	a,l
   0218 54                  688 	ld	d,h
   0219 F8 08               689 	lda	hl,8(sp)
   021B 22                  690 	ld	(hl+),a
   021C 72                  691 	ld	(hl),d
                            692 ;	genPlus
                            693 ;	AOP_STK for __mululong_sloc1_1_0
                            694 ;	AOP_STK for __mululong_sloc13_1_0
                            695 ;	genPlusIncr
                            696 ;	Can't optimise plus by inc, falling back to the normal way
   021D F8 1F               697 	lda	hl,31(sp)
   021F 5E                  698 	ld	e,(hl)
   0220 23                  699 	inc	hl
   0221 56                  700 	ld	d,(hl)
   0222 21 01 00            701 	ld	hl,#0x0001
   0225 19                  702 	add	hl,de
   0226 7D                  703 	ld	a,l
   0227 54                  704 	ld	d,h
   0228 F8 0A               705 	lda	hl,10(sp)
                            706 ;	genPointerGet
                            707 ;	AOP_STK for __mululong_sloc13_1_0
                            708 ;	AOP_STK for __mululong_sloc12_1_0
   022A 22                  709 	ld	(hl+),a
   022B 72                  710 	ld	(hl),d
   022C 5F                  711 	ld	e,a
   022D 1A                  712 	ld	a,(de)
   022E 23                  713 	inc	hl
   022F 77                  714 	ld	(hl),a
                            715 ;	_mullong.c 523
                            716 ;	genIpush
                            717 ; _saveRegsForCall: sendSetSize: 0 deInUse: 0 bcInUse: 1 deSending: 0
   0230 C5                  718 	push	bc
                            719 ;	AOP_STK for __mululong_sloc6_1_0
   0231 F8 19               720 	lda	hl,25(sp)
   0233 7E                  721 	ld	a,(hl)
   0234 F5                  722 	push	af
   0235 33                  723 	inc	sp
                            724 ;	genIpush
                            725 ;	AOP_STK for __mululong_sloc12_1_0
   0236 F8 0F               726 	lda	hl,15(sp)
   0238 7E                  727 	ld	a,(hl)
   0239 F5                  728 	push	af
   023A 33                  729 	inc	sp
                            730 ;	genCall
   023B CDr00s00            731 	call	__muluchar_rrx_s
                            732 ;	AOP_STK for __mululong_sloc13_1_0
   023E F8 0F               733 	lda	hl,15(sp)
   0240 72                  734 	ld	(hl),d
   0241 2B                  735 	dec	hl
   0242 73                  736 	ld	(hl),e
   0243 E8 02               737 	lda	sp,2(sp)
   0245 C1                  738 	pop	bc
                            739 ;	genAssign (pointer)
                            740 ;	AOP_STK for __mululong_sloc14_1_0
                            741 ;	AOP_STK for __mululong_sloc13_1_0
   0246 F8 08               742 	lda	hl,8(sp)
   0248 5E                  743 	ld	e,(hl)
   0249 23                  744 	inc	hl
   024A 56                  745 	ld	d,(hl)
   024B 23                  746 	inc	hl
   024C 7E                  747 	ld	a,(hl)
   024D 12                  748 	ld	(de),a
   024E 13                  749 	inc	de
   024F 23                  750 	inc	hl
   0250 7E                  751 	ld	a,(hl)
   0251 12                  752 	ld	(de),a
                            753 ;	_mullong.c 525
                            754 ;	genPlus
                            755 ;	AOP_STK for __mululong_sloc3_1_0
                            756 ;	AOP_STK for __mululong_sloc14_1_0
                            757 ;	genPlusIncr
                            758 ;	Can't optimise plus by inc, falling back to the normal way
   0252 F8 1C               759 	lda	hl,28(sp)
   0254 5E                  760 	ld	e,(hl)
   0255 23                  761 	inc	hl
   0256 56                  762 	ld	d,(hl)
   0257 21 03 00            763 	ld	hl,#0x0003
   025A 19                  764 	add	hl,de
   025B 7D                  765 	ld	a,l
   025C 54                  766 	ld	d,h
   025D F8 08               767 	lda	hl,8(sp)
                            768 ;	_mullong.c 526
                            769 ;	genPointerGet
                            770 ;	AOP_STK for __mululong_sloc14_1_0
                            771 ;	AOP_STK for __mululong_sloc13_1_0
   025F 22                  772 	ld	(hl+),a
   0260 72                  773 	ld	(hl),d
   0261 5F                  774 	ld	e,a
   0262 1A                  775 	ld	a,(de)
   0263 23                  776 	inc	hl
   0264 77                  777 	ld	(hl),a
                            778 ;	genIpush
                            779 ; _saveRegsForCall: sendSetSize: 0 deInUse: 0 bcInUse: 1 deSending: 0
   0265 C5                  780 	push	bc
                            781 ;	AOP_STK for __mululong_sloc13_1_0
   0266 7E                  782 	ld	a,(hl)
   0267 F5                  783 	push	af
   0268 33                  784 	inc	sp
                            785 ;	genIpush
                            786 ;	AOP_STK for __mululong_sloc2_1_0
   0269 F8 21               787 	lda	hl,33(sp)
   026B 7E                  788 	ld	a,(hl)
   026C F5                  789 	push	af
   026D 33                  790 	inc	sp
                            791 ;	genCall
   026E CDr00s00            792 	call	__muluchar_rrx_s
                            793 ;	AOP_STK for __mululong_sloc13_1_0
   0271 F8 0F               794 	lda	hl,15(sp)
   0273 72                  795 	ld	(hl),d
   0274 2B                  796 	dec	hl
   0275 73                  797 	ld	(hl),e
   0276 E8 02               798 	lda	sp,2(sp)
   0278 C1                  799 	pop	bc
                            800 ;	genCast
                            801 ;	AOP_STK for __mululong_sloc13_1_0
   0279 F8 0A               802 	lda	hl,10(sp)
   027B 7E                  803 	ld	a,(hl)
                            804 ;	genAssign (pointer)
                            805 ;	AOP_STK for __mululong_sloc14_1_0
   027C 2B                  806 	dec	hl
   027D 2B                  807 	dec	hl
   027E 5E                  808 	ld	e,(hl)
   027F 23                  809 	inc	hl
   0280 56                  810 	ld	d,(hl)
   0281 12                  811 	ld	(de),a
                            812 ;	_mullong.c 527
                            813 ;	genPlus
                            814 ;	AOP_STK for __mululong_sloc3_1_0
                            815 ;	AOP_STK for __mululong_sloc14_1_0
                            816 ;	genPlusIncr
                            817 ;	Can't optimise plus by inc, falling back to the normal way
   0282 F8 1C               818 	lda	hl,28(sp)
   0284 5E                  819 	ld	e,(hl)
   0285 23                  820 	inc	hl
   0286 56                  821 	ld	d,(hl)
   0287 21 01 00            822 	ld	hl,#0x0001
   028A 19                  823 	add	hl,de
   028B 7D                  824 	ld	a,l
   028C 54                  825 	ld	d,h
   028D F8 08               826 	lda	hl,8(sp)
   028F 22                  827 	ld	(hl+),a
   0290 72                  828 	ld	(hl),d
                            829 ;	_mullong.c 528
                            830 ;	genPlus
                            831 ;	AOP_STK for __mululong_sloc3_1_0
                            832 ;	AOP_STK for __mululong_sloc13_1_0
                            833 ;	genPlusIncr
                            834 ;	Can't optimise plus by inc, falling back to the normal way
   0291 F8 1C               835 	lda	hl,28(sp)
   0293 5E                  836 	ld	e,(hl)
   0294 23                  837 	inc	hl
   0295 56                  838 	ld	d,(hl)
   0296 21 01 00            839 	ld	hl,#0x0001
   0299 19                  840 	add	hl,de
   029A 7D                  841 	ld	a,l
   029B 54                  842 	ld	d,h
   029C F8 0A               843 	lda	hl,10(sp)
                            844 ;	genPointerGet
                            845 ;	AOP_STK for __mululong_sloc13_1_0
                            846 ;	AOP_STK for __mululong_sloc12_1_0
   029E 22                  847 	ld	(hl+),a
   029F 72                  848 	ld	(hl),d
   02A0 5F                  849 	ld	e,a
   02A1 1A                  850 	ld	a,(de)
   02A2 23                  851 	inc	hl
   02A3 77                  852 	ld	(hl),a
                            853 ;	genIpush
                            854 ; _saveRegsForCall: sendSetSize: 0 deInUse: 0 bcInUse: 1 deSending: 0
   02A4 C5                  855 	push	bc
                            856 ;	AOP_STK for __mululong_sloc12_1_0
   02A5 7E                  857 	ld	a,(hl)
   02A6 F5                  858 	push	af
   02A7 33                  859 	inc	sp
                            860 ;	genIpush
                            861 ;	AOP_STK for __mululong_sloc2_1_0
   02A8 F8 21               862 	lda	hl,33(sp)
   02AA 7E                  863 	ld	a,(hl)
   02AB F5                  864 	push	af
   02AC 33                  865 	inc	sp
                            866 ;	genCall
   02AD CDr00s00            867 	call	__muluchar_rrx_s
                            868 ;	AOP_STK for __mululong_sloc13_1_0
   02B0 F8 0F               869 	lda	hl,15(sp)
   02B2 72                  870 	ld	(hl),d
   02B3 2B                  871 	dec	hl
   02B4 73                  872 	ld	(hl),e
   02B5 E8 02               873 	lda	sp,2(sp)
   02B7 C1                  874 	pop	bc
                            875 ;	genAssign (pointer)
                            876 ;	AOP_STK for __mululong_sloc14_1_0
                            877 ;	AOP_STK for __mululong_sloc13_1_0
   02B8 F8 08               878 	lda	hl,8(sp)
   02BA 5E                  879 	ld	e,(hl)
   02BB 23                  880 	inc	hl
   02BC 56                  881 	ld	d,(hl)
   02BD 23                  882 	inc	hl
   02BE 7E                  883 	ld	a,(hl)
   02BF 12                  884 	ld	(de),a
   02C0 13                  885 	inc	de
   02C1 23                  886 	inc	hl
   02C2 7E                  887 	ld	a,(hl)
   02C3 12                  888 	ld	(de),a
                            889 ;	_mullong.c 529
                            890 ;	genAssign (pointer)
                            891 ;	AOP_STK for __mululong_sloc3_1_0
   02C4 F8 1C               892 	lda	hl,28(sp)
   02C6 5E                  893 	ld	e,(hl)
   02C7 23                  894 	inc	hl
   02C8 56                  895 	ld	d,(hl)
   02C9 3E 00               896 	ld	a,#0x00
   02CB 12                  897 	ld	(de),a
                            898 ;	_mullong.c 530
                            899 ;	genAssign (pointer)
                            900 ;	AOP_STK for __mululong_sloc1_1_0
   02CC 23                  901 	inc	hl
   02CD 23                  902 	inc	hl
   02CE 5E                  903 	ld	e,(hl)
   02CF 23                  904 	inc	hl
   02D0 56                  905 	ld	d,(hl)
   02D1 3E 00               906 	ld	a,#0x00
   02D3 12                  907 	ld	(de),a
                            908 ;	_mullong.c 531
                            909 ;	genPointerGet
                            910 ;	AOP_STK for __mululong_sloc15_1_0
   02D4 59                  911 	ld	e,c
   02D5 50                  912 	ld	d,b
   02D6 1A                  913 	ld	a,(de)
   02D7 F8 04               914 	lda	hl,4(sp)
   02D9 77                  915 	ld	(hl),a
   02DA 13                  916 	inc	de
   02DB 1A                  917 	ld	a,(de)
   02DC 23                  918 	inc	hl
   02DD 77                  919 	ld	(hl),a
   02DE 13                  920 	inc	de
   02DF 1A                  921 	ld	a,(de)
   02E0 23                  922 	inc	hl
   02E1 77                  923 	ld	(hl),a
   02E2 13                  924 	inc	de
   02E3 1A                  925 	ld	a,(de)
   02E4 23                  926 	inc	hl
   02E5 77                  927 	ld	(hl),a
                            928 ;	genPlus
                            929 ;	AOP_STK for __mululong_sloc15_1_0
                            930 ;	AOP_STK for 
                            931 ;	AOP_STK for __mululong_sloc16_1_0
                            932 ;	Can't optimise plus by inc, falling back to the normal way
   02E6 F8 04               933 	lda	hl,4(sp)
   02E8 5E                  934 	ld	e,(hl)
   02E9 23                  935 	inc	hl
   02EA 56                  936 	ld	d,(hl)
   02EB 7B                  937 	ld	a,e
   02EC F8 29               938 	lda	hl,41(sp)
   02EE 86                  939 	add	a,(hl)
   02EF 5F                  940 	ld	e,a
   02F0 7A                  941 	ld	a,d
   02F1 23                  942 	inc	hl
   02F2 8E                  943 	adc	a,(hl)
   02F3 F5                  944 	push	af
   02F4 F8 03               945 	lda	hl,3(sp)
   02F6 32                  946 	ld      (hl-),a
   02F7 73                  947 	ld	(hl),e
   02F8 F8 08               948 	lda	hl,8(sp)
   02FA 5E                  949 	ld	e,(hl)
   02FB 23                  950 	inc	hl
   02FC 56                  951 	ld	d,(hl)
   02FD F8 2D               952 	lda	hl,45(sp)
   02FF F1                  953 	pop	af
   0300 7B                  954 	ld	a,e
   0301 8E                  955 	adc	a,(hl)
   0302 5F                  956 	ld	e,a
   0303 7A                  957 	ld	a,d
   0304 23                  958 	inc	hl
   0305 8E                  959 	adc	a,(hl)
   0306 F8 03               960 	lda	hl,3(sp)
   0308 32                  961 	ld      (hl-),a
   0309 73                  962 	ld	(hl),e
                            963 ;	genAssign (pointer)
                            964 ;	AOP_STK for __mululong_sloc16_1_0
   030A 59                  965 	ld	e,c
   030B 50                  966 	ld	d,b
   030C 2B                  967 	dec	hl
   030D 2B                  968 	dec	hl
   030E 7E                  969 	ld	a,(hl)
   030F 12                  970 	ld	(de),a
   0310 13                  971 	inc	de
   0311 23                  972 	inc	hl
   0312 7E                  973 	ld	a,(hl)
   0313 12                  974 	ld	(de),a
   0314 13                  975 	inc	de
   0315 23                  976 	inc	hl
   0316 7E                  977 	ld	a,(hl)
   0317 12                  978 	ld	(de),a
   0318 13                  979 	inc	de
   0319 23                  980 	inc	hl
   031A 7E                  981 	ld	a,(hl)
   031B 12                  982 	ld	(de),a
                            983 ;	_mullong.c 533
                            984 ;	genPlus
                            985 ;	AOP_STK for __mululong_sloc16_1_0
                            986 ;	AOP_STK for 
                            987 ;	AOP_STK for __mululong_sloc15_1_0
                            988 ;	Can't optimise plus by inc, falling back to the normal way
   031C F8 00               989 	lda	hl,0(sp)
   031E 5E                  990 	ld	e,(hl)
   031F 23                  991 	inc	hl
   0320 56                  992 	ld	d,(hl)
   0321 7B                  993 	ld	a,e
   0322 F8 2D               994 	lda	hl,45(sp)
   0324 86                  995 	add	a,(hl)
   0325 5F                  996 	ld	e,a
   0326 7A                  997 	ld	a,d
   0327 23                  998 	inc	hl
   0328 8E                  999 	adc	a,(hl)
   0329 F5                 1000 	push	af
   032A F8 07              1001 	lda	hl,7(sp)
   032C 32                 1002 	ld      (hl-),a
   032D 73                 1003 	ld	(hl),e
   032E 2B                 1004 	dec	hl
   032F 2B                 1005 	dec	hl
   0330 5E                 1006 	ld	e,(hl)
   0331 23                 1007 	inc	hl
   0332 56                 1008 	ld	d,(hl)
   0333 F8 31              1009 	lda	hl,49(sp)
   0335 F1                 1010 	pop	af
   0336 7B                 1011 	ld	a,e
   0337 8E                 1012 	adc	a,(hl)
   0338 5F                 1013 	ld	e,a
   0339 7A                 1014 	ld	a,d
   033A 23                 1015 	inc	hl
   033B 8E                 1016 	adc	a,(hl)
   033C F8 07              1017 	lda	hl,7(sp)
   033E 32                 1018 	ld      (hl-),a
   033F 73                 1019 	ld	(hl),e
                           1020 ;	genRet
                           1021 ;	AOP_STK for __mululong_sloc15_1_0
   0340 2B                 1022 	dec	hl
   0341 2B                 1023 	dec	hl
   0342 5E                 1024 	ld	e,(hl)
   0343 23                 1025 	inc	hl
   0344 56                 1026 	ld	d,(hl)
   0345 23                 1027 	inc	hl
   0346 2A                 1028 	ld	a,(hl+)
   0347 66                 1029 	ld	h,(hl)
   0348 6F                 1030 	ld	l,a
                           1031 ;	genLabel
   0349                    1032 00101$:
                           1033 ;	genEndFunction
   0349 E8 27              1034 	lda	sp,39(sp)
   034B C9                 1035 	ret
   034C                    1036 ____mululong_end:
                           1037 ;	_mullong.c 537
                           1038 ;	genLabel
                           1039 ;	genFunction
                           1040 ;	---------------------------------
                           1041 ; Function _mulslong
                           1042 ; ---------------------------------
   034C                    1043 ____mulslong_start:
   034C                    1044 __mulslong:
   034C E8 FC              1045 	lda	sp,-4(sp)
                           1046 ;	_mullong.c 539
                           1047 ;	genAssign
                           1048 ;	(operands are equal 3)
                           1049 ;	genAssign
                           1050 ;	(operands are equal 3)
                           1051 ;	genIpush
                           1052 ; _saveRegsForCall: sendSetSize: 0 deInUse: 0 bcInUse: 0 deSending: 0
                           1053 ;	AOP_STK for 
   034E F8 0C              1054 	lda	hl,12(sp)
   0350 2A                 1055 	ld	a,(hl+)
   0351 66                 1056 	ld	h,(hl)
   0352 6F                 1057 	ld	l,a
   0353 E5                 1058 	push	hl
   0354 F8 0C              1059 	lda	hl,12(sp)
   0356 2A                 1060 	ld	a,(hl+)
   0357 66                 1061 	ld	h,(hl)
   0358 6F                 1062 	ld	l,a
   0359 E5                 1063 	push	hl
                           1064 ;	genIpush
                           1065 ;	AOP_STK for 
   035A F8 0C              1066 	lda	hl,12(sp)
   035C 2A                 1067 	ld	a,(hl+)
   035D 66                 1068 	ld	h,(hl)
   035E 6F                 1069 	ld	l,a
   035F E5                 1070 	push	hl
   0360 F8 0C              1071 	lda	hl,12(sp)
   0362 2A                 1072 	ld	a,(hl+)
   0363 66                 1073 	ld	h,(hl)
   0364 6F                 1074 	ld	l,a
   0365 E5                 1075 	push	hl
                           1076 ;	genCall
   0366 CDr00s00           1077 	call	__mululong
                           1078 ;	AOP_STK for __mulslong_sloc0_1_0
   0369 E5                 1079 	push	hl
   036A F8 0A              1080 	lda	hl,10(sp)
   036C 73                 1081 	ld	(hl),e
   036D 23                 1082 	inc	hl
   036E 72                 1083 	ld	(hl),d
   036F D1                 1084 	pop	de
   0370 23                 1085 	inc	hl
   0371 73                 1086 	ld	(hl),e
   0372 23                 1087 	inc	hl
   0373 72                 1088 	ld	(hl),d
   0374 E8 08              1089 	lda	sp,8(sp)
                           1090 ;	genRet
                           1091 ;	AOP_STK for __mulslong_sloc0_1_0
   0376 F8 00              1092 	lda	hl,0(sp)
   0378 5E                 1093 	ld	e,(hl)
   0379 23                 1094 	inc	hl
   037A 56                 1095 	ld	d,(hl)
   037B 23                 1096 	inc	hl
   037C 2A                 1097 	ld	a,(hl+)
   037D 66                 1098 	ld	h,(hl)
   037E 6F                 1099 	ld	l,a
                           1100 ;	genLabel
   037F                    1101 00101$:
                           1102 ;	genEndFunction
   037F E8 04              1103 	lda	sp,4(sp)
   0381 C9                 1104 	ret
   0382                    1105 ____mulslong_end:
                           1106 	.area _CODE
