                              1 ;--------------------------------------------------------
                              2 ; File Created by SDCC : FreeWare ANSI-C Compiler
                              3 ; Version 2.3.1 Wed Sep 04 21:56:13 2019
                              4 
                              5 ;--------------------------------------------------------
                              6 	.module abs
                              7 	
                              8 ;--------------------------------------------------------
                              9 ; Public variables in this module
                             10 ;--------------------------------------------------------
                             11 	.globl _abs
                             12 ;--------------------------------------------------------
                             13 ; special function registers
                             14 ;--------------------------------------------------------
                             15 ;--------------------------------------------------------
                             16 ; special function bits 
                             17 ;--------------------------------------------------------
                             18 ;--------------------------------------------------------
                             19 ; internal ram data
                             20 ;--------------------------------------------------------
                             21 	.area _DATA
                             22 ;--------------------------------------------------------
                             23 ; overlayable items in internal ram 
                             24 ;--------------------------------------------------------
                             25 	.area _OVERLAY
                             26 ;--------------------------------------------------------
                             27 ; indirectly addressable internal ram data
                             28 ;--------------------------------------------------------
                             29 	.area _ISEG
                             30 ;--------------------------------------------------------
                             31 ; bit data
                             32 ;--------------------------------------------------------
                             33 	.area _BSEG
                             34 ;--------------------------------------------------------
                             35 ; external ram data
                             36 ;--------------------------------------------------------
                             37 	.area _XSEG
                             38 ;--------------------------------------------------------
                             39 ; global & static initialisations
                             40 ;--------------------------------------------------------
                             41 	.area _GSINIT
                             42 	.area _GSFINAL
                             43 	.area _GSINIT
                             44 ;--------------------------------------------------------
                             45 ; Home
                             46 ;--------------------------------------------------------
                             47 	.area _HOME
                             48 	.area _CODE
                             49 ;--------------------------------------------------------
                             50 ; code
                             51 ;--------------------------------------------------------
                             52 	.area _CODE
                             53 ;	abs.c 4
                             54 ;	genLabel
                             55 ;	genFunction
                             56 ;	---------------------------------
                             57 ; Function abs
                             58 ; ---------------------------------
   0000                      59 ___abs_start:
   0000                      60 _abs:
                             61 	
                             62 ;	abs.c 6
                             63 ;	genCmpLt
                             64 ;	AOP_STK for 
   0000 F8 03                65 	lda	hl,3(sp)
   0002 7E                   66 	ld	a,(hl)
   0003 CB 7F                67 	bit	7,a
   0005 CAr18s00             68 	jp	z,00102$
                             69 ;	abs.c 7
                             70 ;	genUminus
                             71 ;	AOP_STK for 
   0008 AF                   72 	xor	a,a
   0009 2B                   73 	dec	hl
   000A 3E 00                74 	ld	a,#0x00
   000C 9E                   75 	sbc	a,(hl)
   000D 4F                   76 	ld	c,a
   000E 23                   77 	inc	hl
   000F 3E 00                78 	ld	a,#0x00
   0011 9E                   79 	sbc	a,(hl)
   0012 47                   80 	ld	b,a
                             81 ;	genRet
   0013 59                   82 	ld	e,c
   0014 50                   83 	ld	d,b
   0015 C3r1Ds00             84 	jp	00104$
                             85 ;	genLabel
   0018                      86 00102$:
                             87 ;	abs.c 9
                             88 ;	genRet
                             89 ;	AOP_STK for 
   0018 F8 02                90 	lda	hl,2(sp)
   001A 5E                   91 	ld	e,(hl)
   001B 23                   92 	inc	hl
   001C 56                   93 	ld	d,(hl)
                             94 ;	genLabel
   001D                      95 00104$:
                             96 ;	genEndFunction
                             97 	
   001D C9                   98 	ret
   001E                      99 ___abs_end:
                            100 	.area _CODE
