                              1 ;--------------------------------------------------------
                              2 ; File Created by SDCC : FreeWare ANSI-C Compiler
                              3 ; Version 2.3.1 Wed Sep 04 21:56:16 2019
                              4 
                              5 ;--------------------------------------------------------
                              6 	.module isalpha
                              7 	
                              8 ;--------------------------------------------------------
                              9 ; Public variables in this module
                             10 ;--------------------------------------------------------
                             11 	.globl _isalpha
                             12 ;--------------------------------------------------------
                             13 ; special function registers
                             14 ;--------------------------------------------------------
                             15 ;--------------------------------------------------------
                             16 ; special function bits 
                             17 ;--------------------------------------------------------
                             18 ;--------------------------------------------------------
                             19 ; internal ram data
                             20 ;--------------------------------------------------------
                             21 	.area _DATA
                             22 ;--------------------------------------------------------
                             23 ; overlayable items in internal ram 
                             24 ;--------------------------------------------------------
                             25 	.area _OVERLAY
                             26 ;--------------------------------------------------------
                             27 ; indirectly addressable internal ram data
                             28 ;--------------------------------------------------------
                             29 	.area _ISEG
                             30 ;--------------------------------------------------------
                             31 ; bit data
                             32 ;--------------------------------------------------------
                             33 	.area _BSEG
                             34 ;--------------------------------------------------------
                             35 ; external ram data
                             36 ;--------------------------------------------------------
                             37 	.area _XSEG
                             38 ;--------------------------------------------------------
                             39 ; global & static initialisations
                             40 ;--------------------------------------------------------
                             41 	.area _GSINIT
                             42 	.area _GSFINAL
                             43 	.area _GSINIT
                             44 ;--------------------------------------------------------
                             45 ; Home
                             46 ;--------------------------------------------------------
                             47 	.area _HOME
                             48 	.area _CODE
                             49 ;--------------------------------------------------------
                             50 ; code
                             51 ;--------------------------------------------------------
                             52 	.area _CODE
                             53 ;	isalpha.c 3
                             54 ;	genLabel
                             55 ;	genFunction
                             56 ;	---------------------------------
                             57 ; Function isalpha
                             58 ; ---------------------------------
   0000                      59 ___isalpha_start:
   0000                      60 _isalpha:
                             61 	
                             62 ;	isalpha.c 5
                             63 ;	genCmpLt
                             64 ;	AOP_STK for 
   0000 F8 02                65 	lda	hl,2(sp)
   0002 7E                   66 	ld	a,(hl)
   0003 EE 80                67 	xor	a,#0x80
   0005 FE E1                68 	cp	#0x61^0x80
   0007 DAr15s00             69 	jp	c,00106$
                             70 ;	genCmpGt
                             71 ;	AOP_STK for 
   000A 1E FA                72 	ld	e,#0xFA
   000C 7E                   73 	ld	a,(hl)
   000D EE 80                74 	xor	a,#0x80
   000F 57                   75 	ld	d,a
   0010 7B                   76 	ld	a,e
   0011 92                   77 	sub	a,d
   0012 D2r2As00             78 	jp	nc,00101$
                             79 ;	genLabel
   0015                      80 00106$:
                             81 ;	genCmpLt
                             82 ;	AOP_STK for 
   0015 F8 02                83 	lda	hl,2(sp)
   0017 7E                   84 	ld	a,(hl)
   0018 EE 80                85 	xor	a,#0x80
   001A FE C1                86 	cp	#0x41^0x80
   001C DAr2Fs00             87 	jp	c,00102$
                             88 ;	genCmpGt
                             89 ;	AOP_STK for 
   001F 1E DA                90 	ld	e,#0xDA
   0021 7E                   91 	ld	a,(hl)
   0022 EE 80                92 	xor	a,#0x80
   0024 57                   93 	ld	d,a
   0025 7B                   94 	ld	a,e
   0026 92                   95 	sub	a,d
   0027 DAr2Fs00             96 	jp	c,00102$
                             97 ;	genLabel
   002A                      98 00101$:
                             99 ;	isalpha.c 6
                            100 ;	genRet
   002A 1E 01               101 	ld	e,#0x01
   002C C3r31s00            102 	jp	00107$
                            103 ;	genLabel
   002F                     104 00102$:
                            105 ;	isalpha.c 8
                            106 ;	genRet
   002F 1E 00               107 	ld	e,#0x00
                            108 ;	genLabel
   0031                     109 00107$:
                            110 ;	genEndFunction
                            111 	
   0031 C9                  112 	ret
   0032                     113 ___isalpha_end:
                            114 	.area _CODE
