                              1 ;--------------------------------------------------------
                              2 ; File Created by SDCC : FreeWare ANSI-C Compiler
                              3 ; Version 2.3.1 Wed Sep 04 21:56:16 2019
                              4 
                              5 ;--------------------------------------------------------
                              6 	.module isdigit
                              7 	
                              8 ;--------------------------------------------------------
                              9 ; Public variables in this module
                             10 ;--------------------------------------------------------
                             11 	.globl _isdigit
                             12 ;--------------------------------------------------------
                             13 ; special function registers
                             14 ;--------------------------------------------------------
                             15 ;--------------------------------------------------------
                             16 ; special function bits 
                             17 ;--------------------------------------------------------
                             18 ;--------------------------------------------------------
                             19 ; internal ram data
                             20 ;--------------------------------------------------------
                             21 	.area _DATA
                             22 ;--------------------------------------------------------
                             23 ; overlayable items in internal ram 
                             24 ;--------------------------------------------------------
                             25 	.area _OVERLAY
                             26 ;--------------------------------------------------------
                             27 ; indirectly addressable internal ram data
                             28 ;--------------------------------------------------------
                             29 	.area _ISEG
                             30 ;--------------------------------------------------------
                             31 ; bit data
                             32 ;--------------------------------------------------------
                             33 	.area _BSEG
                             34 ;--------------------------------------------------------
                             35 ; external ram data
                             36 ;--------------------------------------------------------
                             37 	.area _XSEG
                             38 ;--------------------------------------------------------
                             39 ; global & static initialisations
                             40 ;--------------------------------------------------------
                             41 	.area _GSINIT
                             42 	.area _GSFINAL
                             43 	.area _GSINIT
                             44 ;--------------------------------------------------------
                             45 ; Home
                             46 ;--------------------------------------------------------
                             47 	.area _HOME
                             48 	.area _CODE
                             49 ;--------------------------------------------------------
                             50 ; code
                             51 ;--------------------------------------------------------
                             52 	.area _CODE
                             53 ;	isdigit.c 3
                             54 ;	genLabel
                             55 ;	genFunction
                             56 ;	---------------------------------
                             57 ; Function isdigit
                             58 ; ---------------------------------
   0000                      59 ___isdigit_start:
   0000                      60 _isdigit:
                             61 	
                             62 ;	isdigit.c 5
                             63 ;	genCmpLt
                             64 ;	AOP_STK for 
   0000 F8 02                65 	lda	hl,2(sp)
   0002 7E                   66 	ld	a,(hl)
   0003 EE 80                67 	xor	a,#0x80
   0005 FE B0                68 	cp	#0x30^0x80
   0007 DAr1As00             69 	jp	c,00102$
                             70 ;	genCmpGt
                             71 ;	AOP_STK for 
   000A 1E B9                72 	ld	e,#0xB9
   000C 7E                   73 	ld	a,(hl)
   000D EE 80                74 	xor	a,#0x80
   000F 57                   75 	ld	d,a
   0010 7B                   76 	ld	a,e
   0011 92                   77 	sub	a,d
   0012 DAr1As00             78 	jp	c,00102$
                             79 ;	isdigit.c 6
                             80 ;	genRet
   0015 1E 01                81 	ld	e,#0x01
   0017 C3r1Cs00             82 	jp	00105$
                             83 ;	genLabel
   001A                      84 00102$:
                             85 ;	isdigit.c 8
                             86 ;	genRet
   001A 1E 00                87 	ld	e,#0x00
                             88 ;	genLabel
   001C                      89 00105$:
                             90 ;	genEndFunction
                             91 	
   001C C9                   92 	ret
   001D                      93 ___isdigit_end:
                             94 	.area _CODE
