                              1 ;--------------------------------------------------------
                              2 ; File Created by SDCC : FreeWare ANSI-C Compiler
                              3 ; Version 2.3.1 Wed Sep 04 21:56:17 2019
                              4 
                              5 ;--------------------------------------------------------
                              6 	.module printf
                              7 	
                              8 ;--------------------------------------------------------
                              9 ; Public variables in this module
                             10 ;--------------------------------------------------------
                             11 	.globl _printf
                             12 	.globl _sprintf
                             13 ;--------------------------------------------------------
                             14 ; special function registers
                             15 ;--------------------------------------------------------
                             16 ;--------------------------------------------------------
                             17 ; special function bits 
                             18 ;--------------------------------------------------------
                             19 ;--------------------------------------------------------
                             20 ; internal ram data
                             21 ;--------------------------------------------------------
                             22 	.area _DATA
                             23 ;--------------------------------------------------------
                             24 ; overlayable items in internal ram 
                             25 ;--------------------------------------------------------
                             26 	.area _OVERLAY
                             27 ;--------------------------------------------------------
                             28 ; indirectly addressable internal ram data
                             29 ;--------------------------------------------------------
                             30 	.area _ISEG
                             31 ;--------------------------------------------------------
                             32 ; bit data
                             33 ;--------------------------------------------------------
                             34 	.area _BSEG
                             35 ;--------------------------------------------------------
                             36 ; external ram data
                             37 ;--------------------------------------------------------
                             38 	.area _XSEG
                             39 ;--------------------------------------------------------
                             40 ; global & static initialisations
                             41 ;--------------------------------------------------------
                             42 	.area _GSINIT
                             43 	.area _GSFINAL
                             44 	.area _GSINIT
                             45 ;--------------------------------------------------------
                             46 ; Home
                             47 ;--------------------------------------------------------
                             48 	.area _HOME
                             49 ;	printf.c 76
                             50 ;	genLabel
                             51 ;	genFunction
                             52 ;	---------------------------------
                             53 ; Function printf
                             54 ; ---------------------------------
   0000                      55 ___printf_start:
   0000                      56 _printf:
                             57 	
                             58 ;	printf.c 79
                             59 ;	genAddrOf
   0000 F8 02                60 	lda	hl,2(sp)
   0002 4D                   61 	ld	c,l
   0003 44                   62 	ld	b,h
                             63 ;	genPlus
                             64 ;	genPlusIncr
   0004 69                   65 	ld	l,c
   0005 60                   66 	ld	h,b
   0006 23                   67 	inc	hl
   0007 23                   68 	inc	hl
                             69 ;	printf.c 81
                             70 ;	genIpush
                             71 ; _saveRegsForCall: sendSetSize: 0 deInUse: 0 bcInUse: 0 deSending: 0
   0008 E5                   72 	push	hl
                             73 ;	genIpush
   0009 21 00 00             74 	ld	hl,#0x0000
   000C E5                   75 	push	hl
                             76 ;	genIpush
   000D 21r9Fs02             77 	ld	hl,#__char_emitter
   0010 E5                   78 	push	hl
                             79 ;	genIpush
                             80 ;	AOP_STK for 
   0011 F8 08                81 	lda	hl,8(sp)
   0013 2A                   82 	ld	a,(hl+)
   0014 66                   83 	ld	h,(hl)
   0015 6F                   84 	ld	l,a
   0016 E5                   85 	push	hl
                             86 ;	genCall
   0017 CDr28s01             87 	call	__printf
   001A E8 08                88 	lda	sp,8(sp)
                             89 ;	genLabel
   001C                      90 00101$:
                             91 ;	genEndFunction
                             92 	
   001C C9                   93 	ret
   001D                      94 ___printf_end:
                             95 ;	printf.c 95
                             96 ;	genLabel
                             97 ;	genFunction
                             98 ;	---------------------------------
                             99 ; Function sprintf
                            100 ; ---------------------------------
   001D                     101 ___sprintf_start:
   001D                     102 _sprintf:
   001D E8 FC               103 	lda	sp,-4(sp)
                            104 ;	printf.c 100
                            105 ;	genAddrOf
   001F F8 02               106 	lda	hl,2(sp)
   0021 4D                  107 	ld	c,l
   0022 44                  108 	ld	b,h
                            109 ;	genAssign (pointer)
                            110 ;	AOP_STK for 
   0023 59                  111 	ld	e,c
   0024 50                  112 	ld	d,b
   0025 F8 06               113 	lda	hl,6(sp)
   0027 7E                  114 	ld	a,(hl)
   0028 12                  115 	ld	(de),a
   0029 13                  116 	inc	de
   002A 23                  117 	inc	hl
   002B 7E                  118 	ld	a,(hl)
   002C 12                  119 	ld	(de),a
                            120 ;	printf.c 101
                            121 ;	genAddrOf
                            122 ;	AOP_STK for _sprintf_sloc0_1_0
   002D F8 08               123 	lda	hl,8(sp)
   002F 7D                  124 	ld	a,l
   0030 54                  125 	ld	d,h
   0031 F8 00               126 	lda	hl,0(sp)
   0033 22                  127 	ld	(hl+),a
   0034 72                  128 	ld	(hl),d
                            129 ;	genPlus
                            130 ;	AOP_STK for _sprintf_sloc0_1_0
                            131 ;	genPlusIncr
   0035 2B                  132 	dec	hl
   0036 2A                  133 	ld	a,(hl+)
   0037 66                  134 	ld	h,(hl)
   0038 6F                  135 	ld	l,a
   0039 23                  136 	inc	hl
   003A 23                  137 	inc	hl
                            138 ;	printf.c 103
                            139 ;	genIpush
                            140 ; _saveRegsForCall: sendSetSize: 0 deInUse: 0 bcInUse: 1 deSending: 0
   003B C5                  141 	push	bc
   003C E5                  142 	push	hl
                            143 ;	genIpush
   003D C5                  144 	push	bc
                            145 ;	genIpush
   003E 21rAAs02            146 	ld	hl,#__sprintf_emitter
   0041 E5                  147 	push	hl
                            148 ;	genIpush
                            149 ;	AOP_STK for 
   0042 F8 10               150 	lda	hl,16(sp)
   0044 2A                  151 	ld	a,(hl+)
   0045 66                  152 	ld	h,(hl)
   0046 6F                  153 	ld	l,a
   0047 E5                  154 	push	hl
                            155 ;	genCall
   0048 CDr28s01            156 	call	__printf
   004B E8 08               157 	lda	sp,8(sp)
   004D C1                  158 	pop	bc
                            159 ;	printf.c 104
                            160 ;	genIpush
                            161 ; _saveRegsForCall: sendSetSize: 0 deInUse: 0 bcInUse: 0 deSending: 0
   004E C5                  162 	push	bc
                            163 ;	genIpush
   004F 3E 00               164 	ld	a,#0x00
   0051 F5                  165 	push	af
   0052 33                  166 	inc	sp
                            167 ;	genCall
   0053 CDrAAs02            168 	call	__sprintf_emitter
   0056 E8 03               169 	lda	sp,3(sp)
                            170 ;	genLabel
   0058                     171 00101$:
                            172 ;	genEndFunction
   0058 E8 04               173 	lda	sp,4(sp)
   005A C9                  174 	ret
   005B                     175 ___sprintf_end:
                            176 	.area _CODE
                            177 ;--------------------------------------------------------
                            178 ; code
                            179 ;--------------------------------------------------------
                            180 	.area _HOME
                            181 ;	printf.c 9
                            182 ;	genLabel
                            183 ;	genFunction
                            184 ;	---------------------------------
                            185 ; Function _printn
                            186 ; ---------------------------------
   005B                     187 ____printn_start:
   005B                     188 __printn:
   005B E8 FC               189 	lda	sp,-4(sp)
                            190 ;	printf.c 12
                            191 ;	printf.c 13
                            192 ;	genIfx
                            193 ;	AOP_STK for 
   005D AF                  194 	xor	a,a
   005E F8 0A               195 	lda	hl,10(sp)
   0060 B6                  196 	or	a,(hl)
   0061 CAr96s00            197 	jp	z,00102$
                            198 ;	genAssign
                            199 ;	AOP_STK for 
   0064 F8 06               200 	lda	hl,6(sp)
   0066 4E                  201 	ld	c,(hl)
   0067 23                  202 	inc	hl
   0068 46                  203 	ld	b,(hl)
                            204 ;	genCmpLt
   0069 78                  205 	ld	a,b
   006A CB 7F               206 	bit	7,a
   006C CAr96s00            207 	jp	z,00102$
                            208 ;	printf.c 14
                            209 ;	genAssign
                            210 ;	AOP_STK for 
   006F F8 0B               211 	lda	hl,11(sp)
   0071 4E                  212 	ld	c,(hl)
   0072 23                  213 	inc	hl
   0073 46                  214 	ld	b,(hl)
                            215 ;	genIpush
                            216 ; _saveRegsForCall: sendSetSize: 0 deInUse: 0 bcInUse: 0 deSending: 0
                            217 ;	AOP_STK for 
   0074 23                  218 	inc	hl
   0075 2A                  219 	ld	a,(hl+)
   0076 66                  220 	ld	h,(hl)
   0077 6F                  221 	ld	l,a
   0078 E5                  222 	push	hl
                            223 ;	genIpush
   0079 3E 2D               224 	ld	a,#0x2D
   007B F5                  225 	push	af
   007C 33                  226 	inc	sp
                            227 ;	genPcall
   007D 21r84s00            228 	ld	hl,#00111$
   0080 E5                  229 	push	hl
   0081 69                  230 	ld	l,c
   0082 60                  231 	ld	h,b
   0083 E9                  232 	jp	(hl)
   0084                     233 00111$:
   0084 E8 03               234 	lda	sp,3(sp)
                            235 ;	printf.c 15
                            236 ;	genAssign
                            237 ;	AOP_STK for 
   0086 F8 06               238 	lda	hl,6(sp)
   0088 4E                  239 	ld	c,(hl)
   0089 23                  240 	inc	hl
   008A 46                  241 	ld	b,(hl)
                            242 ;	genUminus
   008B AF                  243 	xor     a,a
   008C 99                  244 	sbc	a,c
   008D 4F                  245 	ld	c,a
   008E 3E 00               246 	ld	a,#0x00
   0090 98                  247 	sbc	a,b
   0091 47                  248 	ld	b,a
                            249 ;	genAssign
                            250 ;	AOP_STK for 
   0092 2B                  251 	dec	hl
   0093 71                  252 	ld	(hl),c
   0094 23                  253 	inc	hl
   0095 70                  254 	ld	(hl),b
                            255 ;	genLabel
   0096                     256 00102$:
                            257 ;	printf.c 17
                            258 ;	genCmpLt
                            259 ;	AOP_STK for 
                            260 ;	AOP_STK for 
   0096 F8 06               261 	lda	hl,6(sp)
   0098 2A                  262 	ld	a,(hl+)
   0099 23                  263 	inc	hl
   009A 96                  264 	sub	a,(hl)
   009B 2B                  265 	dec	hl
   009C 2A                  266 	ld	a,(hl+)
   009D 23                  267 	inc	hl
   009E 9E                  268 	sbc	a,(hl)
   009F DArD0s00            269 	jp	c,00105$
                            270 ;	printf.c 18
                            271 ;	genIpush
                            272 ; _saveRegsForCall: sendSetSize: 0 deInUse: 0 bcInUse: 0 deSending: 0
                            273 ;	AOP_STK for 
   00A2 2B                  274 	dec	hl
   00A3 2A                  275 	ld	a,(hl+)
   00A4 66                  276 	ld	h,(hl)
   00A5 6F                  277 	ld	l,a
   00A6 E5                  278 	push	hl
                            279 ;	genIpush
                            280 ;	AOP_STK for 
   00A7 F8 08               281 	lda	hl,8(sp)
   00A9 2A                  282 	ld	a,(hl+)
   00AA 66                  283 	ld	h,(hl)
   00AB 6F                  284 	ld	l,a
   00AC E5                  285 	push	hl
                            286 ;	genCall
   00AD CDr00s00            287 	call	__divuint_rrx_s
   00B0 42                  288 	ld	b,d
   00B1 4B                  289 	ld	c,e
   00B2 E8 04               290 	lda	sp,4(sp)
                            291 ;	genIpush
                            292 ; _saveRegsForCall: sendSetSize: 0 deInUse: 0 bcInUse: 0 deSending: 0
                            293 ;	AOP_STK for 
   00B4 F8 0D               294 	lda	hl,13(sp)
   00B6 2A                  295 	ld	a,(hl+)
   00B7 66                  296 	ld	h,(hl)
   00B8 6F                  297 	ld	l,a
   00B9 E5                  298 	push	hl
                            299 ;	genIpush
                            300 ;	AOP_STK for 
   00BA F8 0D               301 	lda	hl,13(sp)
   00BC 2A                  302 	ld	a,(hl+)
   00BD 66                  303 	ld	h,(hl)
   00BE 6F                  304 	ld	l,a
   00BF E5                  305 	push	hl
                            306 ;	genIpush
   00C0 3E 00               307 	ld	a,#0x00
   00C2 F5                  308 	push	af
   00C3 33                  309 	inc	sp
                            310 ;	genIpush
                            311 ;	AOP_STK for 
   00C4 F8 0D               312 	lda	hl,13(sp)
   00C6 2A                  313 	ld	a,(hl+)
   00C7 66                  314 	ld	h,(hl)
   00C8 6F                  315 	ld	l,a
   00C9 E5                  316 	push	hl
                            317 ;	genIpush
   00CA C5                  318 	push	bc
                            319 ;	genCall
   00CB CDr5Bs00            320 	call	__printn
   00CE E8 09               321 	lda	sp,9(sp)
                            322 ;	genLabel
   00D0                     323 00105$:
                            324 ;	printf.c 19
                            325 ;	genAssign
                            326 ;	AOP_STK for 
   00D0 F8 0B               327 	lda	hl,11(sp)
   00D2 4E                  328 	ld	c,(hl)
   00D3 23                  329 	inc	hl
   00D4 46                  330 	ld	b,(hl)
                            331 ;	genIpush
                            332 ; _saveRegsForCall: sendSetSize: 0 deInUse: 0 bcInUse: 1 deSending: 0
   00D5 C5                  333 	push	bc
                            334 ;	AOP_STK for 
   00D6 F8 0A               335 	lda	hl,10(sp)
   00D8 2A                  336 	ld	a,(hl+)
   00D9 66                  337 	ld	h,(hl)
   00DA 6F                  338 	ld	l,a
   00DB E5                  339 	push	hl
                            340 ;	genIpush
                            341 ;	AOP_STK for 
   00DC F8 0A               342 	lda	hl,10(sp)
   00DE 2A                  343 	ld	a,(hl+)
   00DF 66                  344 	ld	h,(hl)
   00E0 6F                  345 	ld	l,a
   00E1 E5                  346 	push	hl
                            347 ;	genCall
   00E2 CDr00s00            348 	call	__moduint_rrx_s
                            349 ;	AOP_STK for __printn_sloc0_1_0
   00E5 F8 09               350 	lda	hl,9(sp)
   00E7 72                  351 	ld	(hl),d
   00E8 2B                  352 	dec	hl
   00E9 73                  353 	ld	(hl),e
   00EA E8 04               354 	lda	sp,4(sp)
   00EC C1                  355 	pop	bc
                            356 ;	genPlus
                            357 ;	AOP_STK for __printn_sloc0_1_0
                            358 ;	AOP_STK for __printn_sloc1_1_0
                            359 ;	Can't optimise plus by inc, falling back to the normal way
   00ED 11r17s01            360 	ld	de,#__str_0
   00F0 F8 02               361 	lda	hl,2(sp)
   00F2 2A                  362 	ld	a,(hl+)
   00F3 66                  363 	ld	h,(hl)
   00F4 6F                  364 	ld	l,a
   00F5 19                  365 	add	hl,de
   00F6 7D                  366 	ld	a,l
   00F7 54                  367 	ld	d,h
   00F8 F8 00               368 	lda	hl,0(sp)
                            369 ;	genPointerGet
                            370 ;	AOP_STK for __printn_sloc1_1_0
                            371 ;	AOP_STK for __printn_sloc0_1_0
   00FA 22                  372 	ld	(hl+),a
   00FB 72                  373 	ld	(hl),d
   00FC 5F                  374 	ld	e,a
   00FD 1A                  375 	ld	a,(de)
   00FE 23                  376 	inc	hl
   00FF 77                  377 	ld	(hl),a
                            378 ;	genIpush
                            379 ; _saveRegsForCall: sendSetSize: 0 deInUse: 0 bcInUse: 0 deSending: 0
                            380 ;	AOP_STK for 
   0100 F8 0D               381 	lda	hl,13(sp)
   0102 2A                  382 	ld	a,(hl+)
   0103 66                  383 	ld	h,(hl)
   0104 6F                  384 	ld	l,a
   0105 E5                  385 	push	hl
                            386 ;	genIpush
                            387 ;	AOP_STK for __printn_sloc0_1_0
   0106 F8 04               388 	lda	hl,4(sp)
   0108 7E                  389 	ld	a,(hl)
   0109 F5                  390 	push	af
   010A 33                  391 	inc	sp
                            392 ;	genPcall
   010B 21r12s01            393 	ld	hl,#00112$
   010E E5                  394 	push	hl
   010F 69                  395 	ld	l,c
   0110 60                  396 	ld	h,b
   0111 E9                  397 	jp	(hl)
   0112                     398 00112$:
   0112 E8 03               399 	lda	sp,3(sp)
                            400 ;	genLabel
   0114                     401 00106$:
                            402 ;	genEndFunction
   0114 E8 04               403 	lda	sp,4(sp)
   0116 C9                  404 	ret
   0117                     405 ____printn_end:
   0117                     406 __str_0:
   0117 30 31 32 33 34 35   407 	.ascii "0123456789ABCDEF"
        36 37 38 39 41 42
        43 44 45 46
   0127 00                  408 	.db 0x00
                            409 ;	printf.c 25
                            410 ;	genLabel
                            411 ;	genFunction
                            412 ;	---------------------------------
                            413 ; Function _printf
                            414 ; ---------------------------------
   0128                     415 ____printf_start:
   0128                     416 __printf:
   0128 E8 FB               417 	lda	sp,-5(sp)
                            418 ;	printf.c 27
                            419 ;	genLabel
   012A                     420 00113$:
                            421 ;	genAssign
                            422 ;	AOP_STK for 
   012A F8 07               423 	lda	hl,7(sp)
   012C 4E                  424 	ld	c,(hl)
   012D 23                  425 	inc	hl
   012E 46                  426 	ld	b,(hl)
                            427 ;	genPointerGet
                            428 ;	AOP_STK for __printf_sloc0_1_0
   012F 0A                  429 	ld	a,(bc)
   0130 F8 01               430 	lda	hl,1(sp)
   0132 77                  431 	ld	(hl),a
                            432 ;	genIfx
                            433 ;	AOP_STK for __printf_sloc0_1_0
   0133 AF                  434 	xor	a,a
   0134 B6                  435 	or	a,(hl)
   0135 CAr9Cs02            436 	jp	z,00116$
                            437 ;	printf.c 28
                            438 ;	genCmpEq
                            439 ;	AOP_STK for __printf_sloc0_1_0
                            440 ; genCmpEq: left 1, right 1, result 0
   0138 7E                  441 	ld	a,(hl)
   0139 FE 25               442 	cp	a,#0x25
   013B C2r72s02            443 	jp	nz,00111$
   013E 18 03               444 	jr	00129$
   0140                     445 00128$:
   0140 C3r72s02            446 	jp	00111$
   0143                     447 00129$:
                            448 ;	printf.c 29
                            449 ;	genPlus
                            450 ;	genPlusIncr
   0143 03                  451 	inc	bc
                            452 ;	genAssign
                            453 ;	AOP_STK for 
   0144 F8 07               454 	lda	hl,7(sp)
   0146 71                  455 	ld	(hl),c
   0147 23                  456 	inc	hl
   0148 70                  457 	ld	(hl),b
                            458 ;	genPointerGet
   0149 0A                  459 	ld	a,(bc)
                            460 ;	genCmpEq
                            461 ; genCmpEq: left 1, right 1, result 0
   014A 4F                  462 	ld	c,a
   014B FE 63               463 	cp	a,#0x63
   014D CAr6Bs01            464 	jp	z,00101$
   0150                     465 00130$:
                            466 ;	genCmpEq
                            467 ; genCmpEq: left 1, right 1, result 0
   0150 79                  468 	ld	a,c
   0151 FE 64               469 	cp	a,#0x64
   0153 CArC7s01            470 	jp	z,00103$
   0156                     471 00131$:
                            472 ;	genCmpEq
                            473 ; genCmpEq: left 1, right 1, result 0
   0156 79                  474 	ld	a,c
   0157 FE 73               475 	cp	a,#0x73
   0159 CAr29s02            476 	jp	z,00108$
   015C                     477 00132$:
                            478 ;	genCmpEq
                            479 ; genCmpEq: left 1, right 1, result 0
   015C 79                  480 	ld	a,c
   015D FE 75               481 	cp	a,#0x75
   015F CAr96s01            482 	jp	z,00102$
   0162                     483 00133$:
                            484 ;	genCmpEq
                            485 ; genCmpEq: left 1, right 1, result 0
   0162 79                  486 	ld	a,c
   0163 FE 78               487 	cp	a,#0x78
   0165 CArF8s01            488 	jp	z,00104$
   0168                     489 00134$:
                            490 ;	genGoto
   0168 C3r8As02            491 	jp	00112$
                            492 ;	printf.c 34
                            493 ;	genLabel
   016B                     494 00101$:
                            495 ;	printf.c 31
                            496 ;	genPlus
                            497 ;	AOP_STK for 
                            498 ;	genPlusIncr
   016B F8 0D               499 	lda	hl,13(sp)
   016D 4E                  500 	ld	c,(hl)
   016E 23                  501 	inc	hl
   016F 46                  502 	ld	b,(hl)
   0170 03                  503 	inc	bc
                            504 ;	genAssign
                            505 ;	AOP_STK for 
   0171 2B                  506 	dec	hl
   0172 71                  507 	ld	(hl),c
   0173 23                  508 	inc	hl
   0174 70                  509 	ld	(hl),b
                            510 ;	genMinus
   0175 0B                  511 	dec	bc
                            512 ;	genPointerGet
   0176 0A                  513 	ld	a,(bc)
   0177 4F                  514 	ld	c,a
                            515 ;	genAssign
                            516 ;	AOP_STK for __printf_c_5_5
   0178 F8 04               517 	lda	hl,4(sp)
   017A 71                  518 	ld	(hl),c
                            519 ;	printf.c 32
                            520 ;	genAssign
                            521 ;	AOP_STK for 
   017B F8 09               522 	lda	hl,9(sp)
   017D 46                  523 	ld	b,(hl)
   017E 23                  524 	inc	hl
   017F 4E                  525 	ld	c,(hl)
                            526 ;	genIpush
                            527 ; _saveRegsForCall: sendSetSize: 0 deInUse: 0 bcInUse: 0 deSending: 0
                            528 ;	AOP_STK for 
   0180 23                  529 	inc	hl
   0181 2A                  530 	ld	a,(hl+)
   0182 66                  531 	ld	h,(hl)
   0183 6F                  532 	ld	l,a
   0184 E5                  533 	push	hl
                            534 ;	genIpush
                            535 ;	AOP_STK for __printf_c_5_5
   0185 F8 06               536 	lda	hl,6(sp)
   0187 7E                  537 	ld	a,(hl)
   0188 F5                  538 	push	af
   0189 33                  539 	inc	sp
                            540 ;	genPcall
   018A 21r91s01            541 	ld	hl,#00135$
   018D E5                  542 	push	hl
   018E 68                  543 	ld	l,b
   018F 61                  544 	ld	h,c
   0190 E9                  545 	jp	(hl)
   0191                     546 00135$:
   0191 E8 03               547 	lda	sp,3(sp)
                            548 ;	printf.c 33
                            549 ;	genGoto
   0193 C3r8As02            550 	jp	00112$
                            551 ;	printf.c 40
                            552 ;	genLabel
   0196                     553 00102$:
                            554 ;	printf.c 37
                            555 ;	genPlus
                            556 ;	AOP_STK for 
                            557 ;	genPlusIncr
   0196 F8 0D               558 	lda	hl,13(sp)
   0198 4E                  559 	ld	c,(hl)
   0199 23                  560 	inc	hl
   019A 46                  561 	ld	b,(hl)
   019B 03                  562 	inc	bc
   019C 03                  563 	inc	bc
                            564 ;	genAssign
                            565 ;	AOP_STK for 
   019D 2B                  566 	dec	hl
   019E 71                  567 	ld	(hl),c
   019F 23                  568 	inc	hl
   01A0 70                  569 	ld	(hl),b
                            570 ;	genMinus
   01A1 0B                  571 	dec	bc
   01A2 0B                  572 	dec	bc
                            573 ;	genPointerGet
   01A3 59                  574 	ld	e,c
   01A4 50                  575 	ld	d,b
   01A5 1A                  576 	ld	a,(de)
   01A6 4F                  577 	ld	c,a
   01A7 13                  578 	inc	de
   01A8 1A                  579 	ld	a,(de)
   01A9 47                  580 	ld	b,a
                            581 ;	genAssign
                            582 ;	(registers are the same)
                            583 ;	printf.c 38
                            584 ;	genIpush
                            585 ; _saveRegsForCall: sendSetSize: 0 deInUse: 0 bcInUse: 0 deSending: 0
                            586 ;	AOP_STK for 
   01AA F8 0B               587 	lda	hl,11(sp)
   01AC 2A                  588 	ld	a,(hl+)
   01AD 66                  589 	ld	h,(hl)
   01AE 6F                  590 	ld	l,a
   01AF E5                  591 	push	hl
                            592 ;	genIpush
                            593 ;	AOP_STK for 
   01B0 F8 0B               594 	lda	hl,11(sp)
   01B2 2A                  595 	ld	a,(hl+)
   01B3 66                  596 	ld	h,(hl)
   01B4 6F                  597 	ld	l,a
   01B5 E5                  598 	push	hl
                            599 ;	genIpush
   01B6 3E 00               600 	ld	a,#0x00
   01B8 F5                  601 	push	af
   01B9 33                  602 	inc	sp
                            603 ;	genIpush
   01BA 21 0A 00            604 	ld	hl,#0x000A
   01BD E5                  605 	push	hl
                            606 ;	genIpush
   01BE C5                  607 	push	bc
                            608 ;	genCall
   01BF CDr5Bs00            609 	call	__printn
   01C2 E8 09               610 	lda	sp,9(sp)
                            611 ;	printf.c 39
                            612 ;	genGoto
   01C4 C3r8As02            613 	jp	00112$
                            614 ;	printf.c 46
                            615 ;	genLabel
   01C7                     616 00103$:
                            617 ;	printf.c 43
                            618 ;	genPlus
                            619 ;	AOP_STK for 
                            620 ;	genPlusIncr
   01C7 F8 0D               621 	lda	hl,13(sp)
   01C9 4E                  622 	ld	c,(hl)
   01CA 23                  623 	inc	hl
   01CB 46                  624 	ld	b,(hl)
   01CC 03                  625 	inc	bc
   01CD 03                  626 	inc	bc
                            627 ;	genAssign
                            628 ;	AOP_STK for 
   01CE 2B                  629 	dec	hl
   01CF 71                  630 	ld	(hl),c
   01D0 23                  631 	inc	hl
   01D1 70                  632 	ld	(hl),b
                            633 ;	genMinus
   01D2 0B                  634 	dec	bc
   01D3 0B                  635 	dec	bc
                            636 ;	genPointerGet
   01D4 59                  637 	ld	e,c
   01D5 50                  638 	ld	d,b
   01D6 1A                  639 	ld	a,(de)
   01D7 4F                  640 	ld	c,a
   01D8 13                  641 	inc	de
   01D9 1A                  642 	ld	a,(de)
   01DA 47                  643 	ld	b,a
                            644 ;	genAssign
                            645 ;	(registers are the same)
                            646 ;	printf.c 44
                            647 ;	genIpush
                            648 ; _saveRegsForCall: sendSetSize: 0 deInUse: 0 bcInUse: 0 deSending: 0
                            649 ;	AOP_STK for 
   01DB F8 0B               650 	lda	hl,11(sp)
   01DD 2A                  651 	ld	a,(hl+)
   01DE 66                  652 	ld	h,(hl)
   01DF 6F                  653 	ld	l,a
   01E0 E5                  654 	push	hl
                            655 ;	genIpush
                            656 ;	AOP_STK for 
   01E1 F8 0B               657 	lda	hl,11(sp)
   01E3 2A                  658 	ld	a,(hl+)
   01E4 66                  659 	ld	h,(hl)
   01E5 6F                  660 	ld	l,a
   01E6 E5                  661 	push	hl
                            662 ;	genIpush
   01E7 3E 01               663 	ld	a,#0x01
   01E9 F5                  664 	push	af
   01EA 33                  665 	inc	sp
                            666 ;	genIpush
   01EB 21 0A 00            667 	ld	hl,#0x000A
   01EE E5                  668 	push	hl
                            669 ;	genIpush
   01EF C5                  670 	push	bc
                            671 ;	genCall
   01F0 CDr5Bs00            672 	call	__printn
   01F3 E8 09               673 	lda	sp,9(sp)
                            674 ;	printf.c 45
                            675 ;	genGoto
   01F5 C3r8As02            676 	jp	00112$
                            677 ;	printf.c 52
                            678 ;	genLabel
   01F8                     679 00104$:
                            680 ;	printf.c 49
                            681 ;	genPlus
                            682 ;	AOP_STK for 
                            683 ;	genPlusIncr
   01F8 F8 0D               684 	lda	hl,13(sp)
   01FA 4E                  685 	ld	c,(hl)
   01FB 23                  686 	inc	hl
   01FC 46                  687 	ld	b,(hl)
   01FD 03                  688 	inc	bc
   01FE 03                  689 	inc	bc
                            690 ;	genAssign
                            691 ;	AOP_STK for 
   01FF 2B                  692 	dec	hl
   0200 71                  693 	ld	(hl),c
   0201 23                  694 	inc	hl
   0202 70                  695 	ld	(hl),b
                            696 ;	genMinus
   0203 0B                  697 	dec	bc
   0204 0B                  698 	dec	bc
                            699 ;	genPointerGet
   0205 59                  700 	ld	e,c
   0206 50                  701 	ld	d,b
   0207 1A                  702 	ld	a,(de)
   0208 4F                  703 	ld	c,a
   0209 13                  704 	inc	de
   020A 1A                  705 	ld	a,(de)
   020B 47                  706 	ld	b,a
                            707 ;	genAssign
                            708 ;	(registers are the same)
                            709 ;	printf.c 50
                            710 ;	genIpush
                            711 ; _saveRegsForCall: sendSetSize: 0 deInUse: 0 bcInUse: 0 deSending: 0
                            712 ;	AOP_STK for 
   020C F8 0B               713 	lda	hl,11(sp)
   020E 2A                  714 	ld	a,(hl+)
   020F 66                  715 	ld	h,(hl)
   0210 6F                  716 	ld	l,a
   0211 E5                  717 	push	hl
                            718 ;	genIpush
                            719 ;	AOP_STK for 
   0212 F8 0B               720 	lda	hl,11(sp)
   0214 2A                  721 	ld	a,(hl+)
   0215 66                  722 	ld	h,(hl)
   0216 6F                  723 	ld	l,a
   0217 E5                  724 	push	hl
                            725 ;	genIpush
   0218 3E 00               726 	ld	a,#0x00
   021A F5                  727 	push	af
   021B 33                  728 	inc	sp
                            729 ;	genIpush
   021C 21 10 00            730 	ld	hl,#0x0010
   021F E5                  731 	push	hl
                            732 ;	genIpush
   0220 C5                  733 	push	bc
                            734 ;	genCall
   0221 CDr5Bs00            735 	call	__printn
   0224 E8 09               736 	lda	sp,9(sp)
                            737 ;	printf.c 51
                            738 ;	genGoto
   0226 C3r8As02            739 	jp	00112$
                            740 ;	printf.c 61
                            741 ;	genLabel
   0229                     742 00108$:
                            743 ;	printf.c 55
                            744 ;	genPlus
                            745 ;	AOP_STK for 
                            746 ;	genPlusIncr
   0229 F8 0D               747 	lda	hl,13(sp)
   022B 4E                  748 	ld	c,(hl)
   022C 23                  749 	inc	hl
   022D 46                  750 	ld	b,(hl)
   022E 03                  751 	inc	bc
   022F 03                  752 	inc	bc
                            753 ;	genAssign
                            754 ;	AOP_STK for 
   0230 2B                  755 	dec	hl
   0231 71                  756 	ld	(hl),c
   0232 23                  757 	inc	hl
   0233 70                  758 	ld	(hl),b
                            759 ;	genMinus
   0234 0B                  760 	dec	bc
   0235 0B                  761 	dec	bc
                            762 ;	genPointerGet
   0236 59                  763 	ld	e,c
   0237 50                  764 	ld	d,b
   0238 1A                  765 	ld	a,(de)
   0239 4F                  766 	ld	c,a
   023A 13                  767 	inc	de
   023B 1A                  768 	ld	a,(de)
   023C 47                  769 	ld	b,a
                            770 ;	genAssign
                            771 ;	(registers are the same)
                            772 ;	printf.c 56
                            773 ;	genAssign
                            774 ;	AOP_STK for __printf_s_5_9
   023D F8 02               775 	lda	hl,2(sp)
   023F 71                  776 	ld	(hl),c
   0240 23                  777 	inc	hl
   0241 70                  778 	ld	(hl),b
                            779 ;	genLabel
   0242                     780 00105$:
                            781 ;	genPointerGet
                            782 ;	AOP_STK for __printf_s_5_9
                            783 ;	AOP_STK for __printf_sloc1_1_0
   0242 F8 02               784 	lda	hl,2(sp)
   0244 5E                  785 	ld	e,(hl)
   0245 23                  786 	inc	hl
   0246 56                  787 	ld	d,(hl)
   0247 1A                  788 	ld	a,(de)
   0248 F8 00               789 	lda	hl,0(sp)
   024A 77                  790 	ld	(hl),a
                            791 ;	genIfx
                            792 ;	AOP_STK for __printf_sloc1_1_0
   024B AF                  793 	xor	a,a
   024C B6                  794 	or	a,(hl)
   024D CAr8As02            795 	jp	z,00112$
                            796 ;	printf.c 57
                            797 ;	genAssign
                            798 ;	AOP_STK for 
   0250 F8 09               799 	lda	hl,9(sp)
   0252 4E                  800 	ld	c,(hl)
   0253 23                  801 	inc	hl
   0254 46                  802 	ld	b,(hl)
                            803 ;	genIpush
                            804 ; _saveRegsForCall: sendSetSize: 0 deInUse: 0 bcInUse: 0 deSending: 0
                            805 ;	AOP_STK for 
   0255 23                  806 	inc	hl
   0256 2A                  807 	ld	a,(hl+)
   0257 66                  808 	ld	h,(hl)
   0258 6F                  809 	ld	l,a
   0259 E5                  810 	push	hl
                            811 ;	genIpush
                            812 ;	AOP_STK for __printf_sloc1_1_0
   025A F8 02               813 	lda	hl,2(sp)
   025C 7E                  814 	ld	a,(hl)
   025D F5                  815 	push	af
   025E 33                  816 	inc	sp
                            817 ;	genPcall
   025F 21r66s02            818 	ld	hl,#00136$
   0262 E5                  819 	push	hl
   0263 69                  820 	ld	l,c
   0264 60                  821 	ld	h,b
   0265 E9                  822 	jp	(hl)
   0266                     823 00136$:
   0266 E8 03               824 	lda	sp,3(sp)
                            825 ;	printf.c 58
                            826 ;	genPlus
                            827 ;	AOP_STK for __printf_s_5_9
                            828 ;	genPlusIncr
   0268 F8 02               829 	lda	hl,2(sp)
   026A 34                  830 	inc	(hl)
   026B 20 02               831 	jr	nz,00137$
   026D 23                  832 	inc	hl
   026E 34                  833 	inc	(hl)
   026F                     834 00137$:
                            835 ;	genGoto
   026F C3r42s02            836 	jp	00105$
                            837 ;	printf.c 62
                            838 ;	genLabel
   0272                     839 00111$:
                            840 ;	printf.c 65
                            841 ;	genAssign
                            842 ;	AOP_STK for 
   0272 F8 09               843 	lda	hl,9(sp)
   0274 4E                  844 	ld	c,(hl)
   0275 23                  845 	inc	hl
   0276 46                  846 	ld	b,(hl)
                            847 ;	genIpush
                            848 ; _saveRegsForCall: sendSetSize: 0 deInUse: 0 bcInUse: 0 deSending: 0
                            849 ;	AOP_STK for 
   0277 23                  850 	inc	hl
   0278 2A                  851 	ld	a,(hl+)
   0279 66                  852 	ld	h,(hl)
   027A 6F                  853 	ld	l,a
   027B E5                  854 	push	hl
                            855 ;	genIpush
                            856 ;	AOP_STK for __printf_sloc0_1_0
   027C F8 03               857 	lda	hl,3(sp)
   027E 7E                  858 	ld	a,(hl)
   027F F5                  859 	push	af
   0280 33                  860 	inc	sp
                            861 ;	genPcall
   0281 21r88s02            862 	ld	hl,#00138$
   0284 E5                  863 	push	hl
   0285 69                  864 	ld	l,c
   0286 60                  865 	ld	h,b
   0287 E9                  866 	jp	(hl)
   0288                     867 00138$:
   0288 E8 03               868 	lda	sp,3(sp)
                            869 ;	genLabel
   028A                     870 00112$:
                            871 ;	printf.c 67
                            872 ;	genAssign
                            873 ;	AOP_STK for 
   028A F8 07               874 	lda	hl,7(sp)
   028C 4E                  875 	ld	c,(hl)
   028D 23                  876 	inc	hl
   028E 46                  877 	ld	b,(hl)
                            878 ;	genPlus
                            879 ;	AOP_STK for 
                            880 ;	genPlusIncr
                            881 ;	Can't optimise plus by inc, falling back to the normal way
   028F 21 01 00            882 	ld	hl,#0x0001
   0292 09                  883 	add	hl,bc
   0293 7D                  884 	ld	a,l
   0294 54                  885 	ld	d,h
   0295 F8 07               886 	lda	hl,7(sp)
   0297 22                  887 	ld	(hl+),a
   0298 72                  888 	ld	(hl),d
                            889 ;	genGoto
   0299 C3r2As01            890 	jp	00113$
                            891 ;	genLabel
   029C                     892 00116$:
                            893 ;	genEndFunction
   029C E8 05               894 	lda	sp,5(sp)
   029E C9                  895 	ret
   029F                     896 ____printf_end:
                            897 ;	printf.c 71
                            898 ;	genLabel
                            899 ;	genFunction
                            900 ;	---------------------------------
                            901 ; Function _char_emitter
                            902 ; ---------------------------------
   029F                     903 ____char_emitter_start:
   029F                     904 __char_emitter:
                            905 	
                            906 ;	printf.c 73
                            907 ;	genIpush
                            908 ; _saveRegsForCall: sendSetSize: 0 deInUse: 0 bcInUse: 0 deSending: 0
                            909 ;	AOP_STK for 
   029F F8 02               910 	lda	hl,2(sp)
   02A1 7E                  911 	ld	a,(hl)
   02A2 F5                  912 	push	af
   02A3 33                  913 	inc	sp
                            914 ;	genCall
   02A4 CDr00s00            915 	call	_putchar
   02A7 E8 01               916 	lda	sp,1(sp)
                            917 ;	genLabel
   02A9                     918 00101$:
                            919 ;	genEndFunction
                            920 	
   02A9 C9                  921 	ret
   02AA                     922 ____char_emitter_end:
                            923 ;	printf.c 88
                            924 ;	genLabel
                            925 ;	genFunction
                            926 ;	---------------------------------
                            927 ; Function _sprintf_emitter
                            928 ; ---------------------------------
   02AA                     929 ____sprintf_emitter_start:
   02AA                     930 __sprintf_emitter:
   02AA E8 FE               931 	lda	sp,-2(sp)
                            932 ;	printf.c 91
                            933 ;	genAssign
                            934 ;	AOP_STK for 
   02AC F8 05               935 	lda	hl,5(sp)
   02AE 4E                  936 	ld	c,(hl)
   02AF 23                  937 	inc	hl
   02B0 46                  938 	ld	b,(hl)
                            939 ;	genPointerGet
                            940 ;	AOP_STK for __sprintf_emitter_sloc0_1_0
   02B1 59                  941 	ld	e,c
   02B2 50                  942 	ld	d,b
   02B3 1A                  943 	ld	a,(de)
   02B4 F8 00               944 	lda	hl,0(sp)
   02B6 77                  945 	ld	(hl),a
   02B7 13                  946 	inc	de
   02B8 1A                  947 	ld	a,(de)
   02B9 23                  948 	inc	hl
                            949 ;	genAssign (pointer)
                            950 ;	AOP_STK for __sprintf_emitter_sloc0_1_0
                            951 ;	AOP_STK for 
   02BA 32                  952 	ld      (hl-),a
   02BB 5E                  953 	ld	e,(hl)
   02BC 23                  954 	inc	hl
   02BD 56                  955 	ld	d,(hl)
   02BE F8 04               956 	lda	hl,4(sp)
   02C0 7E                  957 	ld	a,(hl)
   02C1 12                  958 	ld	(de),a
                            959 ;	printf.c 92
                            960 ;	genAssign
                            961 ;	(registers are the same)
                            962 ;	genPointerGet
                            963 ;	AOP_STK for __sprintf_emitter_sloc0_1_0
   02C2 59                  964 	ld	e,c
   02C3 50                  965 	ld	d,b
   02C4 1A                  966 	ld	a,(de)
   02C5 F8 00               967 	lda	hl,0(sp)
   02C7 77                  968 	ld	(hl),a
   02C8 13                  969 	inc	de
   02C9 1A                  970 	ld	a,(de)
   02CA 23                  971 	inc	hl
                            972 ;	genPlus
                            973 ;	AOP_STK for __sprintf_emitter_sloc0_1_0
                            974 ;	genPlusIncr
   02CB 32                  975 	ld      (hl-),a
   02CC 2A                  976 	ld	a,(hl+)
   02CD 66                  977 	ld	h,(hl)
   02CE 6F                  978 	ld	l,a
   02CF 23                  979 	inc	hl
                            980 ;	genAssign (pointer)
   02D0 59                  981 	ld	e,c
   02D1 50                  982 	ld	d,b
   02D2 7D                  983 	ld	a,l
   02D3 12                  984 	ld	(de),a
   02D4 13                  985 	inc	de
   02D5 7C                  986 	ld	a,h
   02D6 12                  987 	ld	(de),a
                            988 ;	genLabel
   02D7                     989 00101$:
                            990 ;	genEndFunction
   02D7 E8 02               991 	lda	sp,2(sp)
   02D9 C9                  992 	ret
   02DA                     993 ____sprintf_emitter_end:
                            994 	.area _HOME
