                              1 ;--------------------------------------------------------
                              2 ; File Created by SDCC : FreeWare ANSI-C Compiler
                              3 ; Version 2.3.1 Wed Sep 04 21:56:18 2019
                              4 
                              5 ;--------------------------------------------------------
                              6 	.module reverse
                              7 	
                              8 ;--------------------------------------------------------
                              9 ; Public variables in this module
                             10 ;--------------------------------------------------------
                             11 	.globl _reverse
                             12 ;--------------------------------------------------------
                             13 ; special function registers
                             14 ;--------------------------------------------------------
                             15 ;--------------------------------------------------------
                             16 ; special function bits 
                             17 ;--------------------------------------------------------
                             18 ;--------------------------------------------------------
                             19 ; internal ram data
                             20 ;--------------------------------------------------------
                             21 	.area _DATA
                             22 ;--------------------------------------------------------
                             23 ; overlayable items in internal ram 
                             24 ;--------------------------------------------------------
                             25 	.area _OVERLAY
                             26 ;--------------------------------------------------------
                             27 ; indirectly addressable internal ram data
                             28 ;--------------------------------------------------------
                             29 	.area _ISEG
                             30 ;--------------------------------------------------------
                             31 ; bit data
                             32 ;--------------------------------------------------------
                             33 	.area _BSEG
                             34 ;--------------------------------------------------------
                             35 ; external ram data
                             36 ;--------------------------------------------------------
                             37 	.area _XSEG
                             38 ;--------------------------------------------------------
                             39 ; global & static initialisations
                             40 ;--------------------------------------------------------
                             41 	.area _GSINIT
                             42 	.area _GSFINAL
                             43 	.area _GSINIT
                             44 ;--------------------------------------------------------
                             45 ; Home
                             46 ;--------------------------------------------------------
                             47 	.area _HOME
                             48 	.area _CODE
                             49 ;--------------------------------------------------------
                             50 ; code
                             51 ;--------------------------------------------------------
                             52 	.area _CODE
                             53 ;	reverse.c 5
                             54 ;	genLabel
                             55 ;	genFunction
                             56 ;	---------------------------------
                             57 ; Function reverse
                             58 ; ---------------------------------
   0000                      59 ___reverse_start:
   0000                      60 _reverse:
   0000 E8 FB                61 	lda	sp,-5(sp)
                             62 ;	reverse.c 11
                             63 ;	genIpush
                             64 ; _saveRegsForCall: sendSetSize: 0 deInUse: 0 bcInUse: 0 deSending: 0
                             65 ;	AOP_STK for 
   0002 F8 07                66 	lda	hl,7(sp)
   0004 2A                   67 	ld	a,(hl+)
   0005 66                   68 	ld	h,(hl)
   0006 6F                   69 	ld	l,a
   0007 E5                   70 	push	hl
                             71 ;	genCall
   0008 CDr00s00             72 	call	_strlen
   000B 42                   73 	ld	b,d
   000C 4B                   74 	ld	c,e
   000D E8 02                75 	lda	sp,2(sp)
                             76 ;	genMinus
   000F 0B                   77 	dec	bc
                             78 ;	genCast
                             79 ; Removed redundent load
                             80 ;	reverse.c 12
                             81 ;	genAssign
                             82 ;	AOP_STK for _reverse_i_1_1
   0010 F8 04                83 	lda	hl,4(sp)
   0012 36 00                84 	ld	(hl),#0x00
                             85 ;	genAssign
                             86 ;	AOP_STK for _reverse_j_1_1
   0014 2B                   87 	dec	hl
   0015 71                   88 	ld	(hl),c
                             89 ;	genLabel
   0016                      90 00101$:
                             91 ;	genCmpLt
                             92 ;	AOP_STK for _reverse_i_1_1
                             93 ;	AOP_STK for _reverse_j_1_1
   0016 F8 04                94 	lda	hl,4(sp)
   0018 7E                   95 	ld	a,(hl)
   0019 2B                   96 	dec	hl
   001A 96                   97 	sub	a,(hl)
   001B D2r53s00             98 	jp	nc,00103$
                             99 ;	reverse.c 13
                            100 ;	genPlus
                            101 ;	AOP_STK for 
                            102 ;	AOP_STK for _reverse_i_1_1
                            103 ;	AOP_STK for _reverse_sloc0_1_0
                            104 ;	Can't optimise plus by inc, falling back to the normal way
   001E F8 07               105 	lda	hl,7(sp)
   0020 5E                  106 	ld	e,(hl)
   0021 23                  107 	inc	hl
   0022 56                  108 	ld	d,(hl)
   0023 F8 04               109 	lda	hl,4(sp)
   0025 6E                  110 	ld	l,(hl)
   0026 26 00               111 	ld	h,#0x00
   0028 19                  112 	add	hl,de
   0029 7D                  113 	ld	a,l
   002A 54                  114 	ld	d,h
   002B F8 00               115 	lda	hl,0(sp)
                            116 ;	genPointerGet
                            117 ;	AOP_STK for _reverse_sloc0_1_0
   002D 22                  118 	ld	(hl+),a
   002E 72                  119 	ld	(hl),d
   002F 5F                  120 	ld	e,a
   0030 1A                  121 	ld	a,(de)
   0031 4F                  122 	ld	c,a
                            123 ;	genAssign
                            124 ;	AOP_STK for _reverse_c_1_1
   0032 23                  125 	inc	hl
   0033 71                  126 	ld	(hl),c
                            127 ;	reverse.c 14
                            128 ;	genPlus
                            129 ;	AOP_STK for 
                            130 ;	AOP_STK for _reverse_j_1_1
                            131 ;	Can't optimise plus by inc, falling back to the normal way
   0034 F8 07               132 	lda	hl,7(sp)
   0036 5E                  133 	ld	e,(hl)
   0037 23                  134 	inc	hl
   0038 56                  135 	ld	d,(hl)
   0039 F8 03               136 	lda	hl,3(sp)
   003B 6E                  137 	ld	l,(hl)
   003C 26 00               138 	ld	h,#0x00
   003E 19                  139 	add	hl,de
   003F 4D                  140 	ld	c,l
   0040 44                  141 	ld	b,h
                            142 ;	genPointerGet
   0041 0A                  143 	ld	a,(bc)
                            144 ;	genAssign (pointer)
                            145 ;	AOP_STK for _reverse_sloc0_1_0
   0042 F8 00               146 	lda	hl,0(sp)
   0044 5E                  147 	ld	e,(hl)
   0045 23                  148 	inc	hl
   0046 56                  149 	ld	d,(hl)
   0047 12                  150 	ld	(de),a
                            151 ;	reverse.c 15
                            152 ;	genAssign (pointer)
                            153 ;	AOP_STK for _reverse_c_1_1
   0048 23                  154 	inc	hl
   0049 7E                  155 	ld	a,(hl)
   004A 02                  156 	ld	(bc),a
                            157 ;	reverse.c 16
                            158 ;	genPlus
                            159 ;	AOP_STK for _reverse_i_1_1
                            160 ;	genPlusIncr
   004B 23                  161 	inc	hl
   004C 23                  162 	inc	hl
   004D 34                  163 	inc	(hl)
                            164 ;	reverse.c 17
                            165 ;	genMinus
                            166 ;	AOP_STK for _reverse_j_1_1
   004E 2B                  167 	dec	hl
   004F 35                  168 	dec	(hl)
                            169 ;	genGoto
   0050 C3r16s00            170 	jp	00101$
                            171 ;	genLabel
   0053                     172 00103$:
                            173 ;	reverse.c 19
                            174 ;	genRet
                            175 ;	AOP_STK for 
   0053 F8 07               176 	lda	hl,7(sp)
   0055 5E                  177 	ld	e,(hl)
   0056 23                  178 	inc	hl
   0057 56                  179 	ld	d,(hl)
                            180 ;	genLabel
   0058                     181 00104$:
                            182 ;	genEndFunction
   0058 E8 05               183 	lda	sp,5(sp)
   005A C9                  184 	ret
   005B                     185 ___reverse_end:
                            186 	.area _CODE
