                              1 ;--------------------------------------------------------
                              2 ; File Created by SDCC : FreeWare ANSI-C Compiler
                              3 ; Version 2.3.1 Wed Sep 04 21:56:19 2019
                              4 
                              5 ;--------------------------------------------------------
                              6 	.module strncat
                              7 	
                              8 ;--------------------------------------------------------
                              9 ; Public variables in this module
                             10 ;--------------------------------------------------------
                             11 	.globl _strncat
                             12 ;--------------------------------------------------------
                             13 ; special function registers
                             14 ;--------------------------------------------------------
                             15 ;--------------------------------------------------------
                             16 ; special function bits 
                             17 ;--------------------------------------------------------
                             18 ;--------------------------------------------------------
                             19 ; internal ram data
                             20 ;--------------------------------------------------------
                             21 	.area _DATA
                             22 ;--------------------------------------------------------
                             23 ; overlayable items in internal ram 
                             24 ;--------------------------------------------------------
                             25 	.area _OVERLAY
                             26 ;--------------------------------------------------------
                             27 ; indirectly addressable internal ram data
                             28 ;--------------------------------------------------------
                             29 	.area _ISEG
                             30 ;--------------------------------------------------------
                             31 ; bit data
                             32 ;--------------------------------------------------------
                             33 	.area _BSEG
                             34 ;--------------------------------------------------------
                             35 ; external ram data
                             36 ;--------------------------------------------------------
                             37 	.area _XSEG
                             38 ;--------------------------------------------------------
                             39 ; global & static initialisations
                             40 ;--------------------------------------------------------
                             41 	.area _GSINIT
                             42 	.area _GSFINAL
                             43 	.area _GSINIT
                             44 ;--------------------------------------------------------
                             45 ; Home
                             46 ;--------------------------------------------------------
                             47 	.area _HOME
                             48 ;	strncat.c 9
                             49 ;	genLabel
                             50 ;	genFunction
                             51 ;	---------------------------------
                             52 ; Function strncat
                             53 ; ---------------------------------
   0000                      54 ___strncat_start:
   0000                      55 _strncat:
   0000 E8 FD                56 	lda	sp,-3(sp)
                             57 ;	strncat.c 13
                             58 ;	genAssign
                             59 ;	AOP_STK for 
                             60 ;	AOP_STK for _strncat_os1_1_1
   0002 F8 05                61 	lda	hl,5(sp)
   0004 2A                   62 	ld	a,(hl+)
   0005 5E                   63 	ld	e,(hl)
   0006 F8 01                64 	lda	hl,1(sp)
   0008 22                   65 	ld	(hl+),a
   0009 73                   66 	ld	(hl),e
                             67 ;	strncat.c 14
                             68 ;	genLabel
   000A                      69 00101$:
                             70 ;	genAssign
                             71 ;	AOP_STK for 
   000A F8 05                72 	lda	hl,5(sp)
   000C 4E                   73 	ld	c,(hl)
   000D 23                   74 	inc	hl
   000E 46                   75 	ld	b,(hl)
                             76 ;	genPointerGet
                             77 ;	AOP_STK for _strncat_sloc0_1_0
   000F 0A                   78 	ld	a,(bc)
   0010 F8 00                79 	lda	hl,0(sp)
   0012 77                   80 	ld	(hl),a
                             81 ;	genPlus
                             82 ;	genPlusIncr
   0013 03                   83 	inc	bc
                             84 ;	genAssign
                             85 ;	AOP_STK for 
   0014 F8 05                86 	lda	hl,5(sp)
   0016 71                   87 	ld	(hl),c
   0017 23                   88 	inc	hl
   0018 70                   89 	ld	(hl),b
                             90 ;	genIfx
                             91 ;	AOP_STK for _strncat_sloc0_1_0
   0019 AF                   92 	xor	a,a
   001A F8 00                93 	lda	hl,0(sp)
   001C B6                   94 	or	a,(hl)
   001D C2r0As00             95 	jp	nz,00101$
                             96 ;	strncat.c 16
                             97 ;	genMinus
                             98 ;	AOP_STK for 
                             99 ; Removed redundent load
                            100 ; Removed redundent load
   0020 11 01 00            101 	ld	de,#0x0001
   0023 79                  102 	ld	a,c
   0024 93                  103 	sub	a,e
   0025 5F                  104 	ld	e,a
   0026 78                  105 	ld	a,b
   0027 9A                  106 	sbc	a,d
   0028 F8 06               107 	lda	hl,6(sp)
   002A 32                  108 	ld      (hl-),a
   002B 73                  109 	ld	(hl),e
                            110 ;	strncat.c 17
                            111 ;	genAssign
                            112 ;	(operands are equal 3)
                            113 ;	genAssign
                            114 ;	(operands are equal 3)
                            115 ;	genLabel
   002C                     116 00106$:
                            117 ;	genAssign
                            118 ;	AOP_STK for 
   002C F8 05               119 	lda	hl,5(sp)
   002E 4E                  120 	ld	c,(hl)
   002F 23                  121 	inc	hl
   0030 46                  122 	ld	b,(hl)
                            123 ;	genPointerGet
                            124 ;	AOP_STK for 
                            125 ;	AOP_STK for _strncat_sloc0_1_0
   0031 23                  126 	inc	hl
   0032 5E                  127 	ld	e,(hl)
   0033 23                  128 	inc	hl
   0034 56                  129 	ld	d,(hl)
   0035 1A                  130 	ld	a,(de)
   0036 F8 00               131 	lda	hl,0(sp)
   0038 77                  132 	ld	(hl),a
                            133 ;	genPlus
                            134 ;	AOP_STK for 
                            135 ;	genPlusIncr
   0039 F8 07               136 	lda	hl,7(sp)
   003B 34                  137 	inc	(hl)
   003C 20 02               138 	jr	nz,00116$
   003E 23                  139 	inc	hl
   003F 34                  140 	inc	(hl)
   0040                     141 00116$:
                            142 ;	genAssign (pointer)
                            143 ;	AOP_STK for _strncat_sloc0_1_0
   0040 F8 00               144 	lda	hl,0(sp)
   0042 7E                  145 	ld	a,(hl)
   0043 02                  146 	ld	(bc),a
                            147 ;	genPlus
                            148 ;	genPlusIncr
   0044 03                  149 	inc	bc
                            150 ;	genAssign
                            151 ;	AOP_STK for 
   0045 F8 05               152 	lda	hl,5(sp)
   0047 71                  153 	ld	(hl),c
   0048 23                  154 	inc	hl
   0049 70                  155 	ld	(hl),b
                            156 ;	genIfx
                            157 ;	AOP_STK for _strncat_sloc0_1_0
   004A AF                  158 	xor	a,a
   004B F8 00               159 	lda	hl,0(sp)
   004D B6                  160 	or	a,(hl)
   004E CAr71s00            161 	jp	z,00108$
                            162 ;	strncat.c 18
                            163 ;	genCmpEq
                            164 ;	AOP_STK for 
                            165 ; genCmpEq: left 2, right 2, result 0
   0051 F8 09               166 	lda	hl,9(sp)
   0053 2A                  167 	ld	a,(hl+)
   0054 B6                  168 	or	a,(hl)
   0055 C2r64s00            169 	jp	nz,00105$
   0058 18 03               170 	jr	00118$
   005A                     171 00117$:
   005A C3r64s00            172 	jp	00105$
   005D                     173 00118$:
                            174 ;	strncat.c 19
                            175 ;	genMinus
   005D 0B                  176 	dec	bc
                            177 ;	genAssign (pointer)
   005E 3E 00               178 	ld	a,#0x00
   0060 02                  179 	ld	(bc),a
                            180 ;	strncat.c 20
                            181 ;	genGoto
   0061 C3r71s00            182 	jp	00108$
                            183 ;	genLabel
   0064                     184 00105$:
                            185 ;	strncat.c 22
                            186 ;	genMinus
                            187 ;	AOP_STK for 
   0064 F8 09               188 	lda	hl,9(sp)
   0066 5E                  189 	ld	e,(hl)
   0067 23                  190 	inc	hl
   0068 56                  191 	ld	d,(hl)
   0069 1B                  192 	dec	de
   006A 2B                  193 	dec	hl
   006B 73                  194 	ld	(hl),e
   006C 23                  195 	inc	hl
   006D 72                  196 	ld	(hl),d
                            197 ;	genGoto
   006E C3r2Cs00            198 	jp	00106$
                            199 ;	genLabel
   0071                     200 00108$:
                            201 ;	strncat.c 24
                            202 ;	genRet
                            203 ;	AOP_STK for _strncat_os1_1_1
   0071 F8 01               204 	lda	hl,1(sp)
   0073 5E                  205 	ld	e,(hl)
   0074 23                  206 	inc	hl
   0075 56                  207 	ld	d,(hl)
                            208 ;	genLabel
   0076                     209 00109$:
                            210 ;	genEndFunction
   0076 E8 03               211 	lda	sp,3(sp)
   0078 C9                  212 	ret
   0079                     213 ___strncat_end:
                            214 	.area _CODE
                            215 ;--------------------------------------------------------
                            216 ; code
                            217 ;--------------------------------------------------------
                            218 	.area _CODE
                            219 	.area _CODE
