                              1 ;--------------------------------------------------------
                              2 ; File Created by SDCC : FreeWare ANSI-C Compiler
                              3 ; Version 2.3.1 Wed Sep 04 21:56:20 2019
                              4 
                              5 ;--------------------------------------------------------
                              6 	.module time
                              7 	
                              8 ;--------------------------------------------------------
                              9 ; Public variables in this module
                             10 ;--------------------------------------------------------
                             11 	.globl _time
                             12 ;--------------------------------------------------------
                             13 ; special function registers
                             14 ;--------------------------------------------------------
                             15 ;--------------------------------------------------------
                             16 ; special function bits 
                             17 ;--------------------------------------------------------
                             18 ;--------------------------------------------------------
                             19 ; internal ram data
                             20 ;--------------------------------------------------------
                             21 	.area _DATA
                             22 ;--------------------------------------------------------
                             23 ; overlayable items in internal ram 
                             24 ;--------------------------------------------------------
                             25 	.area _OVERLAY
                             26 ;--------------------------------------------------------
                             27 ; indirectly addressable internal ram data
                             28 ;--------------------------------------------------------
                             29 	.area _ISEG
                             30 ;--------------------------------------------------------
                             31 ; bit data
                             32 ;--------------------------------------------------------
                             33 	.area _BSEG
                             34 ;--------------------------------------------------------
                             35 ; external ram data
                             36 ;--------------------------------------------------------
                             37 	.area _XSEG
                             38 ;--------------------------------------------------------
                             39 ; global & static initialisations
                             40 ;--------------------------------------------------------
                             41 	.area _GSINIT
                             42 	.area _GSFINAL
                             43 	.area _GSINIT
                             44 ;--------------------------------------------------------
                             45 ; Home
                             46 ;--------------------------------------------------------
                             47 	.area _HOME
                             48 	.area _CODE
                             49 ;--------------------------------------------------------
                             50 ; code
                             51 ;--------------------------------------------------------
                             52 	.area _CODE
                             53 ;	time.c 9
                             54 ;	genLabel
                             55 ;	genFunction
                             56 ;	---------------------------------
                             57 ; Function time
                             58 ; ---------------------------------
   0000                      59 ___time_start:
   0000                      60 _time:
   0000 E8 FE                61 	lda	sp,-2(sp)
                             62 ;	time.c 14
                             63 ;	genCall
                             64 ; _saveRegsForCall: sendSetSize: 0 deInUse: 0 bcInUse: 0 deSending: 0
   0002 CDr00s00             65 	call	_clock
   0005 42                   66 	ld	b,d
   0006 4B                   67 	ld	c,e
                             68 ;	genIpush
                             69 ; _saveRegsForCall: sendSetSize: 0 deInUse: 0 bcInUse: 0 deSending: 0
   0007 21 64 00             70 	ld	hl,#0x0064
   000A E5                   71 	push	hl
                             72 ;	genIpush
   000B C5                   73 	push	bc
                             74 ;	genCall
   000C CDr00s00             75 	call	__divuint_rrx_s
   000F 42                   76 	ld	b,d
   0010 4B                   77 	ld	c,e
   0011 E8 04                78 	lda	sp,4(sp)
                             79 ;	genAssign
                             80 ;	AOP_STK for _time_ret_1_1
   0013 F8 00                81 	lda	hl,0(sp)
   0015 71                   82 	ld	(hl),c
   0016 23                   83 	inc	hl
   0017 70                   84 	ld	(hl),b
                             85 ;	time.c 16
                             86 ;	genIfx
                             87 ;	AOP_STK for 
   0018 F8 04                88 	lda	hl,4(sp)
   001A 2A                   89 	ld	a,(hl+)
   001B B6                   90 	or	a,(hl)
   001C CAr2Ds00             91 	jp	z,00102$
                             92 ;	time.c 17
                             93 ;	genAssign
                             94 ;	AOP_STK for 
   001F 2B                   95 	dec	hl
   0020 4E                   96 	ld	c,(hl)
   0021 23                   97 	inc	hl
   0022 46                   98 	ld	b,(hl)
                             99 ;	genAssign (pointer)
                            100 ;	AOP_STK for _time_ret_1_1
   0023 59                  101 	ld	e,c
   0024 50                  102 	ld	d,b
   0025 F8 00               103 	lda	hl,0(sp)
   0027 7E                  104 	ld	a,(hl)
   0028 12                  105 	ld	(de),a
   0029 13                  106 	inc	de
   002A 23                  107 	inc	hl
   002B 7E                  108 	ld	a,(hl)
   002C 12                  109 	ld	(de),a
                            110 ;	genLabel
   002D                     111 00102$:
                            112 ;	time.c 19
                            113 ;	genRet
                            114 ;	AOP_STK for _time_ret_1_1
   002D F8 00               115 	lda	hl,0(sp)
   002F 5E                  116 	ld	e,(hl)
   0030 23                  117 	inc	hl
   0031 56                  118 	ld	d,(hl)
                            119 ;	genLabel
   0032                     120 00103$:
                            121 ;	genEndFunction
   0032 E8 02               122 	lda	sp,2(sp)
   0034 C9                  123 	ret
   0035                     124 ___time_end:
                            125 	.area _CODE
