                              1 ;--------------------------------------------------------
                              2 ; File Created by SDCC : FreeWare ANSI-C Compiler
                              3 ; Version 2.2.1 Fri Mar 08 21:06:44 2019
                              4 
                              5 ;--------------------------------------------------------
                              6 	.module lcc92520
                              7 	
                              8 ;--------------------------------------------------------
                              9 ; Public variables in this module
                             10 ;--------------------------------------------------------
                             11 	.globl _bank_1
                             12 	.globl _puts
                             13 	.globl _bank_1
                             14 ;--------------------------------------------------------
                             15 ; Externals used
                             16 ;--------------------------------------------------------
                             17 	.globl _IE_REG
                             18 	.globl _SVBK_REG
                             19 	.globl _OCPD_REG
                             20 	.globl _OCPS_REG
                             21 	.globl _BCPD_REG
                             22 	.globl _BCPS_REG
                             23 	.globl _RP_REG
                             24 	.globl _HDMA5_REG
                             25 	.globl _HDMA4_REG
                             26 	.globl _HDMA3_REG
                             27 	.globl _HDMA2_REG
                             28 	.globl _HDMA1_REG
                             29 	.globl _VBK_REG
                             30 	.globl _KEY1_REG
                             31 	.globl _WX_REG
                             32 	.globl _WY_REG
                             33 	.globl _OBP1_REG
                             34 	.globl _OBP0_REG
                             35 	.globl _BGP_REG
                             36 	.globl _DMA_REG
                             37 	.globl _LYC_REG
                             38 	.globl _LY_REG
                             39 	.globl _SCX_REG
                             40 	.globl _SCY_REG
                             41 	.globl _STAT_REG
                             42 	.globl _LCDC_REG
                             43 	.globl _NR52_REG
                             44 	.globl _NR51_REG
                             45 	.globl _NR50_REG
                             46 	.globl _NR44_REG
                             47 	.globl _NR43_REG
                             48 	.globl _NR42_REG
                             49 	.globl _NR41_REG
                             50 	.globl _NR34_REG
                             51 	.globl _NR33_REG
                             52 	.globl _NR32_REG
                             53 	.globl _NR31_REG
                             54 	.globl _NR30_REG
                             55 	.globl _NR24_REG
                             56 	.globl _NR23_REG
                             57 	.globl _NR22_REG
                             58 	.globl _NR21_REG
                             59 	.globl _NR14_REG
                             60 	.globl _NR13_REG
                             61 	.globl _NR12_REG
                             62 	.globl _NR11_REG
                             63 	.globl _NR10_REG
                             64 	.globl _IF_REG
                             65 	.globl _TAC_REG
                             66 	.globl _TMA_REG
                             67 	.globl _TIMA_REG
                             68 	.globl _DIV_REG
                             69 	.globl _SC_REG
                             70 	.globl _SB_REG
                             71 	.globl _P1_REG
                             72 	.globl __io_out
                             73 	.globl __io_in
                             74 	.globl __io_status
                             75 	.globl _sys_time
                             76 	.globl __cpu
                             77 ;--------------------------------------------------------
                             78 ; special function registers
                             79 ;--------------------------------------------------------
                             80 ;--------------------------------------------------------
                             81 ; special function bits 
                             82 ;--------------------------------------------------------
                             83 ;--------------------------------------------------------
                             84 ; internal ram data
                             85 ;--------------------------------------------------------
                             86 	.area _DATA_1
   0000                      87 _var_1::
   0000                      88 	.ds 2
                             89 ;--------------------------------------------------------
                             90 ; overlayable items in internal ram 
                             91 ;--------------------------------------------------------
                             92 	.area _OVERLAY
                             93 ;--------------------------------------------------------
                             94 ; indirectly addressable internal ram data
                             95 ;--------------------------------------------------------
                             96 	.area _ISEG
                             97 ;--------------------------------------------------------
                             98 ; bit data
                             99 ;--------------------------------------------------------
                            100 	.area _BSEG
                            101 ;--------------------------------------------------------
                            102 ; external ram data
                            103 ;--------------------------------------------------------
                            104 	.area _XSEG
                            105 ;--------------------------------------------------------
                            106 ; global & static initialisations
                            107 ;--------------------------------------------------------
                            108 	.area _GSINIT
                            109 	.area _GSFINAL
                            110 	.area _GSINIT
                            111 ;--------------------------------------------------------
                            112 ; Home
                            113 ;--------------------------------------------------------
                            114 	.area _HOME
                            115 ;	bank_1.c 6
                            116 ; genLabel
                            117 ; genFunction
                            118 ;	---------------------------------
                            119 ; Function bank_1
                            120 ; ---------------------------------
   0000                     121 ___bank_1_start:
   0000                     122 _bank_1:
                            123 	
                            124 ;	bank_1.c 8
                            125 ; genIpush
   0000 21 0A 00            126 	ld	hl,#__str_0 + 0
   0003 E5                  127 	push	hl
                            128 ; genCall
   0004 CD 00 00            129 	call	_puts
   0007 E8 02               130 	lda	sp,2(sp)
                            131 ; genLabel
   0009                     132 00101$:
                            133 ; genEndFunction
                            134 	
   0009 C9                  135 	ret
   000A                     136 ___bank_1_end:
   000A                     137 __str_0:
   000A 49 27 6D 20 69 6E   138 	.ascii "I'm in ROM bank 1"
        20 52 4F 4D 20 62
        61 6E 6B 20 31
   001B 00                  139 	.db 0x00
                            140 	.area _CODE_1
                            141 ;--------------------------------------------------------
                            142 ; code
                            143 ;--------------------------------------------------------
                            144 	.area _CODE_1
                            145 	.area _CODE_1
ASxxxx Assembler V01.75  (GameBoy Z80-like CPU), page 1.

Symbol Table

    _BCPD_REG                          **** GX
    _BCPS_REG                          **** GX
    _BGP_REG                           **** GX
    _DIV_REG                           **** GX
    _DMA_REG                           **** GX
    _HDMA1_REG                         **** GX
    _HDMA2_REG                         **** GX
    _HDMA3_REG                         **** GX
    _HDMA4_REG                         **** GX
    _HDMA5_REG                         **** GX
    _IE_REG                            **** GX
    _IF_REG                            **** GX
    _KEY1_REG                          **** GX
    _LCDC_REG                          **** GX
    _LYC_REG                           **** GX
    _LY_REG                            **** GX
    _NR10_REG                          **** GX
    _NR11_REG                          **** GX
    _NR12_REG                          **** GX
    _NR13_REG                          **** GX
    _NR14_REG                          **** GX
    _NR21_REG                          **** GX
    _NR22_REG                          **** GX
    _NR23_REG                          **** GX
    _NR24_REG                          **** GX
    _NR30_REG                          **** GX
    _NR31_REG                          **** GX
    _NR32_REG                          **** GX
    _NR33_REG                          **** GX
    _NR34_REG                          **** GX
    _NR41_REG                          **** GX
    _NR42_REG                          **** GX
    _NR43_REG                          **** GX
    _NR44_REG                          **** GX
    _NR50_REG                          **** GX
    _NR51_REG                          **** GX
    _NR52_REG                          **** GX
    _OBP0_REG                          **** GX
    _OBP1_REG                          **** GX
    _OCPD_REG                          **** GX
    _OCPS_REG                          **** GX
    _P1_REG                            **** GX
    _RP_REG                            **** GX
    _SB_REG                            **** GX
    _SCX_REG                           **** GX
    _SCY_REG                           **** GX
    _SC_REG                            **** GX
    _STAT_REG                          **** GX
    _SVBK_REG                          **** GX
    _TAC_REG                           **** GX
    _TIMA_REG                          **** GX
    _TMA_REG                           **** GX
    _VBK_REG                           **** GX
    _WX_REG                            **** GX
    _WY_REG                            **** GX
  8 ___bank_1_end                      000A R
  8 ___bank_1_start                    0000 R
    __cpu                              **** GX
    __io_in                            **** GX
    __io_out                           **** GX
    __io_status                        **** GX
  8 __str_0                            000A R
  8 _bank_1                            0000 GR
    _puts                              **** GX
    _sys_time                          **** GX
  1 _var_1                             0000 GR

ASxxxx Assembler V01.75  (GameBoy Z80-like CPU), page 2.

Area Table

   0 _CODE                              size    0   flags 0
   1 _DATA_1                            size    2   flags 0
   2 _OVERLAY                           size    0   flags 0
   3 _ISEG                              size    0   flags 0
   4 _BSEG                              size    0   flags 0
   5 _XSEG                              size    0   flags 0
   6 _GSINIT                            size    0   flags 0
   7 _GSFINAL                           size    0   flags 0
   8 _HOME                              size   1C   flags 0
   9 _CODE_1                            size    0   flags 0
