AREA .  .ABS.
	RADIX HEX
	BASE 0000
	SIZE 0000
	ATTRIB ABS OVR
	GLOBALS
		l__HEAP	0000
		l__BSEG	0000
		l_.  .ABS.	0000
		l__GSFINAL	0000
		l__ISEG	0000
		s_.  .ABS.	0000
		s__HEADER	0000
		l__XSEG	0000
		.init	0000
		l__OVERLAY	0000
		l__LIT	0000
		s__SFR	0000
		l__GSINITTAIL	0001
		l__GSINIT	0009
		l__DATA	0022
		l__BSS	0087
		l__HEADER	01EB
		s__CODE	0200
		l__HOME	04E4
		l__CODE	0B00
		s__HOME	0D00
		l__BASE	0F64
		s__BASE	11E4
		s__LIT	2148
		s__GSINIT	2148
		s__GSINITTAIL	2151
		s__GSFINAL	2152
		.OAM	C000
		s__DATA	C0A0
		s__BSS	C0C2
		s__HEAP	C149
		s__BSEG	C149
		s__ISEG	C149
		s__XSEG	C149
		s__OVERLAY	C149
		.STACK	E000
		.refresh_OAM	FF80
		l__SFR	10000
AREA _CODE
	RADIX HEX
	BASE 0200
	SIZE 0B00
	ATTRIB REL CON
	GLOBALS
		_main	0200
		_send_byte	056B
		_receive_byte	057E
		_putchar	058F
		_setchar	0598
		_gotoxy	05A1
		_posx	05AC
		_posy	05BD
		.adv_gcurs	05CE
		.circle	05EB
		.horlin	068E
		.verlin	06C6
		.circplot	0722
		.box	07A0
		.line	0876
		.xonly	0997
		.yonly	0AE6
		.plot	0B07
		.wrbyte	0B24
		.getpix	0BA6
		.wrtchr	0BDB
		_gotogxy	0C3F
		_wrtchr	0C4A
		_getpix	0C5F
		_color	0C6B
		_circle	0C7A
		_box	0C94
		_line	0CB8
		_plot_point	0CD0
		_plot	0CE4
AREA _HEADER
	RADIX HEX
	BASE 0000
	SIZE 01EB
	ATTRIB ABS OVR
	GLOBALS
		_exit	01D2
AREA _HOME
	RADIX HEX
	BASE 0D00
	SIZE 04E4
	ATTRIB REL CON
	GLOBALS
		.set_mode	0D00
		.remove_VBL	0D10
		.remove_LCD	0D16
		.remove_TIM	0D1C
		.remove_SIO	0D22
		.remove_JOY	0D28
		.add_VBL	0D2E
		.add_LCD	0D34
		.add_TIM	0D3A
		.add_SIO	0D40
		.add_JOY	0D46
		.remove_int	0D4C
		.add_int	0D6C
		.wait_vbl_done	0D88
		_wait_vbl_done	0D88
		_display_off	0D9F
		.display_off	0D9F
		.serial_IO	0DC0
		_mode	0DEF
		_get_mode	0DF8
		_enable_interrupts	0DFD
		_disable_interrupts	0DFF
		_reset	0E01
		.reset	0E01
		_set_interrupts	0E07
		_remove_VBL	0E12
		_remove_LCD	0E1D
		_remove_TIM	0E28
		_remove_SIO	0E33
		_remove_JOY	0E3E
		_add_VBL	0E49
		_add_LCD	0E54
		_add_TIM	0E5F
		_add_SIO	0E6A
		_add_JOY	0E75
		_clock	0E80
		__printTStates	0E89
		banked_call	0E8A
		banked_ret	0EA3
		_puts	0EAC
		_printf	0EE1
		_sprintf	0F10
AREA _BASE
	RADIX HEX
	BASE 11E4
	SIZE 0F64
	ATTRIB REL CON
	GLOBALS
		.padup	11E4
		_waitpadup	11E4
		.jpad	11F4
		.wait_pad	1221
		_joypad	1228
		_waitpad	122D
		font_copy_uncompressed	1237
		font_copy_compressed	126D
		font_load	12C2
		font_copy_current	130A
		font_set	1352
		.put_char	135F
		.out_char	1378
		.del_char	137F
		_font_load	13DA
		_font_set	13E8
		_font_init	13F7
		_cls	1419
		.cls	1419
		.cr_curs	144B
		.adv_curs	1460
		.tmode	14BC
		.tmode_out	14E5
		_font_load_ibm_fixed	14F5
		_font_ibm_fixed	14FC
		_font_ibm_fixed_tiles	15FE
		.gmode	1DFE
		.vbl	1E60
		.lcd	1E6B
		.draw_image	1E78
		.switch_data	1E82
		_switch_data	1EB9
		_draw_image	1ED4
		.y_table	1EE7
		.init_vram	2007
		.init_wtt	2015
		.init_btt	2025
		.init_tt	2033
		__modslong	2039
		__divslong	2039
		__mulslong	2039
		__divschar	203A
		__modschar	2046
		__divsint	2051
		__modsint	2062
		__divuchar	2071
		__moduchar	207D
		__divuint	2088
		__moduint	2099
		.mod8	20A8
		.div8	20A8
		.mod16	20B0
		.div16	20B0
		.modu8	20E6
		.divu8	20E6
		.modu16	20E9
		.divu16	20E9
		.copy_vram	2126
		_get_data	2135
		_set_data	2135
AREA _LIT
	RADIX HEX
	BASE 2148
	SIZE 0000
	ATTRIB REL CON
AREA _GSINIT
	RADIX HEX
	BASE 2148
	SIZE 0009
	ATTRIB REL CON
	GLOBALS
		gsinit	2148
AREA _GSINITTAIL
	RADIX HEX
	BASE 2151
	SIZE 0001
	ATTRIB REL CON
AREA _GSFINAL
	RADIX HEX
	BASE 2152
	SIZE 0000
	ATTRIB REL CON
AREA _DATA
	RADIX HEX
	BASE C0A0
	SIZE 0022
	ATTRIB REL CON
	GLOBALS
		_str	C0A0
		_buffer	C0A2
AREA _BSS
	RADIX HEX
	BASE C0C2
	SIZE 0087
	ATTRIB REL CON
	GLOBALS
		__cpu	C0C2
		.mode	C0C3
		__io_out	C0C4
		__io_in	C0C5
		__io_status	C0C6
		.vbl_done	C0C7
		__current_bank	C0C8
		_sys_time	C0C9
		.sys_time	C0C9
		.int_0x40	C0CB
		.int_0x48	C0DB
		.int_0x50	C0EB
		.int_0x58	C0FB
		.int_0x60	C10B
		font_current	C11B
		font_first_free_tile	C11E
		font_table	C11F
		.curx	C131
		.cury	C132
		.fg_colour	C133
		.bg_colour	C134
AREA _HEAP
	RADIX HEX
	BASE C149
	SIZE 0000
	ATTRIB REL CON
	GLOBALS
		_malloc_heap_start	C149
AREA _OVERLAY
	RADIX HEX
	BASE C149
	SIZE 0000
	ATTRIB REL CON
AREA _ISEG
	RADIX HEX
	BASE C149
	SIZE 0000
	ATTRIB REL CON
AREA _BSEG
	RADIX HEX
	BASE C149
	SIZE 0000
	ATTRIB REL CON
AREA _XSEG
	RADIX HEX
	BASE C149
	SIZE 0000
	ATTRIB REL CON
AREA _SFR
	RADIX HEX
	BASE 0000
	SIZE 10000
	ATTRIB ABS OVR
	GLOBALS
		_P1_REG	FF00
		_SB_REG	FF01
		_SC_REG	FF02
		_DIV_REG	FF04
		_TIMA_REG	FF05
		_TMA_REG	FF06
		_TAC_REG	FF07
		_IF_REG	FF0F
		_NR10_REG	FF10
		_NR11_REG	FF11
		_NR12_REG	FF12
		_NR13_REG	FF13
		_NR14_REG	FF14
		_NR21_REG	FF16
		_NR22_REG	FF17
		_NR23_REG	FF18
		_NR24_REG	FF19
		_NR30_REG	FF1A
		_NR31_REG	FF1B
		_NR32_REG	FF1C
		_NR33_REG	FF1D
		_NR34_REG	FF1E
		_NR41_REG	FF20
		_NR42_REG	FF21
		_NR43_REG	FF22
		_NR44_REG	FF23
		_NR50_REG	FF24
		_NR51_REG	FF25
		_NR52_REG	FF26
		_LCDC_REG	FF40
		_STAT_REG	FF41
		_SCY_REG	FF42
		_SCX_REG	FF43
		_LY_REG	FF44
		_LYC_REG	FF45
		_DMA_REG	FF46
		_BGP_REG	FF47
		_OBP0_REG	FF48
		_OBP1_REG	FF49
		_WY_REG	FF4A
		_WX_REG	FF4B
		_KEY1_REG	FF4D
		_VBK_REG	FF4F
		_HDMA1_REG	FF51
		_HDMA2_REG	FF52
		_HDMA3_REG	FF53
		_HDMA4_REG	FF54
		_HDMA5_REG	FF55
		_RP_REG	FF56
		_BCPS_REG	FF68
		_BCPD_REG	FF69
		_OCPS_REG	FF6A
		_OCPD_REG	FF6B
		_SVBK_REG	FF70
		_IE_REG	FFFF
MODULES
	FILE C:\Users\chris\Documents\gb-rpg-builder\abcdef\gbdk\lib/small/asxxxx/gb/crt0.o
		NAME Runtime
	FILE comm.o
		NAME lcc130280
LIBRARIES
	LIBRARY C:\Users\chris\Documents\gb-rpg-builder\abcdef\gbdk\lib/small/asxxxx/gb/gb.lib
		MODULE sfr.o
	LIBRARY C:\Users\chris\Documents\gb-rpg-builder\abcdef\gbdk\lib/small/asxxxx/gb/gb.lib
		MODULE pad.o
	LIBRARY C:\Users\chris\Documents\gb-rpg-builder\abcdef\gbdk\lib/small/asxxxx/gb/gb.lib
		MODULE serial.o
	LIBRARY C:\Users\chris\Documents\gb-rpg-builder\abcdef\gbdk\lib/small/asxxxx/gb/gb.lib
		MODULE font.o
	LIBRARY C:\Users\chris\Documents\gb-rpg-builder\abcdef\gbdk\lib/small/asxxxx/gb/gb.lib
		MODULE ibmfixed.o
	LIBRARY C:\Users\chris\Documents\gb-rpg-builder\abcdef\gbdk\lib/small/asxxxx/gb/gb.lib
		MODULE drawing.o
	LIBRARY C:\Users\chris\Documents\gb-rpg-builder\abcdef\gbdk\lib/small/asxxxx/gbz80/gbz80.lib
		MODULE puts.o
	LIBRARY C:\Users\chris\Documents\gb-rpg-builder\abcdef\gbdk\lib/small/asxxxx/gbz80/gbz80.lib
		MODULE printf.o
	LIBRARY C:\Users\chris\Documents\gb-rpg-builder\abcdef\gbdk\lib/small/asxxxx/gb/gb.lib
		MODULE init_tt.o
	LIBRARY C:\Users\chris\Documents\gb-rpg-builder\abcdef\gbdk\lib/small/asxxxx/gbz80/gbz80.lib
		MODULE div.o
	LIBRARY C:\Users\chris\Documents\gb-rpg-builder\abcdef\gbdk\lib/small/asxxxx/gb/gb.lib
		MODULE cpy_data.o
USERBASEDEF
	_CODE=0x0200
	_DATA=0xC0A0
	_CODE_1=0x4000
USERGLOBALDEF
	.OAM=0xC000
	.STACK=0xE000
	.refresh_OAM=0xFF80
	.init=0x0000
