AREA .  .ABS.
	RADIX HEX
	BASE 0000
	SIZE 0000
	ATTRIB ABS OVR
	GLOBALS
		l__DATA	0000
		l__HEAP	0000
		l__BSEG	0000
		l_.  .ABS.	0000
		l__GSFINAL	0000
		l__ISEG	0000
		s_.  .ABS.	0000
		s__HEADER	0000
		l__XSEG	0000
		.init	0000
		l__OVERLAY	0000
		l__LIT	0000
		l__GSINIT	0000
		s__SFR	0000
		l__GSINITTAIL	0001
		l__BSS	0087
		l__HEADER	01EB
		s__CODE	0200
		l__HOME	0360
		l__CODE	09FB
		s__HOME	0BFB
		l__BASE	0F11
		s__BASE	0F5B
		s__GSINITTAIL	1E6C
		s__LIT	1E6C
		s__GSINIT	1E6C
		s__GSFINAL	1E6D
		.OAM	C000
		s__DATA	C0A0
		s__BSS	C0A0
		s__HEAP	C127
		s__BSEG	C127
		s__ISEG	C127
		s__XSEG	C127
		s__OVERLAY	C127
		.STACK	E000
		.refresh_OAM	FF80
		l__SFR	10000
AREA _CODE
	RADIX HEX
	BASE 0200
	SIZE 09FB
	ATTRIB REL CON
	GLOBALS
		_main	0200
		.adv_gcurs	0412
		.circle	042F
		.horlin	04D2
		.verlin	050A
		.circplot	0566
		.box	05E4
		.line	06BA
		.xonly	07DB
		.yonly	092A
		.plot	094B
		.wrbyte	0968
		.getpix	09EA
		.wrtchr	0A1F
		_gotogxy	0A83
		_wrtchr	0A8E
		_getpix	0AA3
		_color	0AAF
		_circle	0ABE
		_box	0AD8
		_line	0AFC
		_plot_point	0B14
		_plot	0B28
		_gprintn	0B44
		_putchar	0BBC
		_setchar	0BC5
		_gotoxy	0BCE
		_posx	0BD9
		_posy	0BEA
AREA _HEADER
	RADIX HEX
	BASE 0000
	SIZE 01EB
	ATTRIB ABS OVR
	GLOBALS
		_exit	01D2
AREA _HOME
	RADIX HEX
	BASE 0BFB
	SIZE 0360
	ATTRIB REL CON
	GLOBALS
		.set_mode	0BFB
		.remove_VBL	0C0B
		.remove_LCD	0C11
		.remove_TIM	0C17
		.remove_SIO	0C1D
		.remove_JOY	0C23
		.add_VBL	0C29
		.add_LCD	0C2F
		.add_TIM	0C35
		.add_SIO	0C3B
		.add_JOY	0C41
		.remove_int	0C47
		.add_int	0C67
		.wait_vbl_done	0C83
		_wait_vbl_done	0C83
		_display_off	0C9A
		.display_off	0C9A
		.serial_IO	0CBB
		_mode	0CEA
		_get_mode	0CF3
		_enable_interrupts	0CF8
		_disable_interrupts	0CFA
		_reset	0CFC
		.reset	0CFC
		_set_interrupts	0D02
		_remove_VBL	0D0D
		_remove_LCD	0D18
		_remove_TIM	0D23
		_remove_SIO	0D2E
		_remove_JOY	0D39
		_add_VBL	0D44
		_add_LCD	0D4F
		_add_TIM	0D5A
		_add_SIO	0D65
		_add_JOY	0D70
		_clock	0D7B
		__printTStates	0D84
		banked_call	0D85
		banked_ret	0D9E
		_gprintf	0DA7
		_digits	0F1C
		_gprint	0F2F
AREA _BASE
	RADIX HEX
	BASE 0F5B
	SIZE 0F11
	ATTRIB REL CON
	GLOBALS
		.gmode	0F5B
		.vbl	0FBD
		.lcd	0FC8
		.draw_image	0FD5
		.switch_data	0FDF
		_switch_data	1016
		_draw_image	1031
		.y_table	1044
		_font_load_ibm_fixed	1164
		_font_ibm_fixed	116B
		_font_ibm_fixed_tiles	126D
		font_copy_uncompressed	1A6D
		font_copy_compressed	1AA3
		font_load	1AF8
		font_copy_current	1B40
		font_set	1B88
		.put_char	1B95
		.out_char	1BAE
		.del_char	1BB5
		_font_load	1C10
		_font_set	1C1E
		_font_init	1C2D
		_cls	1C4F
		.cls	1C4F
		.cr_curs	1C81
		.adv_curs	1C96
		.tmode	1CF2
		.tmode_out	1D1B
		.init_vram	1D2B
		.init_wtt	1D39
		.init_btt	1D49
		.init_tt	1D57
		.copy_vram	1D5D
		_get_data	1D6C
		_set_data	1D6C
		__modslong	1D7F
		__divslong	1D7F
		__mulslong	1D7F
		__divschar	1D80
		__modschar	1D8C
		__divsint	1D97
		__modsint	1DA8
		__divuchar	1DB7
		__moduchar	1DC3
		__divuint	1DCE
		__moduint	1DDF
		.mod8	1DEE
		.div8	1DEE
		.mod16	1DF6
		.div16	1DF6
		.modu8	1E2C
		.divu8	1E2C
		.modu16	1E2F
		.divu16	1E2F
AREA _LIT
	RADIX HEX
	BASE 1E6C
	SIZE 0000
	ATTRIB REL CON
AREA _GSINIT
	RADIX HEX
	BASE 1E6C
	SIZE 0000
	ATTRIB REL CON
	GLOBALS
		gsinit	1E6C
AREA _GSINITTAIL
	RADIX HEX
	BASE 1E6C
	SIZE 0001
	ATTRIB REL CON
AREA _GSFINAL
	RADIX HEX
	BASE 1E6D
	SIZE 0000
	ATTRIB REL CON
AREA _DATA
	RADIX HEX
	BASE C0A0
	SIZE 0000
	ATTRIB REL CON
AREA _BSS
	RADIX HEX
	BASE C0A0
	SIZE 0087
	ATTRIB REL CON
	GLOBALS
		__cpu	C0A0
		.mode	C0A1
		__io_out	C0A2
		__io_in	C0A3
		__io_status	C0A4
		.vbl_done	C0A5
		__current_bank	C0A6
		_sys_time	C0A7
		.sys_time	C0A7
		.int_0x40	C0A9
		.int_0x48	C0B9
		.int_0x50	C0C9
		.int_0x58	C0D9
		.int_0x60	C0E9
		.fg_colour	C0F9
		.bg_colour	C0FA
		font_current	C10C
		font_first_free_tile	C10F
		font_table	C110
		.curx	C122
		.cury	C123
AREA _HEAP
	RADIX HEX
	BASE C127
	SIZE 0000
	ATTRIB REL CON
	GLOBALS
		_malloc_heap_start	C127
AREA _OVERLAY
	RADIX HEX
	BASE C127
	SIZE 0000
	ATTRIB REL CON
AREA _ISEG
	RADIX HEX
	BASE C127
	SIZE 0000
	ATTRIB REL CON
AREA _BSEG
	RADIX HEX
	BASE C127
	SIZE 0000
	ATTRIB REL CON
AREA _XSEG
	RADIX HEX
	BASE C127
	SIZE 0000
	ATTRIB REL CON
AREA _SFR
	RADIX HEX
	BASE 0000
	SIZE 10000
	ATTRIB ABS OVR
	GLOBALS
		_P1_REG	FF00
		_SB_REG	FF01
		_SC_REG	FF02
		_DIV_REG	FF04
		_TIMA_REG	FF05
		_TMA_REG	FF06
		_TAC_REG	FF07
		_IF_REG	FF0F
		_NR10_REG	FF10
		_NR11_REG	FF11
		_NR12_REG	FF12
		_NR13_REG	FF13
		_NR14_REG	FF14
		_NR21_REG	FF16
		_NR22_REG	FF17
		_NR23_REG	FF18
		_NR24_REG	FF19
		_NR30_REG	FF1A
		_NR31_REG	FF1B
		_NR32_REG	FF1C
		_NR33_REG	FF1D
		_NR34_REG	FF1E
		_NR41_REG	FF20
		_NR42_REG	FF21
		_NR43_REG	FF22
		_NR44_REG	FF23
		_NR50_REG	FF24
		_NR51_REG	FF25
		_NR52_REG	FF26
		_LCDC_REG	FF40
		_STAT_REG	FF41
		_SCY_REG	FF42
		_SCX_REG	FF43
		_LY_REG	FF44
		_LYC_REG	FF45
		_DMA_REG	FF46
		_BGP_REG	FF47
		_OBP0_REG	FF48
		_OBP1_REG	FF49
		_WY_REG	FF4A
		_WX_REG	FF4B
		_KEY1_REG	FF4D
		_VBK_REG	FF4F
		_HDMA1_REG	FF51
		_HDMA2_REG	FF52
		_HDMA3_REG	FF53
		_HDMA4_REG	FF54
		_HDMA5_REG	FF55
		_RP_REG	FF56
		_BCPS_REG	FF68
		_BCPD_REG	FF69
		_OCPS_REG	FF6A
		_OCPD_REG	FF6B
		_SVBK_REG	FF70
		_IE_REG	FFFF
MODULES
	FILE C:\Users\chris\Documents\gb-rpg-builder\abcdef\gbdk\lib/small/asxxxx/gb/crt0.o
		NAME Runtime
	FILE filltest.o
		NAME lcc153760
LIBRARIES
	LIBRARY C:\Users\chris\Documents\gb-rpg-builder\abcdef\gbdk\lib/small/asxxxx/gb/gb.lib
		MODULE sfr.o
	LIBRARY C:\Users\chris\Documents\gb-rpg-builder\abcdef\gbdk\lib/small/asxxxx/gb/gb.lib
		MODULE drawing.o
	LIBRARY C:\Users\chris\Documents\gb-rpg-builder\abcdef\gbdk\lib/small/asxxxx/gb/gb.lib
		MODULE gprintf.o
	LIBRARY C:\Users\chris\Documents\gb-rpg-builder\abcdef\gbdk\lib/small/asxxxx/gb/gb.lib
		MODULE ibmfixed.o
	LIBRARY C:\Users\chris\Documents\gb-rpg-builder\abcdef\gbdk\lib/small/asxxxx/gb/gb.lib
		MODULE gprintn.o
	LIBRARY C:\Users\chris\Documents\gb-rpg-builder\abcdef\gbdk\lib/small/asxxxx/gb/gb.lib
		MODULE digits.o
	LIBRARY C:\Users\chris\Documents\gb-rpg-builder\abcdef\gbdk\lib/small/asxxxx/gb/gb.lib
		MODULE gprint.o
	LIBRARY C:\Users\chris\Documents\gb-rpg-builder\abcdef\gbdk\lib/small/asxxxx/gb/gb.lib
		MODULE font.o
	LIBRARY C:\Users\chris\Documents\gb-rpg-builder\abcdef\gbdk\lib/small/asxxxx/gb/gb.lib
		MODULE init_tt.o
	LIBRARY C:\Users\chris\Documents\gb-rpg-builder\abcdef\gbdk\lib/small/asxxxx/gb/gb.lib
		MODULE cpy_data.o
	LIBRARY C:\Users\chris\Documents\gb-rpg-builder\abcdef\gbdk\lib/small/asxxxx/gbz80/gbz80.lib
		MODULE div.o
USERBASEDEF
	_CODE=0x0200
	_DATA=0xC0A0
	_CODE_1=0x4000
USERGLOBALDEF
	.OAM=0xC000
	.STACK=0xE000
	.refresh_OAM=0xFF80
	.init=0x0000
