AREA .  .ABS.
	RADIX HEX
	BASE 0000
	SIZE 0000
	ATTRIB ABS OVR
	GLOBALS
		l__HEAP	0000
		l__BSEG	0000
		l_.  .ABS.	0000
		l__GSFINAL	0000
		l__ISEG	0000
		s_.  .ABS.	0000
		s__HEADER	0000
		l__XSEG	0000
		.init	0000
		l__OVERLAY	0000
		l__LIT	0000
		l__GSINIT	0000
		s__SFR	0000
		l__GSINITTAIL	0001
		l__DATA	001D
		l__BSS	0059
		l__HOME	01AC
		l__BASE	01CF
		l__HEADER	01E1
		s__CODE	0200
		l__CODE	117C
		s__HOME	137C
		s__BASE	1528
		s__GSINITTAIL	16F7
		s__LIT	16F7
		s__GSINIT	16F7
		s__GSFINAL	16F8
		.OAM	C000
		s__DATA	C0A0
		s__BSS	C0BD
		s__HEAP	C116
		s__BSEG	C116
		s__ISEG	C116
		s__XSEG	C116
		s__OVERLAY	C116
		.STACK	E000
		.refresh_OAM	FF80
		l__SFR	10000
AREA _CODE
	RADIX HEX
	BASE 0200
	SIZE 117C
	ATTRIB REL CON
	GLOBALS
		_fade	0200
		_std_data	027D
		_earth_data	02BD
		_frame_data	047D
		_bkg_data	068D
		_bkg_tiles	095D
		_earth_tiles	099D
		_frame_tiles	09AB
		_door1_tiles	0A4B
		_door2_tiles	0ADB
		_door3_tiles	0B5F
		_door4_tiles	0BE3
		_film	0C67
		_scroll	0C99
		_door	0E72
		_animate_sprite	0F0F
		_tile_sprite	0F3A
		_place_sprite	0F72
		_main	0FD5
AREA _HEADER
	RADIX HEX
	BASE 0000
	SIZE 01E1
	ATTRIB ABS OVR
	GLOBALS
		_exit	01D2
AREA _HOME
	RADIX HEX
	BASE 137C
	SIZE 01AC
	ATTRIB REL CON
	GLOBALS
		.set_mode	137C
		.remove_VBL	138C
		.remove_LCD	1392
		.remove_TIM	1398
		.remove_SIO	139E
		.remove_JOY	13A4
		.add_VBL	13AA
		.add_LCD	13B0
		.add_TIM	13B6
		.add_SIO	13BC
		.add_JOY	13C2
		.remove_int	13C8
		.add_int	13E8
		.wait_vbl_done	1404
		_wait_vbl_done	1404
		_display_off	141B
		.display_off	141B
		.serial_IO	143C
		_mode	146B
		_get_mode	1474
		_enable_interrupts	1479
		_disable_interrupts	147B
		_reset	147D
		.reset	147D
		_set_interrupts	1483
		_remove_VBL	148E
		_remove_LCD	1499
		_remove_TIM	14A4
		_remove_SIO	14AF
		_remove_JOY	14BA
		_add_VBL	14C5
		_add_LCD	14D0
		_add_TIM	14DB
		_add_SIO	14E6
		_add_JOY	14F1
		_clock	14FC
		__printTStates	1505
		banked_call	1506
		banked_ret	151F
AREA _BASE
	RADIX HEX
	BASE 1528
	SIZE 01CF
	ATTRIB REL CON
	GLOBALS
		.set_sprite_prop	1528
		_set_sprite_prop	1535
		.mv_sprite	1540
		_move_sprite	154F
		_set_win_data	155C
		_set_bkg_data	155C
		_set_sprite_data	15A9
		_set_win_tiles	15D8
		.padup	15EC
		_waitpadup	15EC
		.jpad	15FC
		.wait_pad	1629
		_joypad	1630
		_waitpad	1635
		.set_sprite_tile	163F
		_set_sprite_tile	164C
		.copy_vram	1657
		_get_data	1666
		_set_data	1666
		_set_bkg_tiles	1679
		.set_xy_wtt	168D
		.set_xy_btt	169E
		.set_xy_tt	16AD
		_set_tiles	16DE
AREA _LIT
	RADIX HEX
	BASE 16F7
	SIZE 0000
	ATTRIB REL CON
AREA _GSINIT
	RADIX HEX
	BASE 16F7
	SIZE 0000
	ATTRIB REL CON
	GLOBALS
		gsinit	16F7
AREA _GSINITTAIL
	RADIX HEX
	BASE 16F7
	SIZE 0001
	ATTRIB REL CON
AREA _GSFINAL
	RADIX HEX
	BASE 16F8
	SIZE 0000
	ATTRIB REL CON
AREA _DATA
	RADIX HEX
	BASE C0A0
	SIZE 001D
	ATTRIB REL CON
	GLOBALS
		_doorstate	C0A1
		_doorpos	C0A2
		_sframe	C0A4
		_bposx	C0A5
		_bposy	C0A7
		_bspx	C0A9
		_bspy	C0AB
		_wposx	C0AD
		_wposy	C0AF
		_wspx	C0B1
		_wspy	C0B3
		_sposx	C0B5
		_sposy	C0B7
		_sspx	C0B9
		_sspy	C0BB
AREA _BSS
	RADIX HEX
	BASE C0BD
	SIZE 0059
	ATTRIB REL CON
	GLOBALS
		__cpu	C0BD
		.mode	C0BE
		__io_out	C0BF
		__io_in	C0C0
		__io_status	C0C1
		.vbl_done	C0C2
		__current_bank	C0C3
		_sys_time	C0C4
		.sys_time	C0C4
		.int_0x40	C0C6
		.int_0x48	C0D6
		.int_0x50	C0E6
		.int_0x58	C0F6
		.int_0x60	C106
AREA _HEAP
	RADIX HEX
	BASE C116
	SIZE 0000
	ATTRIB REL CON
	GLOBALS
		_malloc_heap_start	C116
AREA _OVERLAY
	RADIX HEX
	BASE C116
	SIZE 0000
	ATTRIB REL CON
AREA _ISEG
	RADIX HEX
	BASE C116
	SIZE 0000
	ATTRIB REL CON
AREA _BSEG
	RADIX HEX
	BASE C116
	SIZE 0000
	ATTRIB REL CON
AREA _XSEG
	RADIX HEX
	BASE C116
	SIZE 0000
	ATTRIB REL CON
AREA _SFR
	RADIX HEX
	BASE 0000
	SIZE 10000
	ATTRIB ABS OVR
	GLOBALS
		_P1_REG	FF00
		_SB_REG	FF01
		_SC_REG	FF02
		_DIV_REG	FF04
		_TIMA_REG	FF05
		_TMA_REG	FF06
		_TAC_REG	FF07
		_IF_REG	FF0F
		_NR10_REG	FF10
		_NR11_REG	FF11
		_NR12_REG	FF12
		_NR13_REG	FF13
		_NR14_REG	FF14
		_NR21_REG	FF16
		_NR22_REG	FF17
		_NR23_REG	FF18
		_NR24_REG	FF19
		_NR30_REG	FF1A
		_NR31_REG	FF1B
		_NR32_REG	FF1C
		_NR33_REG	FF1D
		_NR34_REG	FF1E
		_NR41_REG	FF20
		_NR42_REG	FF21
		_NR43_REG	FF22
		_NR44_REG	FF23
		_NR50_REG	FF24
		_NR51_REG	FF25
		_NR52_REG	FF26
		_LCDC_REG	FF40
		_STAT_REG	FF41
		_SCY_REG	FF42
		_SCX_REG	FF43
		_LY_REG	FF44
		_LYC_REG	FF45
		_DMA_REG	FF46
		_BGP_REG	FF47
		_OBP0_REG	FF48
		_OBP1_REG	FF49
		_WY_REG	FF4A
		_WX_REG	FF4B
		_KEY1_REG	FF4D
		_VBK_REG	FF4F
		_HDMA1_REG	FF51
		_HDMA2_REG	FF52
		_HDMA3_REG	FF53
		_HDMA4_REG	FF54
		_HDMA5_REG	FF55
		_RP_REG	FF56
		_BCPS_REG	FF68
		_BCPD_REG	FF69
		_OCPS_REG	FF6A
		_OCPD_REG	FF6B
		_SVBK_REG	FF70
		_IE_REG	FFFF
MODULES
	FILE C:\Users\chris\Documents\gb-rpg-builder\abcdef\gbdk\lib/small/asxxxx/gb/crt0.o
		NAME Runtime
	FILE galaxy.o
		NAME lcc60520
LIBRARIES
	LIBRARY C:\Users\chris\Documents\gb-rpg-builder\abcdef\gbdk\lib/small/asxxxx/gb/gb.lib
		MODULE sfr.o
	LIBRARY C:\Users\chris\Documents\gb-rpg-builder\abcdef\gbdk\lib/small/asxxxx/gb/gb.lib
		MODULE set_prop.o
	LIBRARY C:\Users\chris\Documents\gb-rpg-builder\abcdef\gbdk\lib/small/asxxxx/gb/gb.lib
		MODULE mv_spr.o
	LIBRARY C:\Users\chris\Documents\gb-rpg-builder\abcdef\gbdk\lib/small/asxxxx/gb/gb.lib
		MODULE set_data.o
	LIBRARY C:\Users\chris\Documents\gb-rpg-builder\abcdef\gbdk\lib/small/asxxxx/gb/gb.lib
		MODULE set_wi_t.o
	LIBRARY C:\Users\chris\Documents\gb-rpg-builder\abcdef\gbdk\lib/small/asxxxx/gb/gb.lib
		MODULE pad.o
	LIBRARY C:\Users\chris\Documents\gb-rpg-builder\abcdef\gbdk\lib/small/asxxxx/gb/gb.lib
		MODULE set_spr.o
	LIBRARY C:\Users\chris\Documents\gb-rpg-builder\abcdef\gbdk\lib/small/asxxxx/gb/gb.lib
		MODULE cpy_data.o
	LIBRARY C:\Users\chris\Documents\gb-rpg-builder\abcdef\gbdk\lib/small/asxxxx/gb/gb.lib
		MODULE set_bk_t.o
	LIBRARY C:\Users\chris\Documents\gb-rpg-builder\abcdef\gbdk\lib/small/asxxxx/gb/gb.lib
		MODULE set_xy_t.o
USERBASEDEF
	_CODE=0x0200
	_DATA=0xC0A0
	_CODE_1=0x4000
USERGLOBALDEF
	.OAM=0xC000
	.STACK=0xE000
	.refresh_OAM=0xFF80
	.init=0x0000
