                              1 ;--------------------------------------------------------
                              2 ; File Created by SDCC : FreeWare ANSI-C Compiler
                              3 ; Version 2.2.1 Sat Mar 09 01:19:53 2019
                              4 
                              5 ;--------------------------------------------------------
                              6 	.module lcc150760
                              7 	
                              8 ;--------------------------------------------------------
                              9 ; Public variables in this module
                             10 ;--------------------------------------------------------
                             11 	.globl _main
                             12 	.globl _print_counter
                             13 	.globl _inc
                             14 	.globl _memcpy
                             15 	.globl _puts
                             16 	.globl _printf
                             17 	.globl _hiramcpy
                             18 	.globl _counter
                             19 	.globl _main
                             20 	.globl _print_counter
                             21 	.globl _inc
                             22 ;--------------------------------------------------------
                             23 ; Externals used
                             24 ;--------------------------------------------------------
                             25 	.globl _IE_REG
                             26 	.globl _SVBK_REG
                             27 	.globl _OCPD_REG
                             28 	.globl _OCPS_REG
                             29 	.globl _BCPD_REG
                             30 	.globl _BCPS_REG
                             31 	.globl _RP_REG
                             32 	.globl _HDMA5_REG
                             33 	.globl _HDMA4_REG
                             34 	.globl _HDMA3_REG
                             35 	.globl _HDMA2_REG
                             36 	.globl _HDMA1_REG
                             37 	.globl _VBK_REG
                             38 	.globl _KEY1_REG
                             39 	.globl _WX_REG
                             40 	.globl _WY_REG
                             41 	.globl _OBP1_REG
                             42 	.globl _OBP0_REG
                             43 	.globl _BGP_REG
                             44 	.globl _DMA_REG
                             45 	.globl _LYC_REG
                             46 	.globl _LY_REG
                             47 	.globl _SCX_REG
                             48 	.globl _SCY_REG
                             49 	.globl _STAT_REG
                             50 	.globl _LCDC_REG
                             51 	.globl _NR52_REG
                             52 	.globl _NR51_REG
                             53 	.globl _NR50_REG
                             54 	.globl _NR44_REG
                             55 	.globl _NR43_REG
                             56 	.globl _NR42_REG
                             57 	.globl _NR41_REG
                             58 	.globl _NR34_REG
                             59 	.globl _NR33_REG
                             60 	.globl _NR32_REG
                             61 	.globl _NR31_REG
                             62 	.globl _NR30_REG
                             63 	.globl _NR24_REG
                             64 	.globl _NR23_REG
                             65 	.globl _NR22_REG
                             66 	.globl _NR21_REG
                             67 	.globl _NR14_REG
                             68 	.globl _NR13_REG
                             69 	.globl _NR12_REG
                             70 	.globl _NR11_REG
                             71 	.globl _NR10_REG
                             72 	.globl _IF_REG
                             73 	.globl _TAC_REG
                             74 	.globl _TMA_REG
                             75 	.globl _TIMA_REG
                             76 	.globl _DIV_REG
                             77 	.globl _SC_REG
                             78 	.globl _SB_REG
                             79 	.globl _P1_REG
                             80 	.globl __io_out
                             81 	.globl __io_in
                             82 	.globl __io_status
                             83 	.globl _sys_time
                             84 	.globl __cpu
                             85 ;--------------------------------------------------------
                             86 ; special function registers
                             87 ;--------------------------------------------------------
                             88 ;--------------------------------------------------------
                             89 ; special function bits 
                             90 ;--------------------------------------------------------
                             91 ;--------------------------------------------------------
                             92 ; internal ram data
                             93 ;--------------------------------------------------------
                             94 	.area _DATA
   0000                      95 _counter::
   0000                      96 	.ds 2
                             97 ;--------------------------------------------------------
                             98 ; overlayable items in internal ram 
                             99 ;--------------------------------------------------------
                            100 	.area _OVERLAY
                            101 ;--------------------------------------------------------
                            102 ; indirectly addressable internal ram data
                            103 ;--------------------------------------------------------
                            104 	.area _ISEG
                            105 ;--------------------------------------------------------
                            106 ; bit data
                            107 ;--------------------------------------------------------
                            108 	.area _BSEG
                            109 ;--------------------------------------------------------
                            110 ; external ram data
                            111 ;--------------------------------------------------------
                            112 	.area _XSEG
                            113 ;--------------------------------------------------------
                            114 ; global & static initialisations
                            115 ;--------------------------------------------------------
                            116 	.area _GSINIT
                            117 	.area _GSFINAL
                            118 	.area _GSINIT
                            119 ;--------------------------------------------------------
                            120 ; Home
                            121 ;--------------------------------------------------------
                            122 	.area _HOME
                            123 	.area _CODE
                            124 ;--------------------------------------------------------
                            125 ; code
                            126 ;--------------------------------------------------------
                            127 	.area _CODE
                            128 ;	ram_fn.c 7
                            129 ; genLabel
                            130 ; genFunction
                            131 ;	---------------------------------
                            132 ; Function inc
                            133 ; ---------------------------------
   0000                     134 ___inc_start:
   0000                     135 _inc:
                            136 	
                            137 ;	ram_fn.c 9
                            138 ; genPlus
                            139 ; AOP_HL for _counter
                            140 ; genPlusIncr
   0000 21 00 00            141 	ld	hl,#_counter + 0
   0003 34                  142 	inc	(hl)
   0004 20 02               143 	jr	nz,00103$
   0006 23                  144 	inc	hl
   0007 34                  145 	inc	(hl)
   0008                     146 00103$:
                            147 ; genLabel
   0008                     148 00101$:
                            149 ; genEndFunction
                            150 	
   0008 C9                  151 	ret
   0009                     152 ___inc_end:
                            153 ;	ram_fn.c 12
                            154 ; genLabel
                            155 ; genFunction
                            156 ;	---------------------------------
                            157 ; Function print_counter
                            158 ; ---------------------------------
   0009                     159 ___print_counter_start:
   0009                     160 _print_counter:
                            161 	
                            162 ;	ram_fn.c 14
                            163 ; genIpush
                            164 ; AOP_HL for _counter
   0009 21 00 00            165 	ld	hl,#_counter + 0
   000C 2A                  166 	ld	a,(hl+)
   000D 66                  167 	ld	h,(hl)
   000E 6F                  168 	ld	l,a
   000F E5                  169 	push	hl
                            170 ; genIpush
   0010 21 1A 00            171 	ld	hl,#__str_0 + 0
   0013 E5                  172 	push	hl
                            173 ; genCall
   0014 CD 00 00            174 	call	_printf
   0017 E8 04               175 	lda	sp,4(sp)
                            176 ; genLabel
   0019                     177 00101$:
                            178 ; genEndFunction
                            179 	
   0019 C9                  180 	ret
   001A                     181 ___print_counter_end:
   001A                     182 __str_0:
   001A 20 43 6F 75 6E 74   183 	.ascii " Counter is %u"
        65 72 20 69 73 20
        25 75
   0028 0A                  184 	.db 0x0A
   0029 00                  185 	.db 0x00
                            186 ;	ram_fn.c 17
                            187 ; genLabel
                            188 ; genFunction
                            189 ;	---------------------------------
                            190 ; Function main
                            191 ; ---------------------------------
   002A                     192 ___main_start:
   002A                     193 _main:
   002A C5                  194 	push	bc
   002B E8 FF               195 	lda	sp,-1(sp)
                            196 ;	ram_fn.c 27
                            197 ; genIpush
   002D 21 C4 00            198 	ld	hl,#__str_1 + 0
   0030 E5                  199 	push	hl
                            200 ; genCall
   0031 CD 00 00            201 	call	_puts
   0034 E8 02               202 	lda	sp,2(sp)
                            203 ;	ram_fn.c 28
                            204 ; genAssign
                            205 ; AOP_HL for _counter
   0036 21 00 00            206 	ld	hl,#_counter + 0
   0039 36 00               207 	ld	(hl),#0x00
   003B 23                  208 	inc	hl
   003C 36 00               209 	ld	(hl),#0x00
                            210 ;	ram_fn.c 30
                            211 ; genMinus
   003E 3E 09               212 	ld	a,#<___inc_end
   0040 D6 00               213 	sub	a,#<___inc_start
   0042 4F                  214 	ld	c,a
   0043 3E 00               215 	ld	a,#>___inc_end
   0045 DE 00               216 	sbc	a,#>___inc_start
   0047 47                  217 	ld	b,a
                            218 ; genCast
                            219 ; AOP_STK for _main_sloc0_1_0
   0048 F8 00               220 	lda	hl,0(sp)
   004A 71                  221 	ld	(hl),c
                            222 ; genIpush
                            223 ; AOP_STK for _main_sloc0_1_0
   004B 7E                  224 	ld	a,(hl)
   004C F5                  225 	push	af
   004D 33                  226 	inc	sp
                            227 ; genIpush
   004E 21 00 00            228 	ld	hl,#___inc_start + 0
   0051 E5                  229 	push	hl
                            230 ; genIpush
   0052 3E A0               231 	ld	a,#0xA0
   0054 F5                  232 	push	af
   0055 33                  233 	inc	sp
                            234 ; genCall
   0056 CD 00 00            235 	call	_hiramcpy
   0059 E8 04               236 	lda	sp,4(sp)
                            237 ;	ram_fn.c 32
                            238 ; genIpush
   005B C5                  239 	push	bc
                            240 ; genIpush
   005C 21 00 00            241 	ld	hl,#___inc_start + 0
   005F E5                  242 	push	hl
                            243 ; genIpush
   0060 21 00 D0            244 	ld	hl,#0xD000
   0063 E5                  245 	push	hl
                            246 ; genCall
   0064 CD 00 00            247 	call	_memcpy
   0067 E8 06               248 	lda	sp,6(sp)
                            249 ;	ram_fn.c 34
                            250 ; genCall
   0069 CD 09 00            251 	call	_print_counter
                            252 ;	ram_fn.c 37
                            253 ; genIpush
   006C 21 D5 00            254 	ld	hl,#__str_2 + 0
   006F E5                  255 	push	hl
                            256 ; genCall
   0070 CD 00 00            257 	call	_puts
   0073 E8 02               258 	lda	sp,2(sp)
                            259 ;	ram_fn.c 38
                            260 ; genCall
   0075 CD 00 00            261 	call	_inc
                            262 ;	ram_fn.c 39
                            263 ; genCall
   0078 CD 09 00            264 	call	_print_counter
                            265 ;	ram_fn.c 42
                            266 ; genIpush
   007B 21 DE 00            267 	ld	hl,#__str_3 + 0
   007E E5                  268 	push	hl
                            269 ; genCall
   007F CD 00 00            270 	call	_puts
   0082 E8 02               271 	lda	sp,2(sp)
                            272 ;	ram_fn.c 43
                            273 ; genCall
   0084 CD 00 00            274 	call	_inc_ram
                            275 ;	ram_fn.c 44
                            276 ; genCall
   0087 CD 09 00            277 	call	_print_counter
                            278 ;	ram_fn.c 47
                            279 ; genIpush
   008A 21 EE 00            280 	ld	hl,#__str_4 + 0
   008D E5                  281 	push	hl
                            282 ; genCall
   008E CD 00 00            283 	call	_puts
   0091 E8 02               284 	lda	sp,2(sp)
                            285 ;	ram_fn.c 48
                            286 ; genPcall
                            287 ; Special case where the pCall is to a constant
   0093 CD 00 D0            288 	call	0xD000
                            289 ;	ram_fn.c 49
                            290 ; genCall
   0096 CD 09 00            291 	call	_print_counter
                            292 ;	ram_fn.c 52
                            293 ; genIpush
   0099 21 00 01            294 	ld	hl,#__str_5 + 0
   009C E5                  295 	push	hl
                            296 ; genCall
   009D CD 00 00            297 	call	_puts
   00A0 E8 02               298 	lda	sp,2(sp)
                            299 ;	ram_fn.c 53
                            300 ; genCall
   00A2 CD 00 00            301 	call	_inc_hiram
                            302 ;	ram_fn.c 54
                            303 ; genCall
   00A5 CD 09 00            304 	call	_print_counter
                            305 ;	ram_fn.c 57
                            306 ; genIpush
   00A8 21 12 01            307 	ld	hl,#__str_6 + 0
   00AB E5                  308 	push	hl
                            309 ; genCall
   00AC CD 00 00            310 	call	_puts
   00AF E8 02               311 	lda	sp,2(sp)
                            312 ;	ram_fn.c 58
                            313 ; genPcall
                            314 ; Special case where the pCall is to a constant
   00B1 CD A0 FF            315 	call	0xFFA0
                            316 ;	ram_fn.c 59
                            317 ; genCall
   00B4 CD 09 00            318 	call	_print_counter
                            319 ;	ram_fn.c 61
                            320 ; genIpush
   00B7 21 26 01            321 	ld	hl,#__str_7 + 0
   00BA E5                  322 	push	hl
                            323 ; genCall
   00BB CD 00 00            324 	call	_puts
   00BE E8 02               325 	lda	sp,2(sp)
                            326 ; genLabel
   00C0                     327 00101$:
                            328 ; genEndFunction
   00C0 E8 01               329 	lda	sp,1(sp)
   00C2 C1                  330 	pop	bc
   00C3 C9                  331 	ret
   00C4                     332 ___main_end:
   00C4                     333 __str_1:
   00C4 50 72 6F 67 72 61   334 	.ascii "Program Start..."
        6D 20 53 74 61 72
        74 2E 2E 2E
   00D4 00                  335 	.db 0x00
   00D5                     336 __str_2:
   00D5 43 61 6C 6C 20 52   337 	.ascii "Call ROM"
        4F 4D
   00DD 00                  338 	.db 0x00
   00DE                     339 __str_3:
   00DE 43 61 6C 6C 20 52   340 	.ascii "Call RAM direct"
        41 4D 20 64 69 72
        65 63 74
   00ED 00                  341 	.db 0x00
   00EE                     342 __str_4:
   00EE 43 61 6C 6C 20 52   343 	.ascii "Call RAM indirect"
        41 4D 20 69 6E 64
        69 72 65 63 74
   00FF 00                  344 	.db 0x00
   0100                     345 __str_5:
   0100 43 61 6C 6C 20 48   346 	.ascii "Call HIRAM direct"
        49 52 41 4D 20 64
        69 72 65 63 74
   0111 00                  347 	.db 0x00
   0112                     348 __str_6:
   0112 43 61 6C 6C 20 48   349 	.ascii "Call HIRAM indirect"
        49 52 41 4D 20 69
        6E 64 69 72 65 63
        74
   0125 00                  350 	.db 0x00
   0126                     351 __str_7:
   0126 54 68 65 20 45 6E   352 	.ascii "The End..."
        64 2E 2E 2E
   0130 00                  353 	.db 0x00
                            354 	.area _CODE
ASxxxx Assembler V01.75  (GameBoy Z80-like CPU), page 1.

Symbol Table

    _BCPD_REG                          **** GX
    _BCPS_REG                          **** GX
    _BGP_REG                           **** GX
    _DIV_REG                           **** GX
    _DMA_REG                           **** GX
    _HDMA1_REG                         **** GX
    _HDMA2_REG                         **** GX
    _HDMA3_REG                         **** GX
    _HDMA4_REG                         **** GX
    _HDMA5_REG                         **** GX
    _IE_REG                            **** GX
    _IF_REG                            **** GX
    _KEY1_REG                          **** GX
    _LCDC_REG                          **** GX
    _LYC_REG                           **** GX
    _LY_REG                            **** GX
    _NR10_REG                          **** GX
    _NR11_REG                          **** GX
    _NR12_REG                          **** GX
    _NR13_REG                          **** GX
    _NR14_REG                          **** GX
    _NR21_REG                          **** GX
    _NR22_REG                          **** GX
    _NR23_REG                          **** GX
    _NR24_REG                          **** GX
    _NR30_REG                          **** GX
    _NR31_REG                          **** GX
    _NR32_REG                          **** GX
    _NR33_REG                          **** GX
    _NR34_REG                          **** GX
    _NR41_REG                          **** GX
    _NR42_REG                          **** GX
    _NR43_REG                          **** GX
    _NR44_REG                          **** GX
    _NR50_REG                          **** GX
    _NR51_REG                          **** GX
    _NR52_REG                          **** GX
    _OBP0_REG                          **** GX
    _OBP1_REG                          **** GX
    _OCPD_REG                          **** GX
    _OCPS_REG                          **** GX
    _P1_REG                            **** GX
    _RP_REG                            **** GX
    _SB_REG                            **** GX
    _SCX_REG                           **** GX
    _SCY_REG                           **** GX
    _SC_REG                            **** GX
    _STAT_REG                          **** GX
    _SVBK_REG                          **** GX
    _TAC_REG                           **** GX
    _TIMA_REG                          **** GX
    _TMA_REG                           **** GX
    _VBK_REG                           **** GX
    _WX_REG                            **** GX
    _WY_REG                            **** GX
  0 ___inc_end                         0009 R
  0 ___inc_start                       0000 R
  0 ___main_end                        00C4 R
  0 ___main_start                      002A R
  0 ___print_counter_end               001A R
  0 ___print_counter_start             0009 R
    __cpu                              **** GX
    __io_in                            **** GX
    __io_out                           **** GX
    __io_status                        **** GX
  0 __str_0                            001A R
  0 __str_1                            00C4 R
  0 __str_2                            00D5 R
  0 __str_3                            00DE R
  0 __str_4                            00EE R
  0 __str_5                            0100 R
  0 __str_6                            0112 R
  0 __str_7                            0126 R
  1 _counter                           0000 GR
    _hiramcpy                          **** GX
  0 _inc                               0000 GR
    _inc_hiram                         **** GX
    _inc_ram                           **** GX
  0 _main                              002A GR
    _memcpy                            **** GX
  0 _print_counter                     0009 GR
    _printf                            **** GX
    _puts                              **** GX
    _sys_time                          **** GX

ASxxxx Assembler V01.75  (GameBoy Z80-like CPU), page 2.

Area Table

   0 _CODE                              size  131   flags 0
   1 _DATA                              size    2   flags 0
   2 _OVERLAY                           size    0   flags 0
   3 _ISEG                              size    0   flags 0
   4 _BSEG                              size    0   flags 0
   5 _XSEG                              size    0   flags 0
   6 _GSINIT                            size    0   flags 0
   7 _GSFINAL                           size    0   flags 0
   8 _HOME                              size    0   flags 0
