AREA .  .ABS.
	RADIX HEX
	BASE 0000
	SIZE 0000
	ATTRIB ABS OVR
	GLOBALS
		l__HEAP	0000
		l__BSEG	0000
		l_.  .ABS.	0000
		l__GSFINAL	0000
		l__ISEG	0000
		s_.  .ABS.	0000
		s__HEADER	0000
		l__XSEG	0000
		.init	0000
		l__OVERLAY	0000
		l__LIT	0000
		l__GSINIT	0000
		s__SFR	0000
		l__GSINITTAIL	0001
		l__DATA	0002
		l__BSS	0087
		l__HEADER	01EB
		s__CODE	0200
		l__HOME	04E4
		l__CODE	08A2
		s__HOME	0AA2
		l__BASE	0F7E
		s__BASE	0F86
		s__GSINITTAIL	1F04
		s__LIT	1F04
		s__GSINIT	1F04
		s__GSFINAL	1F05
		.OAM	C000
		s__DATA	C0A0
		s__BSS	C0A2
		s__HEAP	C129
		s__BSEG	C129
		s__ISEG	C129
		s__XSEG	C129
		s__OVERLAY	C129
		_inc_ram	D000
		.STACK	E000
		.refresh_OAM	FF80
		_inc_hiram	FFA0
		l__SFR	10000
AREA _CODE
	RADIX HEX
	BASE 0200
	SIZE 08A2
	ATTRIB REL CON
	GLOBALS
		_inc	0200
		_print_counter	0209
		_main	022A
		_putchar	0331
		_setchar	033A
		_gotoxy	0343
		_posx	034E
		_posy	035F
		.adv_gcurs	0370
		.circle	038D
		.horlin	0430
		.verlin	0468
		.circplot	04C4
		.box	0542
		.line	0618
		.xonly	0739
		.yonly	0888
		.plot	08A9
		.wrbyte	08C6
		.getpix	0948
		.wrtchr	097D
		_gotogxy	09E1
		_wrtchr	09EC
		_getpix	0A01
		_color	0A0D
		_circle	0A1C
		_box	0A36
		_line	0A5A
		_plot_point	0A72
		_plot	0A86
AREA _HEADER
	RADIX HEX
	BASE 0000
	SIZE 01EB
	ATTRIB ABS OVR
	GLOBALS
		_exit	01D2
AREA _HOME
	RADIX HEX
	BASE 0AA2
	SIZE 04E4
	ATTRIB REL CON
	GLOBALS
		.set_mode	0AA2
		.remove_VBL	0AB2
		.remove_LCD	0AB8
		.remove_TIM	0ABE
		.remove_SIO	0AC4
		.remove_JOY	0ACA
		.add_VBL	0AD0
		.add_LCD	0AD6
		.add_TIM	0ADC
		.add_SIO	0AE2
		.add_JOY	0AE8
		.remove_int	0AEE
		.add_int	0B0E
		.wait_vbl_done	0B2A
		_wait_vbl_done	0B2A
		_display_off	0B41
		.display_off	0B41
		.serial_IO	0B62
		_mode	0B91
		_get_mode	0B9A
		_enable_interrupts	0B9F
		_disable_interrupts	0BA1
		_reset	0BA3
		.reset	0BA3
		_set_interrupts	0BA9
		_remove_VBL	0BB4
		_remove_LCD	0BBF
		_remove_TIM	0BCA
		_remove_SIO	0BD5
		_remove_JOY	0BE0
		_add_VBL	0BEB
		_add_LCD	0BF6
		_add_TIM	0C01
		_add_SIO	0C0C
		_add_JOY	0C17
		_clock	0C22
		__printTStates	0C2B
		banked_call	0C2C
		banked_ret	0C45
		_puts	0C4E
		_printf	0C83
		_sprintf	0CB2
AREA _BASE
	RADIX HEX
	BASE 0F86
	SIZE 0F7E
	ATTRIB REL CON
	GLOBALS
		_strcpy	0F86
		_memcpy	0F98
		_strcmp	0FB8
		.hiramcpy	0FDC
		_hiramcpy	0FE3
		__modslong	0FF3
		__divslong	0FF3
		__mulslong	0FF3
		__divschar	0FF4
		__modschar	1000
		__divsint	100B
		__modsint	101C
		__divuchar	102B
		__moduchar	1037
		__divuint	1042
		__moduint	1053
		.mod8	1062
		.div8	1062
		.mod16	106A
		.div16	106A
		.modu8	10A0
		.divu8	10A0
		.modu16	10A3
		.divu16	10A3
		font_copy_uncompressed	10E0
		font_copy_compressed	1116
		font_load	116B
		font_copy_current	11B3
		font_set	11FB
		.put_char	1208
		.out_char	1221
		.del_char	1228
		_font_load	1283
		_font_set	1291
		_font_init	12A0
		_cls	12C2
		.cls	12C2
		.cr_curs	12F4
		.adv_curs	1309
		.tmode	1365
		.tmode_out	138E
		_font_load_ibm_fixed	139E
		_font_ibm_fixed	13A5
		_font_ibm_fixed_tiles	14A7
		.gmode	1CA7
		.vbl	1D09
		.lcd	1D14
		.draw_image	1D21
		.switch_data	1D2B
		_switch_data	1D62
		_draw_image	1D7D
		.y_table	1D90
		.init_vram	1EB0
		.init_wtt	1EBE
		.init_btt	1ECE
		.init_tt	1EDC
		.copy_vram	1EE2
		_get_data	1EF1
		_set_data	1EF1
AREA _LIT
	RADIX HEX
	BASE 1F04
	SIZE 0000
	ATTRIB REL CON
AREA _GSINIT
	RADIX HEX
	BASE 1F04
	SIZE 0000
	ATTRIB REL CON
	GLOBALS
		gsinit	1F04
AREA _GSINITTAIL
	RADIX HEX
	BASE 1F04
	SIZE 0001
	ATTRIB REL CON
AREA _GSFINAL
	RADIX HEX
	BASE 1F05
	SIZE 0000
	ATTRIB REL CON
AREA _DATA
	RADIX HEX
	BASE C0A0
	SIZE 0002
	ATTRIB REL CON
	GLOBALS
		_counter	C0A0
AREA _BSS
	RADIX HEX
	BASE C0A2
	SIZE 0087
	ATTRIB REL CON
	GLOBALS
		__cpu	C0A2
		.mode	C0A3
		__io_out	C0A4
		__io_in	C0A5
		__io_status	C0A6
		.vbl_done	C0A7
		__current_bank	C0A8
		_sys_time	C0A9
		.sys_time	C0A9
		.int_0x40	C0AB
		.int_0x48	C0BB
		.int_0x50	C0CB
		.int_0x58	C0DB
		.int_0x60	C0EB
		font_current	C0FE
		font_first_free_tile	C101
		font_table	C102
		.curx	C114
		.cury	C115
		.fg_colour	C116
		.bg_colour	C117
AREA _HEAP
	RADIX HEX
	BASE C129
	SIZE 0000
	ATTRIB REL CON
	GLOBALS
		_malloc_heap_start	C129
AREA _OVERLAY
	RADIX HEX
	BASE C129
	SIZE 0000
	ATTRIB REL CON
AREA _ISEG
	RADIX HEX
	BASE C129
	SIZE 0000
	ATTRIB REL CON
AREA _BSEG
	RADIX HEX
	BASE C129
	SIZE 0000
	ATTRIB REL CON
AREA _XSEG
	RADIX HEX
	BASE C129
	SIZE 0000
	ATTRIB REL CON
AREA _SFR
	RADIX HEX
	BASE 0000
	SIZE 10000
	ATTRIB ABS OVR
	GLOBALS
		_P1_REG	FF00
		_SB_REG	FF01
		_SC_REG	FF02
		_DIV_REG	FF04
		_TIMA_REG	FF05
		_TMA_REG	FF06
		_TAC_REG	FF07
		_IF_REG	FF0F
		_NR10_REG	FF10
		_NR11_REG	FF11
		_NR12_REG	FF12
		_NR13_REG	FF13
		_NR14_REG	FF14
		_NR21_REG	FF16
		_NR22_REG	FF17
		_NR23_REG	FF18
		_NR24_REG	FF19
		_NR30_REG	FF1A
		_NR31_REG	FF1B
		_NR32_REG	FF1C
		_NR33_REG	FF1D
		_NR34_REG	FF1E
		_NR41_REG	FF20
		_NR42_REG	FF21
		_NR43_REG	FF22
		_NR44_REG	FF23
		_NR50_REG	FF24
		_NR51_REG	FF25
		_NR52_REG	FF26
		_LCDC_REG	FF40
		_STAT_REG	FF41
		_SCY_REG	FF42
		_SCX_REG	FF43
		_LY_REG	FF44
		_LYC_REG	FF45
		_DMA_REG	FF46
		_BGP_REG	FF47
		_OBP0_REG	FF48
		_OBP1_REG	FF49
		_WY_REG	FF4A
		_WX_REG	FF4B
		_KEY1_REG	FF4D
		_VBK_REG	FF4F
		_HDMA1_REG	FF51
		_HDMA2_REG	FF52
		_HDMA3_REG	FF53
		_HDMA4_REG	FF54
		_HDMA5_REG	FF55
		_RP_REG	FF56
		_BCPS_REG	FF68
		_BCPD_REG	FF69
		_OCPS_REG	FF6A
		_OCPD_REG	FF6B
		_SVBK_REG	FF70
		_IE_REG	FFFF
MODULES
	FILE C:\Users\chris\Documents\gb-rpg-builder\abcdef\gbdk\lib/small/asxxxx/gb/crt0.o
		NAME Runtime
	FILE ram_fn.o
		NAME lcc121520
LIBRARIES
	LIBRARY C:\Users\chris\Documents\gb-rpg-builder\abcdef\gbdk\lib/small/asxxxx/gb/gb.lib
		MODULE sfr.o
	LIBRARY C:\Users\chris\Documents\gb-rpg-builder\abcdef\gbdk\lib/small/asxxxx/gbz80/gbz80.lib
		MODULE asm_string.o
	LIBRARY C:\Users\chris\Documents\gb-rpg-builder\abcdef\gbdk\lib/small/asxxxx/gbz80/gbz80.lib
		MODULE puts.o
	LIBRARY C:\Users\chris\Documents\gb-rpg-builder\abcdef\gbdk\lib/small/asxxxx/gbz80/gbz80.lib
		MODULE printf.o
	LIBRARY C:\Users\chris\Documents\gb-rpg-builder\abcdef\gbdk\lib/small/asxxxx/gb/gb.lib
		MODULE hiramcpy.o
	LIBRARY C:\Users\chris\Documents\gb-rpg-builder\abcdef\gbdk\lib/small/asxxxx/gbz80/gbz80.lib
		MODULE div.o
	LIBRARY C:\Users\chris\Documents\gb-rpg-builder\abcdef\gbdk\lib/small/asxxxx/gb/gb.lib
		MODULE font.o
	LIBRARY C:\Users\chris\Documents\gb-rpg-builder\abcdef\gbdk\lib/small/asxxxx/gb/gb.lib
		MODULE ibmfixed.o
	LIBRARY C:\Users\chris\Documents\gb-rpg-builder\abcdef\gbdk\lib/small/asxxxx/gb/gb.lib
		MODULE drawing.o
	LIBRARY C:\Users\chris\Documents\gb-rpg-builder\abcdef\gbdk\lib/small/asxxxx/gb/gb.lib
		MODULE init_tt.o
	LIBRARY C:\Users\chris\Documents\gb-rpg-builder\abcdef\gbdk\lib/small/asxxxx/gb/gb.lib
		MODULE cpy_data.o
USERBASEDEF
	_CODE=0x0200
	_DATA=0xC0A0
	_CODE_1=0x4000
USERGLOBALDEF
	.OAM=0xC000
	.STACK=0xE000
	.refresh_OAM=0xFF80
	.init=0x0000
	_inc_ram=0xD000
	_inc_hiram=0xFFA0
