AREA .  .ABS.
	RADIX HEX
	BASE 0000
	SIZE 0000
	ATTRIB ABS OVR
	GLOBALS
		l__HEAP	0000
		l__BSEG	0000
		l_.  .ABS.	0000
		l__GSFINAL	0000
		l__ISEG	0000
		s_.  .ABS.	0000
		s__HEADER	0000
		l__XSEG	0000
		.init	0000
		l__OVERLAY	0000
		l__LIT	0000
		l__GSINIT	0000
		s__SFR	0000
		l__GSINITTAIL	0001
		l__DATA	00A2
		l__BSS	00BF
		l__HOME	01E1
		l__HEADER	01EB
		s__CODE	0200
		l__CODE	0959
		s__HOME	0B59
		s__BASE	0D3A
		l__BASE	0E82
		s__GSINITTAIL	1BBC
		s__LIT	1BBC
		s__GSINIT	1BBC
		s__GSFINAL	1BBD
		.OAM	C000
		s__DATA	C0A0
		s__BSS	C142
		s__HEAP	C201
		s__BSEG	C201
		s__ISEG	C201
		s__XSEG	C201
		s__OVERLAY	C201
		.STACK	E000
		.refresh_OAM	FF80
		l__SFR	10000
AREA _CODE
	RADIX HEX
	BASE 0200
	SIZE 0959
	ATTRIB REL CON
	GLOBALS
		_main	0200
		_rand	0364
		_randw	0364
		_arand	038F
		_initarand	03BB
		.adv_gcurs	03E8
		.circle	0405
		.horlin	04A8
		.verlin	04E0
		.circplot	053C
		.box	05BA
		.line	0690
		.xonly	07B1
		.yonly	0900
		.plot	0921
		.wrbyte	093E
		.getpix	09C0
		.wrtchr	09F5
		_gotogxy	0A59
		_wrtchr	0A64
		_getpix	0A79
		_color	0A85
		_circle	0A94
		_box	0AAE
		_line	0AD2
		_plot_point	0AEA
		_plot	0AFE
		_putchar	0B1A
		_setchar	0B23
		_gotoxy	0B2C
		_posx	0B37
		_posy	0B48
AREA _HEADER
	RADIX HEX
	BASE 0000
	SIZE 01EB
	ATTRIB ABS OVR
	GLOBALS
		_exit	01D2
AREA _HOME
	RADIX HEX
	BASE 0B59
	SIZE 01E1
	ATTRIB REL CON
	GLOBALS
		.set_mode	0B59
		.remove_VBL	0B69
		.remove_LCD	0B6F
		.remove_TIM	0B75
		.remove_SIO	0B7B
		.remove_JOY	0B81
		.add_VBL	0B87
		.add_LCD	0B8D
		.add_TIM	0B93
		.add_SIO	0B99
		.add_JOY	0B9F
		.remove_int	0BA5
		.add_int	0BC5
		.wait_vbl_done	0BE1
		_wait_vbl_done	0BE1
		_display_off	0BF8
		.display_off	0BF8
		.serial_IO	0C19
		_mode	0C48
		_get_mode	0C51
		_enable_interrupts	0C56
		_disable_interrupts	0C58
		_reset	0C5A
		.reset	0C5A
		_set_interrupts	0C60
		_remove_VBL	0C6B
		_remove_LCD	0C76
		_remove_TIM	0C81
		_remove_SIO	0C8C
		_remove_JOY	0C97
		_add_VBL	0CA2
		_add_LCD	0CAD
		_add_TIM	0CB8
		_add_SIO	0CC3
		_add_JOY	0CCE
		_clock	0CD9
		__printTStates	0CE2
		banked_call	0CE3
		banked_ret	0CFC
		_puts	0D05
AREA _BASE
	RADIX HEX
	BASE 0D3A
	SIZE 0E82
	ATTRIB REL CON
	GLOBALS
		_initrand	0D3A
		.initrand	0D3C
		.padup	0D45
		_waitpadup	0D45
		.jpad	0D55
		.wait_pad	0D82
		_joypad	0D89
		_waitpad	0D8E
		.gmode	0D98
		.vbl	0DFA
		.lcd	0E05
		.draw_image	0E12
		.switch_data	0E1C
		_switch_data	0E53
		_draw_image	0E6E
		.y_table	0E81
		.init_vram	0FA1
		.init_wtt	0FAF
		.init_btt	0FBF
		.init_tt	0FCD
		.copy_vram	0FD3
		_get_data	0FE2
		_set_data	0FE2
		font_copy_uncompressed	0FF5
		font_copy_compressed	102B
		font_load	1080
		font_copy_current	10C8
		font_set	1110
		.put_char	111D
		.out_char	1136
		.del_char	113D
		_font_load	1198
		_font_set	11A6
		_font_init	11B5
		_cls	11D7
		.cls	11D7
		.cr_curs	1209
		.adv_curs	121E
		.tmode	127A
		.tmode_out	12A3
		_font_load_ibm_fixed	12B3
		_font_ibm_fixed	12BA
		_font_ibm_fixed_tiles	13BC
AREA _LIT
	RADIX HEX
	BASE 1BBC
	SIZE 0000
	ATTRIB REL CON
AREA _GSINIT
	RADIX HEX
	BASE 1BBC
	SIZE 0000
	ATTRIB REL CON
	GLOBALS
		gsinit	1BBC
AREA _GSINITTAIL
	RADIX HEX
	BASE 1BBC
	SIZE 0001
	ATTRIB REL CON
AREA _GSFINAL
	RADIX HEX
	BASE 1BBD
	SIZE 0000
	ATTRIB REL CON
AREA _DATA
	RADIX HEX
	BASE C0A0
	SIZE 00A2
	ATTRIB REL CON
	GLOBALS
		_accu	C0A0
		_accua	C0F0
		_seed	C140
AREA _BSS
	RADIX HEX
	BASE C142
	SIZE 00BF
	ATTRIB REL CON
	GLOBALS
		__cpu	C142
		.mode	C143
		__io_out	C144
		__io_in	C145
		__io_status	C146
		.vbl_done	C147
		__current_bank	C148
		_sys_time	C149
		.sys_time	C149
		.int_0x40	C14B
		.int_0x48	C15B
		.int_0x50	C16B
		.int_0x58	C17B
		.int_0x60	C18B
		.randhi	C19B
		.randlo	C19C
		.fg_colour	C1D6
		.bg_colour	C1D7
		font_current	C1E9
		font_first_free_tile	C1EC
		font_table	C1ED
		.curx	C1FF
		.cury	C200
AREA _HEAP
	RADIX HEX
	BASE C201
	SIZE 0000
	ATTRIB REL CON
	GLOBALS
		_malloc_heap_start	C201
AREA _OVERLAY
	RADIX HEX
	BASE C201
	SIZE 0000
	ATTRIB REL CON
AREA _ISEG
	RADIX HEX
	BASE C201
	SIZE 0000
	ATTRIB REL CON
AREA _BSEG
	RADIX HEX
	BASE C201
	SIZE 0000
	ATTRIB REL CON
AREA _XSEG
	RADIX HEX
	BASE C201
	SIZE 0000
	ATTRIB REL CON
AREA _SFR
	RADIX HEX
	BASE 0000
	SIZE 10000
	ATTRIB ABS OVR
	GLOBALS
		_P1_REG	FF00
		_SB_REG	FF01
		_SC_REG	FF02
		_DIV_REG	FF04
		_TIMA_REG	FF05
		_TMA_REG	FF06
		_TAC_REG	FF07
		_IF_REG	FF0F
		_NR10_REG	FF10
		_NR11_REG	FF11
		_NR12_REG	FF12
		_NR13_REG	FF13
		_NR14_REG	FF14
		_NR21_REG	FF16
		_NR22_REG	FF17
		_NR23_REG	FF18
		_NR24_REG	FF19
		_NR30_REG	FF1A
		_NR31_REG	FF1B
		_NR32_REG	FF1C
		_NR33_REG	FF1D
		_NR34_REG	FF1E
		_NR41_REG	FF20
		_NR42_REG	FF21
		_NR43_REG	FF22
		_NR44_REG	FF23
		_NR50_REG	FF24
		_NR51_REG	FF25
		_NR52_REG	FF26
		_LCDC_REG	FF40
		_STAT_REG	FF41
		_SCY_REG	FF42
		_SCX_REG	FF43
		_LY_REG	FF44
		_LYC_REG	FF45
		_DMA_REG	FF46
		_BGP_REG	FF47
		_OBP0_REG	FF48
		_OBP1_REG	FF49
		_WY_REG	FF4A
		_WX_REG	FF4B
		_KEY1_REG	FF4D
		_VBK_REG	FF4F
		_HDMA1_REG	FF51
		_HDMA2_REG	FF52
		_HDMA3_REG	FF53
		_HDMA4_REG	FF54
		_HDMA5_REG	FF55
		_RP_REG	FF56
		_BCPS_REG	FF68
		_BCPD_REG	FF69
		_OCPS_REG	FF6A
		_OCPD_REG	FF6B
		_SVBK_REG	FF70
		_IE_REG	FFFF
MODULES
	FILE C:\Users\chris\Documents\gb-rpg-builder\abcdef\gbdk\lib/small/asxxxx/gb/crt0.o
		NAME Runtime
	FILE rand.o
		NAME lcc146520
LIBRARIES
	LIBRARY C:\Users\chris\Documents\gb-rpg-builder\abcdef\gbdk\lib/small/asxxxx/gb/gb.lib
		MODULE sfr.o
	LIBRARY C:\Users\chris\Documents\gb-rpg-builder\abcdef\gbdk\lib/small/asxxxx/gb/gb.lib
		MODULE rand.o
	LIBRARY C:\Users\chris\Documents\gb-rpg-builder\abcdef\gbdk\lib/small/asxxxx/gb/gb.lib
		MODULE pad.o
	LIBRARY C:\Users\chris\Documents\gb-rpg-builder\abcdef\gbdk\lib/small/asxxxx/gb/gb.lib
		MODULE arand.o
	LIBRARY C:\Users\chris\Documents\gb-rpg-builder\abcdef\gbdk\lib/small/asxxxx/gb/gb.lib
		MODULE drawing.o
	LIBRARY C:\Users\chris\Documents\gb-rpg-builder\abcdef\gbdk\lib/small/asxxxx/gbz80/gbz80.lib
		MODULE puts.o
	LIBRARY C:\Users\chris\Documents\gb-rpg-builder\abcdef\gbdk\lib/small/asxxxx/gb/gb.lib
		MODULE init_tt.o
	LIBRARY C:\Users\chris\Documents\gb-rpg-builder\abcdef\gbdk\lib/small/asxxxx/gb/gb.lib
		MODULE cpy_data.o
	LIBRARY C:\Users\chris\Documents\gb-rpg-builder\abcdef\gbdk\lib/small/asxxxx/gb/gb.lib
		MODULE font.o
	LIBRARY C:\Users\chris\Documents\gb-rpg-builder\abcdef\gbdk\lib/small/asxxxx/gb/gb.lib
		MODULE ibmfixed.o
USERBASEDEF
	_CODE=0x0200
	_DATA=0xC0A0
	_CODE_1=0x4000
USERGLOBALDEF
	.OAM=0xC000
	.STACK=0xE000
	.refresh_OAM=0xFF80
	.init=0x0000
