AREA .  .ABS.
	RADIX HEX
	BASE 0000
	SIZE 0000
	ATTRIB ABS OVR
	GLOBALS
		l__HEAP	0000
		l__BSEG	0000
		l_.  .ABS.	0000
		l__GSFINAL	0000
		l__ISEG	0000
		s_.  .ABS.	0000
		s__HEADER	0000
		l__XSEG	0000
		.init	0000
		l__OVERLAY	0000
		l__LIT	0000
		l__GSINIT	0000
		l__GSINITTAIL	0001
		l__DATA	007C
		l__BSS	008E
		l__HEADER	01EF
		s__CODE	0200
		l__HOME	04E4
		l__CODE	0D0C
		s__HOME	0F0C
		l__BASE	11EE
		s__BASE	13F0
		s__GSINITTAIL	25DE
		s__LIT	25DE
		s__GSINIT	25DE
		s__GSFINAL	25DF
		.OAM	C000
		s__DATA	C0A0
		s__BSS	C11C
		s__HEAP	C1AA
		s__BSEG	C1AA
		s__ISEG	C1AA
		s__XSEG	C1AA
		s__OVERLAY	C1AA
		.STACK	E000
		.refresh_OAM	FF80
AREA _CODE
	RADIX HEX
	BASE 0200
	SIZE 0D0C
	ATTRIB REL CON
	GLOBALS
		_push	0200
		_pop	0239
		_top	0275
		_read_op	02B4
		_main	03D6
		_isdigit	0506
		_getchar	0773
		_gets	0784
		_putchar	079B
		_setchar	07A4
		_gotoxy	07AD
		_posx	07B8
		_posy	07C9
		.adv_gcurs	07DA
		.circle	07F7
		.horlin	089A
		.verlin	08D2
		.circplot	092E
		.box	09AC
		.line	0A82
		.xonly	0BA3
		.yonly	0CF2
		.plot	0D13
		.wrbyte	0D30
		.getpix	0DB2
		.wrtchr	0DE7
		_gotogxy	0E4B
		_wrtchr	0E56
		_getpix	0E6B
		_color	0E77
		_circle	0E86
		_box	0EA0
		_line	0EC4
		_plot_point	0EDC
		_plot	0EF0
AREA _HEADER
	RADIX HEX
	BASE 0000
	SIZE 01EF
	ATTRIB ABS OVR
	GLOBALS
		_exit	01D2
AREA _HOME
	RADIX HEX
	BASE 0F0C
	SIZE 04E4
	ATTRIB REL CON
	GLOBALS
		.set_mode	0F0C
		.remove_VBL	0F1C
		.remove_LCD	0F22
		.remove_TIM	0F28
		.remove_SIO	0F2E
		.remove_JOY	0F34
		.add_VBL	0F3A
		.add_LCD	0F40
		.add_TIM	0F46
		.add_SIO	0F4C
		.add_JOY	0F52
		.remove_int	0F58
		.add_int	0F78
		.wait_vbl_done	0F94
		_wait_vbl_done	0F94
		_display_off	0FAB
		.display_off	0FAB
		.serial_IO	0FCC
		_mode	0FFB
		_get_mode	1004
		_enable_interrupts	1009
		_disable_interrupts	100B
		_reset	100D
		.reset	100D
		_set_interrupts	1013
		_remove_VBL	101E
		_remove_LCD	1029
		_remove_TIM	1034
		_remove_SIO	103F
		_remove_JOY	104A
		_add_VBL	1055
		_add_LCD	1060
		_add_TIM	106B
		_add_SIO	1076
		_add_JOY	1081
		_clock	108C
		__printTStates	1095
		banked_call	1096
		banked_ret	10AF
		_puts	10B8
		_printf	10ED
		_sprintf	111C
AREA _BASE
	RADIX HEX
	BASE 13F0
	SIZE 11EE
	ATTRIB REL CON
	GLOBALS
		__mulschar	13F0
		__muluchar	13F0
		__mulsint	13FC
		__muluint	13FC
		.mulu16	1410
		.mul16	1410
		.tmode_inout	1426
		font_copy_uncompressed	15C4
		font_copy_compressed	15FA
		font_load	164F
		font_copy_current	1697
		font_set	16DF
		.put_char	16EC
		.out_char	1705
		.del_char	170C
		_font_load	1767
		_font_set	1775
		_font_init	1784
		_cls	17A6
		.cls	17A6
		.cr_curs	17D8
		.adv_curs	17ED
		.tmode	1849
		.tmode_out	1872
		.gmode	1882
		.vbl	18E4
		.lcd	18EF
		.draw_image	18FC
		.switch_data	1906
		_switch_data	193D
		_draw_image	1958
		.y_table	196B
		.init_vram	1A8B
		.init_wtt	1A99
		.init_btt	1AA9
		.init_tt	1AB7
		.set_sprite_tile	1ABD
		_set_sprite_tile	1ACA
		__modslong	1AD5
		__divslong	1AD5
		__mulslong	1AD5
		__divschar	1AD6
		__modschar	1AE2
		__divsint	1AED
		__modsint	1AFE
		__divuchar	1B0D
		__moduchar	1B19
		__divuint	1B24
		__moduint	1B35
		.mod8	1B44
		.div8	1B44
		.mod16	1B4C
		.div16	1B4C
		.modu8	1B82
		.divu8	1B82
		.modu16	1B85
		.divu16	1B85
		.copy_vram	1BC2
		_get_data	1BD1
		_set_data	1BD1
		.mv_sprite	1BE4
		_move_sprite	1BF3
		.set_xy_wtt	1C00
		.set_xy_btt	1C11
		.set_xy_tt	1C20
		_set_tiles	1C51
		.padup	1C6A
		_waitpadup	1C6A
		.jpad	1C7A
		.wait_pad	1CA7
		_joypad	1CAE
		_waitpad	1CB3
		.set_sprite_prop	1CBD
		_set_sprite_prop	1CCA
		_font_load_ibm_fixed	1CD5
		_font_ibm_fixed	1CDC
		_font_ibm_fixed_tiles	1DDE
AREA _LIT
	RADIX HEX
	BASE 25DE
	SIZE 0000
	ATTRIB REL CON
AREA _GSINIT
	RADIX HEX
	BASE 25DE
	SIZE 0000
	ATTRIB REL CON
	GLOBALS
		gsinit	25DE
AREA _GSINITTAIL
	RADIX HEX
	BASE 25DE
	SIZE 0001
	ATTRIB REL CON
AREA _GSFINAL
	RADIX HEX
	BASE 25DF
	SIZE 0000
	ATTRIB REL CON
AREA _DATA
	RADIX HEX
	BASE C0A0
	SIZE 007C
	ATTRIB REL CON
	GLOBALS
		_sp	C0A0
		_stack	C0A1
		_s	C0F1
		_pos	C119
		_n	C11A
AREA _BSS
	RADIX HEX
	BASE C11C
	SIZE 008E
	ATTRIB REL CON
	GLOBALS
		__cpu	C11C
		.mode	C11D
		__io_out	C11E
		__io_in	C11F
		__io_status	C120
		.vbl_done	C121
		__current_bank	C122
		_sys_time	C123
		.sys_time	C123
		.int_0x40	C125
		.int_0x48	C135
		.int_0x50	C145
		.int_0x58	C155
		.int_0x60	C165
		font_current	C17C
		font_first_free_tile	C17F
		font_table	C180
		.curx	C192
		.cury	C193
		.fg_colour	C194
		.bg_colour	C195
AREA _HEAP
	RADIX HEX
	BASE C1AA
	SIZE 0000
	ATTRIB REL CON
	GLOBALS
		_malloc_heap_start	C1AA
AREA _OVERLAY
	RADIX HEX
	BASE C1AA
	SIZE 0000
	ATTRIB REL CON
AREA _ISEG
	RADIX HEX
	BASE C1AA
	SIZE 0000
	ATTRIB REL CON
AREA _BSEG
	RADIX HEX
	BASE C1AA
	SIZE 0000
	ATTRIB REL CON
AREA _XSEG
	RADIX HEX
	BASE C1AA
	SIZE 0000
	ATTRIB REL CON
MODULES
	FILE C:\Users\chris\Documents\gb-rpg-builder\abcdef\gbdk\lib/small/asxxxx/gb/crt0.o
		NAME Runtime
	FILE rpn.o
		NAME lcc165200
LIBRARIES
	LIBRARY C:\Users\chris\Documents\gb-rpg-builder\abcdef\gbdk\lib/small/asxxxx/gbz80/gbz80.lib
		MODULE mul.o
	LIBRARY C:\Users\chris\Documents\gb-rpg-builder\abcdef\gbdk\lib/small/asxxxx/gbz80/gbz80.lib
		MODULE isdigit.o
	LIBRARY C:\Users\chris\Documents\gb-rpg-builder\abcdef\gbdk\lib/small/asxxxx/gb/gb.lib
		MODULE input.o
	LIBRARY C:\Users\chris\Documents\gb-rpg-builder\abcdef\gbdk\lib/small/asxxxx/gb/gb.lib
		MODULE font.o
	LIBRARY C:\Users\chris\Documents\gb-rpg-builder\abcdef\gbdk\lib/small/asxxxx/gb/gb.lib
		MODULE drawing.o
	LIBRARY C:\Users\chris\Documents\gb-rpg-builder\abcdef\gbdk\lib/small/asxxxx/gbz80/gbz80.lib
		MODULE puts.o
	LIBRARY C:\Users\chris\Documents\gb-rpg-builder\abcdef\gbdk\lib/small/asxxxx/gbz80/gbz80.lib
		MODULE printf.o
	LIBRARY C:\Users\chris\Documents\gb-rpg-builder\abcdef\gbdk\lib/small/asxxxx/gb/gb.lib
		MODULE init_tt.o
	LIBRARY C:\Users\chris\Documents\gb-rpg-builder\abcdef\gbdk\lib/small/asxxxx/gb/gb.lib
		MODULE set_spr.o
	LIBRARY C:\Users\chris\Documents\gb-rpg-builder\abcdef\gbdk\lib/small/asxxxx/gbz80/gbz80.lib
		MODULE div.o
	LIBRARY C:\Users\chris\Documents\gb-rpg-builder\abcdef\gbdk\lib/small/asxxxx/gb/gb.lib
		MODULE cpy_data.o
	LIBRARY C:\Users\chris\Documents\gb-rpg-builder\abcdef\gbdk\lib/small/asxxxx/gb/gb.lib
		MODULE mv_spr.o
	LIBRARY C:\Users\chris\Documents\gb-rpg-builder\abcdef\gbdk\lib/small/asxxxx/gb/gb.lib
		MODULE set_xy_t.o
	LIBRARY C:\Users\chris\Documents\gb-rpg-builder\abcdef\gbdk\lib/small/asxxxx/gb/gb.lib
		MODULE pad.o
	LIBRARY C:\Users\chris\Documents\gb-rpg-builder\abcdef\gbdk\lib/small/asxxxx/gb/gb.lib
		MODULE set_prop.o
	LIBRARY C:\Users\chris\Documents\gb-rpg-builder\abcdef\gbdk\lib/small/asxxxx/gb/gb.lib
		MODULE ibmfixed.o
USERBASEDEF
	_CODE=0x0200
	_DATA=0xC0A0
	_CODE_1=0x4000
USERGLOBALDEF
	.OAM=0xC000
	.STACK=0xE000
	.refresh_OAM=0xFF80
	.init=0x0000
