                              1 ;--------------------------------------------------------
                              2 ; File Created by SDCC : FreeWare ANSI-C Compiler
                              3 ; Version 2.2.1 Fri Mar 08 21:06:44 2019
                              4 
                              5 ;--------------------------------------------------------
                              6 	.module lcc78560
                              7 	
                              8 ;--------------------------------------------------------
                              9 ; Public variables in this module
                             10 ;--------------------------------------------------------
                             11 ;--------------------------------------------------------
                             12 ; Externals used
                             13 ;--------------------------------------------------------
                             14 	.globl _IE_REG
                             15 	.globl _SVBK_REG
                             16 	.globl _OCPD_REG
                             17 	.globl _OCPS_REG
                             18 	.globl _BCPD_REG
                             19 	.globl _BCPS_REG
                             20 	.globl _RP_REG
                             21 	.globl _HDMA5_REG
                             22 	.globl _HDMA4_REG
                             23 	.globl _HDMA3_REG
                             24 	.globl _HDMA2_REG
                             25 	.globl _HDMA1_REG
                             26 	.globl _VBK_REG
                             27 	.globl _KEY1_REG
                             28 	.globl _WX_REG
                             29 	.globl _WY_REG
                             30 	.globl _OBP1_REG
                             31 	.globl _OBP0_REG
                             32 	.globl _BGP_REG
                             33 	.globl _DMA_REG
                             34 	.globl _LYC_REG
                             35 	.globl _LY_REG
                             36 	.globl _SCX_REG
                             37 	.globl _SCY_REG
                             38 	.globl _STAT_REG
                             39 	.globl _LCDC_REG
                             40 	.globl _NR52_REG
                             41 	.globl _NR51_REG
                             42 	.globl _NR50_REG
                             43 	.globl _NR44_REG
                             44 	.globl _NR43_REG
                             45 	.globl _NR42_REG
                             46 	.globl _NR41_REG
                             47 	.globl _NR34_REG
                             48 	.globl _NR33_REG
                             49 	.globl _NR32_REG
                             50 	.globl _NR31_REG
                             51 	.globl _NR30_REG
                             52 	.globl _NR24_REG
                             53 	.globl _NR23_REG
                             54 	.globl _NR22_REG
                             55 	.globl _NR21_REG
                             56 	.globl _NR14_REG
                             57 	.globl _NR13_REG
                             58 	.globl _NR12_REG
                             59 	.globl _NR11_REG
                             60 	.globl _NR10_REG
                             61 	.globl _IF_REG
                             62 	.globl _TAC_REG
                             63 	.globl _TMA_REG
                             64 	.globl _TIMA_REG
                             65 	.globl _DIV_REG
                             66 	.globl _SC_REG
                             67 	.globl _SB_REG
                             68 	.globl _P1_REG
                             69 	.globl __io_out
                             70 	.globl __io_in
                             71 	.globl __io_status
                             72 	.globl _sys_time
                             73 	.globl __cpu
                             74 ;--------------------------------------------------------
                             75 ; special function registers
                             76 ;--------------------------------------------------------
                             77 ;--------------------------------------------------------
                             78 ; special function bits 
                             79 ;--------------------------------------------------------
                             80 ;--------------------------------------------------------
                             81 ; internal ram data
                             82 ;--------------------------------------------------------
                             83 	.area _DATA_0
   0000                      84 _var_0::
   0000                      85 	.ds 2
                             86 ;--------------------------------------------------------
                             87 ; overlayable items in internal ram 
                             88 ;--------------------------------------------------------
                             89 	.area _OVERLAY
                             90 ;--------------------------------------------------------
                             91 ; indirectly addressable internal ram data
                             92 ;--------------------------------------------------------
                             93 	.area _ISEG
                             94 ;--------------------------------------------------------
                             95 ; bit data
                             96 ;--------------------------------------------------------
                             97 	.area _BSEG
                             98 ;--------------------------------------------------------
                             99 ; external ram data
                            100 ;--------------------------------------------------------
                            101 	.area _XSEG
                            102 ;--------------------------------------------------------
                            103 ; global & static initialisations
                            104 ;--------------------------------------------------------
                            105 	.area _GSINIT
                            106 	.area _GSFINAL
                            107 	.area _GSINIT
                            108 ;--------------------------------------------------------
                            109 ; Home
                            110 ;--------------------------------------------------------
                            111 	.area _HOME
                            112 	.area _CODE
                            113 ;--------------------------------------------------------
                            114 ; code
                            115 ;--------------------------------------------------------
                            116 	.area _CODE
                            117 	.area _CODE
ASxxxx Assembler V01.75  (GameBoy Z80-like CPU), page 1.

Symbol Table

    _BCPD_REG                          **** GX
    _BCPS_REG                          **** GX
    _BGP_REG                           **** GX
    _DIV_REG                           **** GX
    _DMA_REG                           **** GX
    _HDMA1_REG                         **** GX
    _HDMA2_REG                         **** GX
    _HDMA3_REG                         **** GX
    _HDMA4_REG                         **** GX
    _HDMA5_REG                         **** GX
    _IE_REG                            **** GX
    _IF_REG                            **** GX
    _KEY1_REG                          **** GX
    _LCDC_REG                          **** GX
    _LYC_REG                           **** GX
    _LY_REG                            **** GX
    _NR10_REG                          **** GX
    _NR11_REG                          **** GX
    _NR12_REG                          **** GX
    _NR13_REG                          **** GX
    _NR14_REG                          **** GX
    _NR21_REG                          **** GX
    _NR22_REG                          **** GX
    _NR23_REG                          **** GX
    _NR24_REG                          **** GX
    _NR30_REG                          **** GX
    _NR31_REG                          **** GX
    _NR32_REG                          **** GX
    _NR33_REG                          **** GX
    _NR34_REG                          **** GX
    _NR41_REG                          **** GX
    _NR42_REG                          **** GX
    _NR43_REG                          **** GX
    _NR44_REG                          **** GX
    _NR50_REG                          **** GX
    _NR51_REG                          **** GX
    _NR52_REG                          **** GX
    _OBP0_REG                          **** GX
    _OBP1_REG                          **** GX
    _OCPD_REG                          **** GX
    _OCPS_REG                          **** GX
    _P1_REG                            **** GX
    _RP_REG                            **** GX
    _SB_REG                            **** GX
    _SCX_REG                           **** GX
    _SCY_REG                           **** GX
    _SC_REG                            **** GX
    _STAT_REG                          **** GX
    _SVBK_REG                          **** GX
    _TAC_REG                           **** GX
    _TIMA_REG                          **** GX
    _TMA_REG                           **** GX
    _VBK_REG                           **** GX
    _WX_REG                            **** GX
    _WY_REG                            **** GX
    __cpu                              **** GX
    __io_in                            **** GX
    __io_out                           **** GX
    __io_status                        **** GX
    _sys_time                          **** GX
  1 _var_0                             0000 GR

ASxxxx Assembler V01.75  (GameBoy Z80-like CPU), page 2.

Area Table

   0 _CODE                              size    0   flags 0
   1 _DATA_0                            size    2   flags 0
   2 _OVERLAY                           size    0   flags 0
   3 _ISEG                              size    0   flags 0
   4 _BSEG                              size    0   flags 0
   5 _XSEG                              size    0   flags 0
   6 _GSINIT                            size    0   flags 0
   7 _GSFINAL                           size    0   flags 0
   8 _HOME                              size    0   flags 0
